[9.678s] Invoking command in '/home/ubuntuhost/example_ws/src/turtlebot_goal_receiver': PYTHONPATH=/home/ubuntuhost/example_ws/build/turtlebot_goal_receiver/prefix_override:/home/ubuntuhost/example_ws/install/turtlebot_goal_receiver/lib/python3.8/site-packages:${PYTHONPATH} /usr/bin/python3 -W ignore:setup.py install is deprecated setup.py egg_info --egg-base ../../build/turtlebot_goal_receiver build --build-base /home/ubuntuhost/example_ws/build/turtlebot_goal_receiver/build install --record /home/ubuntuhost/example_ws/build/turtlebot_goal_receiver/install.log --install-scripts $base/lib/turtlebot_goal_receiver --single-version-externally-managed install_data
[10.961s] running egg_info
[10.964s] writing ../../build/turtlebot_goal_receiver/turtlebot_goal_receiver.egg-info/PKG-INFO
[10.966s] writing dependency_links to ../../build/turtlebot_goal_receiver/turtlebot_goal_receiver.egg-info/dependency_links.txt
[10.968s] writing entry points to ../../build/turtlebot_goal_receiver/turtlebot_goal_receiver.egg-info/entry_points.txt
[10.969s] writing requirements to ../../build/turtlebot_goal_receiver/turtlebot_goal_receiver.egg-info/requires.txt
[10.970s] writing top-level names to ../../build/turtlebot_goal_receiver/turtlebot_goal_receiver.egg-info/top_level.txt
[11.149s] reading manifest file '../../build/turtlebot_goal_receiver/turtlebot_goal_receiver.egg-info/SOURCES.txt'
[11.158s] writing manifest file '../../build/turtlebot_goal_receiver/turtlebot_goal_receiver.egg-info/SOURCES.txt'
[11.158s] running build
[11.159s] running build_py
[11.160s] running install
[11.166s] running install_lib
[11.175s] running install_data
[11.176s] running install_egg_info
[11.184s] removing '/home/ubuntuhost/example_ws/install/turtlebot_goal_receiver/lib/python3.8/site-packages/turtlebot_goal_receiver-0.0.0-py3.8.egg-info' (and everything under it)
[11.187s] Copying ../../build/turtlebot_goal_receiver/turtlebot_goal_receiver.egg-info to /home/ubuntuhost/example_ws/install/turtlebot_goal_receiver/lib/python3.8/site-packages/turtlebot_goal_receiver-0.0.0-py3.8.egg-info
[11.195s] running install_scripts
[11.316s] Installing goal_receiver script to /home/ubuntuhost/example_ws/install/turtlebot_goal_receiver/lib/turtlebot_goal_receiver
[11.335s] writing list of installed files to '/home/ubuntuhost/example_ws/build/turtlebot_goal_receiver/install.log'
[11.611s] Invoked command in '/home/ubuntuhost/example_ws/src/turtlebot_goal_receiver' returned '0': PYTHONPATH=/home/ubuntuhost/example_ws/build/turtlebot_goal_receiver/prefix_override:/home/ubuntuhost/example_ws/install/turtlebot_goal_receiver/lib/python3.8/site-packages:${PYTHONPATH} /usr/bin/python3 -W ignore:setup.py install is deprecated setup.py egg_info --egg-base ../../build/turtlebot_goal_receiver build --build-base /home/ubuntuhost/example_ws/build/turtlebot_goal_receiver/build install --record /home/ubuntuhost/example_ws/build/turtlebot_goal_receiver/install.log --install-scripts $base/lib/turtlebot_goal_receiver --single-version-externally-managed install_data
