[1.129s] DEBUG:colcon:Command line arguments: ['/usr/bin/colcon', 'build']
[1.129s] DEBUG:colcon:Parsed command line arguments: Namespace(allow_overriding=[], ament_cmake_args=None, base_paths=['.'], build_base='build', catkin_cmake_args=None, catkin_skip_building_tests=False, cmake_args=None, cmake_clean_cache=False, cmake_clean_first=False, cmake_force_configure=False, cmake_target=None, cmake_target_skip_unavailable=False, continue_on_error=False, event_handlers=None, executor='parallel', ignore_user_meta=False, install_base='install', log_base=None, log_level=None, main=<bound method BuildVerb.main of <colcon_core.verb.build.BuildVerb object at 0x7fb5f5fcf550>>, merge_install=False, metas=['./colcon.meta'], mixin=None, mixin_files=None, mixin_verb=('build',), packages_above=None, packages_above_and_dependencies=None, packages_above_depth=None, packages_end=None, packages_ignore=None, packages_ignore_regex=None, packages_select=None, packages_select_build_failed=False, packages_select_by_dep=None, packages_select_regex=None, packages_select_test_failures=False, packages_skip=None, packages_skip_build_finished=False, packages_skip_by_dep=None, packages_skip_regex=None, packages_skip_test_passed=False, packages_skip_up_to=None, packages_start=None, packages_up_to=None, packages_up_to_regex=None, parallel_workers=12, paths=None, symlink_install=False, test_result_base=None, verb_extension=<colcon_core.verb.build.BuildVerb object at 0x7fb5f5fcf550>, verb_name='build', verb_parser=<colcon_mixin.mixin.mixin_argument.MixinArgumentDecorator object at 0x7fb5f5fcfb80>)
[2.059s] Level 1:colcon.colcon_core.package_discovery:discover_packages(colcon_meta) check parameters
[2.060s] Level 1:colcon.colcon_core.package_discovery:discover_packages(recursive) check parameters
[2.060s] Level 1:colcon.colcon_core.package_discovery:discover_packages(ignore) check parameters
[2.060s] Level 1:colcon.colcon_core.package_discovery:discover_packages(path) check parameters
[2.060s] Level 1:colcon.colcon_core.package_discovery:discover_packages(colcon_meta) discover
[2.061s] Level 1:colcon.colcon_core.package_discovery:discover_packages(recursive) discover
[2.061s] INFO:colcon.colcon_core.package_discovery:Crawling recursively for packages in '/home/ubuntuhost/example_ws'
[2.062s] Level 1:colcon.colcon_core.package_identification:_identify(.) by extensions ['ignore', 'ignore_ament_install']
[2.062s] Level 1:colcon.colcon_core.package_identification:_identify(.) by extension 'ignore'
[2.062s] Level 1:colcon.colcon_core.package_identification:_identify(.) by extension 'ignore_ament_install'
[2.063s] Level 1:colcon.colcon_core.package_identification:_identify(.) by extensions ['colcon_pkg']
[2.063s] Level 1:colcon.colcon_core.package_identification:_identify(.) by extension 'colcon_pkg'
[2.063s] Level 1:colcon.colcon_core.package_identification:_identify(.) by extensions ['colcon_meta']
[2.063s] Level 1:colcon.colcon_core.package_identification:_identify(.) by extension 'colcon_meta'
[2.064s] Level 1:colcon.colcon_core.package_identification:_identify(.) by extensions ['ros']
[2.064s] Level 1:colcon.colcon_core.package_identification:_identify(.) by extension 'ros'
[2.129s] Level 1:colcon.colcon_core.package_identification:_identify(.) by extensions ['cmake', 'python']
[2.130s] Level 1:colcon.colcon_core.package_identification:_identify(.) by extension 'cmake'
[2.131s] Level 1:colcon.colcon_core.package_identification:_identify(.) by extension 'python'
[2.131s] Level 1:colcon.colcon_core.package_identification:_identify(.) by extensions ['python_setup_py']
[2.131s] Level 1:colcon.colcon_core.package_identification:_identify(.) by extension 'python_setup_py'
[2.132s] Level 1:colcon.colcon_core.package_identification:_identify(build) by extensions ['ignore', 'ignore_ament_install']
[2.132s] Level 1:colcon.colcon_core.package_identification:_identify(build) by extension 'ignore'
[2.133s] Level 1:colcon.colcon_core.package_identification:_identify(build) ignored
[2.133s] Level 1:colcon.colcon_core.package_identification:_identify(install) by extensions ['ignore', 'ignore_ament_install']
[2.134s] Level 1:colcon.colcon_core.package_identification:_identify(install) by extension 'ignore'
[2.134s] Level 1:colcon.colcon_core.package_identification:_identify(install) ignored
[2.135s] Level 1:colcon.colcon_core.package_identification:_identify(log) by extensions ['ignore', 'ignore_ament_install']
[2.135s] Level 1:colcon.colcon_core.package_identification:_identify(log) by extension 'ignore'
[2.136s] Level 1:colcon.colcon_core.package_identification:_identify(log) ignored
[2.136s] Level 1:colcon.colcon_core.package_identification:_identify(src) by extensions ['ignore', 'ignore_ament_install']
[2.137s] Level 1:colcon.colcon_core.package_identification:_identify(src) by extension 'ignore'
[2.137s] Level 1:colcon.colcon_core.package_identification:_identify(src) by extension 'ignore_ament_install'
[2.138s] Level 1:colcon.colcon_core.package_identification:_identify(src) by extensions ['colcon_pkg']
[2.139s] Level 1:colcon.colcon_core.package_identification:_identify(src) by extension 'colcon_pkg'
[2.139s] Level 1:colcon.colcon_core.package_identification:_identify(src) by extensions ['colcon_meta']
[2.140s] Level 1:colcon.colcon_core.package_identification:_identify(src) by extension 'colcon_meta'
[2.140s] Level 1:colcon.colcon_core.package_identification:_identify(src) by extensions ['ros']
[2.140s] Level 1:colcon.colcon_core.package_identification:_identify(src) by extension 'ros'
[2.141s] Level 1:colcon.colcon_core.package_identification:_identify(src) by extensions ['cmake', 'python']
[2.141s] Level 1:colcon.colcon_core.package_identification:_identify(src) by extension 'cmake'
[2.142s] Level 1:colcon.colcon_core.package_identification:_identify(src) by extension 'python'
[2.142s] Level 1:colcon.colcon_core.package_identification:_identify(src) by extensions ['python_setup_py']
[2.142s] Level 1:colcon.colcon_core.package_identification:_identify(src) by extension 'python_setup_py'
[2.143s] Level 1:colcon.colcon_core.package_identification:_identify(src/ROS-TCP-Endpoint) by extensions ['ignore', 'ignore_ament_install']
[2.144s] Level 1:colcon.colcon_core.package_identification:_identify(src/ROS-TCP-Endpoint) by extension 'ignore'
[2.144s] Level 1:colcon.colcon_core.package_identification:_identify(src/ROS-TCP-Endpoint) by extension 'ignore_ament_install'
[2.145s] Level 1:colcon.colcon_core.package_identification:_identify(src/ROS-TCP-Endpoint) by extensions ['colcon_pkg']
[2.145s] Level 1:colcon.colcon_core.package_identification:_identify(src/ROS-TCP-Endpoint) by extension 'colcon_pkg'
[2.146s] Level 1:colcon.colcon_core.package_identification:_identify(src/ROS-TCP-Endpoint) by extensions ['colcon_meta']
[2.146s] Level 1:colcon.colcon_core.package_identification:_identify(src/ROS-TCP-Endpoint) by extension 'colcon_meta'
[2.146s] Level 1:colcon.colcon_core.package_identification:_identify(src/ROS-TCP-Endpoint) by extensions ['ros']
[2.147s] Level 1:colcon.colcon_core.package_identification:_identify(src/ROS-TCP-Endpoint) by extension 'ros'
[2.158s] DEBUG:colcon.colcon_core.package_identification:Package 'src/ROS-TCP-Endpoint' with type 'ros.ament_python' and name 'ros_tcp_endpoint'
[2.158s] Level 1:colcon.colcon_core.package_identification:_identify(src/build) by extensions ['ignore', 'ignore_ament_install']
[2.159s] Level 1:colcon.colcon_core.package_identification:_identify(src/build) by extension 'ignore'
[2.159s] Level 1:colcon.colcon_core.package_identification:_identify(src/build) ignored
[2.160s] Level 1:colcon.colcon_core.package_identification:_identify(src/install) by extensions ['ignore', 'ignore_ament_install']
[2.161s] Level 1:colcon.colcon_core.package_identification:_identify(src/install) by extension 'ignore'
[2.161s] Level 1:colcon.colcon_core.package_identification:_identify(src/install) ignored
[2.162s] Level 1:colcon.colcon_core.package_identification:_identify(src/log) by extensions ['ignore', 'ignore_ament_install']
[2.162s] Level 1:colcon.colcon_core.package_identification:_identify(src/log) by extension 'ignore'
[2.164s] Level 1:colcon.colcon_core.package_identification:_identify(src/log) ignored
[2.164s] Level 1:colcon.colcon_core.package_identification:_identify(src/my_custom_world) by extensions ['ignore', 'ignore_ament_install']
[2.165s] Level 1:colcon.colcon_core.package_identification:_identify(src/my_custom_world) by extension 'ignore'
[2.167s] Level 1:colcon.colcon_core.package_identification:_identify(src/my_custom_world) by extension 'ignore_ament_install'
[2.167s] Level 1:colcon.colcon_core.package_identification:_identify(src/my_custom_world) by extensions ['colcon_pkg']
[2.167s] Level 1:colcon.colcon_core.package_identification:_identify(src/my_custom_world) by extension 'colcon_pkg'
[2.168s] Level 1:colcon.colcon_core.package_identification:_identify(src/my_custom_world) by extensions ['colcon_meta']
[2.168s] Level 1:colcon.colcon_core.package_identification:_identify(src/my_custom_world) by extension 'colcon_meta'
[2.168s] Level 1:colcon.colcon_core.package_identification:_identify(src/my_custom_world) by extensions ['ros']
[2.168s] Level 1:colcon.colcon_core.package_identification:_identify(src/my_custom_world) by extension 'ros'
[2.169s] Level 1:colcon.colcon_core.package_identification:_identify(src/my_custom_world) by extensions ['cmake', 'python']
[2.169s] Level 1:colcon.colcon_core.package_identification:_identify(src/my_custom_world) by extension 'cmake'
[2.169s] Level 1:colcon.colcon_core.package_identification:_identify(src/my_custom_world) by extension 'python'
[2.170s] Level 1:colcon.colcon_core.package_identification:_identify(src/my_custom_world) by extensions ['python_setup_py']
[2.170s] Level 1:colcon.colcon_core.package_identification:_identify(src/my_custom_world) by extension 'python_setup_py'
[2.171s] Level 1:colcon.colcon_core.package_identification:_identify(src/my_custom_world/models) by extensions ['ignore', 'ignore_ament_install']
[2.171s] Level 1:colcon.colcon_core.package_identification:_identify(src/my_custom_world/models) by extension 'ignore'
[2.172s] Level 1:colcon.colcon_core.package_identification:_identify(src/my_custom_world/models) by extension 'ignore_ament_install'
[2.172s] Level 1:colcon.colcon_core.package_identification:_identify(src/my_custom_world/models) by extensions ['colcon_pkg']
[2.172s] Level 1:colcon.colcon_core.package_identification:_identify(src/my_custom_world/models) by extension 'colcon_pkg'
[2.173s] Level 1:colcon.colcon_core.package_identification:_identify(src/my_custom_world/models) by extensions ['colcon_meta']
[2.173s] Level 1:colcon.colcon_core.package_identification:_identify(src/my_custom_world/models) by extension 'colcon_meta'
[2.173s] Level 1:colcon.colcon_core.package_identification:_identify(src/my_custom_world/models) by extensions ['ros']
[2.173s] Level 1:colcon.colcon_core.package_identification:_identify(src/my_custom_world/models) by extension 'ros'
[2.174s] Level 1:colcon.colcon_core.package_identification:_identify(src/my_custom_world/models) by extensions ['cmake', 'python']
[2.174s] Level 1:colcon.colcon_core.package_identification:_identify(src/my_custom_world/models) by extension 'cmake'
[2.174s] Level 1:colcon.colcon_core.package_identification:_identify(src/my_custom_world/models) by extension 'python'
[2.174s] Level 1:colcon.colcon_core.package_identification:_identify(src/my_custom_world/models) by extensions ['python_setup_py']
[2.175s] Level 1:colcon.colcon_core.package_identification:_identify(src/my_custom_world/models) by extension 'python_setup_py'
[2.175s] Level 1:colcon.colcon_core.package_identification:_identify(src/my_custom_world/worlds) by extensions ['ignore', 'ignore_ament_install']
[2.176s] Level 1:colcon.colcon_core.package_identification:_identify(src/my_custom_world/worlds) by extension 'ignore'
[2.177s] Level 1:colcon.colcon_core.package_identification:_identify(src/my_custom_world/worlds) by extension 'ignore_ament_install'
[2.177s] Level 1:colcon.colcon_core.package_identification:_identify(src/my_custom_world/worlds) by extensions ['colcon_pkg']
[2.177s] Level 1:colcon.colcon_core.package_identification:_identify(src/my_custom_world/worlds) by extension 'colcon_pkg'
[2.177s] Level 1:colcon.colcon_core.package_identification:_identify(src/my_custom_world/worlds) by extensions ['colcon_meta']
[2.178s] Level 1:colcon.colcon_core.package_identification:_identify(src/my_custom_world/worlds) by extension 'colcon_meta'
[2.178s] Level 1:colcon.colcon_core.package_identification:_identify(src/my_custom_world/worlds) by extensions ['ros']
[2.178s] Level 1:colcon.colcon_core.package_identification:_identify(src/my_custom_world/worlds) by extension 'ros'
[2.179s] Level 1:colcon.colcon_core.package_identification:_identify(src/my_custom_world/worlds) by extensions ['cmake', 'python']
[2.179s] Level 1:colcon.colcon_core.package_identification:_identify(src/my_custom_world/worlds) by extension 'cmake'
[2.179s] Level 1:colcon.colcon_core.package_identification:_identify(src/my_custom_world/worlds) by extension 'python'
[2.180s] Level 1:colcon.colcon_core.package_identification:_identify(src/my_custom_world/worlds) by extensions ['python_setup_py']
[2.180s] Level 1:colcon.colcon_core.package_identification:_identify(src/my_custom_world/worlds) by extension 'python_setup_py'
[2.181s] Level 1:colcon.colcon_core.package_identification:_identify(src/navigator) by extensions ['ignore', 'ignore_ament_install']
[2.181s] Level 1:colcon.colcon_core.package_identification:_identify(src/navigator) by extension 'ignore'
[2.181s] Level 1:colcon.colcon_core.package_identification:_identify(src/navigator) by extension 'ignore_ament_install'
[2.182s] Level 1:colcon.colcon_core.package_identification:_identify(src/navigator) by extensions ['colcon_pkg']
[2.182s] Level 1:colcon.colcon_core.package_identification:_identify(src/navigator) by extension 'colcon_pkg'
[2.182s] Level 1:colcon.colcon_core.package_identification:_identify(src/navigator) by extensions ['colcon_meta']
[2.182s] Level 1:colcon.colcon_core.package_identification:_identify(src/navigator) by extension 'colcon_meta'
[2.183s] Level 1:colcon.colcon_core.package_identification:_identify(src/navigator) by extensions ['ros']
[2.183s] Level 1:colcon.colcon_core.package_identification:_identify(src/navigator) by extension 'ros'
[2.186s] DEBUG:colcon.colcon_core.package_identification:Package 'src/navigator' with type 'ros.ament_python' and name 'navigator'
[2.186s] Level 1:colcon.colcon_core.package_identification:_identify(src/send_goal_pkg) by extensions ['ignore', 'ignore_ament_install']
[2.187s] Level 1:colcon.colcon_core.package_identification:_identify(src/send_goal_pkg) by extension 'ignore'
[2.187s] Level 1:colcon.colcon_core.package_identification:_identify(src/send_goal_pkg) by extension 'ignore_ament_install'
[2.188s] Level 1:colcon.colcon_core.package_identification:_identify(src/send_goal_pkg) by extensions ['colcon_pkg']
[2.188s] Level 1:colcon.colcon_core.package_identification:_identify(src/send_goal_pkg) by extension 'colcon_pkg'
[2.189s] Level 1:colcon.colcon_core.package_identification:_identify(src/send_goal_pkg) by extensions ['colcon_meta']
[2.189s] Level 1:colcon.colcon_core.package_identification:_identify(src/send_goal_pkg) by extension 'colcon_meta'
[2.189s] Level 1:colcon.colcon_core.package_identification:_identify(src/send_goal_pkg) by extensions ['ros']
[2.189s] Level 1:colcon.colcon_core.package_identification:_identify(src/send_goal_pkg) by extension 'ros'
[2.192s] DEBUG:colcon.colcon_core.package_identification:Package 'src/send_goal_pkg' with type 'ros.ament_python' and name 'send_goal_pkg'
[2.193s] Level 1:colcon.colcon_core.package_identification:_identify(src/turtlebot_goal_receiver) by extensions ['ignore', 'ignore_ament_install']
[2.193s] Level 1:colcon.colcon_core.package_identification:_identify(src/turtlebot_goal_receiver) by extension 'ignore'
[2.194s] Level 1:colcon.colcon_core.package_identification:_identify(src/turtlebot_goal_receiver) by extension 'ignore_ament_install'
[2.194s] Level 1:colcon.colcon_core.package_identification:_identify(src/turtlebot_goal_receiver) by extensions ['colcon_pkg']
[2.194s] Level 1:colcon.colcon_core.package_identification:_identify(src/turtlebot_goal_receiver) by extension 'colcon_pkg'
[2.195s] Level 1:colcon.colcon_core.package_identification:_identify(src/turtlebot_goal_receiver) by extensions ['colcon_meta']
[2.195s] Level 1:colcon.colcon_core.package_identification:_identify(src/turtlebot_goal_receiver) by extension 'colcon_meta'
[2.195s] Level 1:colcon.colcon_core.package_identification:_identify(src/turtlebot_goal_receiver) by extensions ['ros']
[2.196s] Level 1:colcon.colcon_core.package_identification:_identify(src/turtlebot_goal_receiver) by extension 'ros'
[2.198s] DEBUG:colcon.colcon_core.package_identification:Package 'src/turtlebot_goal_receiver' with type 'ros.ament_python' and name 'turtlebot_goal_receiver'
[2.198s] Level 1:colcon.colcon_core.package_identification:_identify(src/unity_slam_example) by extensions ['ignore', 'ignore_ament_install']
[2.199s] Level 1:colcon.colcon_core.package_identification:_identify(src/unity_slam_example) by extension 'ignore'
[2.199s] Level 1:colcon.colcon_core.package_identification:_identify(src/unity_slam_example) by extension 'ignore_ament_install'
[2.199s] Level 1:colcon.colcon_core.package_identification:_identify(src/unity_slam_example) by extensions ['colcon_pkg']
[2.200s] Level 1:colcon.colcon_core.package_identification:_identify(src/unity_slam_example) by extension 'colcon_pkg'
[2.200s] Level 1:colcon.colcon_core.package_identification:_identify(src/unity_slam_example) by extensions ['colcon_meta']
[2.201s] Level 1:colcon.colcon_core.package_identification:_identify(src/unity_slam_example) by extension 'colcon_meta'
[2.201s] Level 1:colcon.colcon_core.package_identification:_identify(src/unity_slam_example) by extensions ['ros']
[2.201s] Level 1:colcon.colcon_core.package_identification:_identify(src/unity_slam_example) by extension 'ros'
[2.204s] DEBUG:colcon.colcon_core.package_identification:Package 'src/unity_slam_example' with type 'ros.ament_python' and name 'unity_slam_example'
[2.204s] Level 1:colcon.colcon_core.package_discovery:discover_packages(recursive) using defaults
[2.204s] Level 1:colcon.colcon_core.package_discovery:discover_packages(ignore) discover
[2.205s] Level 1:colcon.colcon_core.package_discovery:discover_packages(ignore) using defaults
[2.205s] Level 1:colcon.colcon_core.package_discovery:discover_packages(path) discover
[2.205s] Level 1:colcon.colcon_core.package_discovery:discover_packages(path) using defaults
[2.295s] Level 1:colcon.colcon_core.package_discovery:discover_packages(prefix_path) check parameters
[2.296s] Level 1:colcon.colcon_core.package_discovery:discover_packages(prefix_path) discover
[2.309s] DEBUG:colcon.colcon_installed_package_information.package_discovery:Found 5 installed packages in /home/ubuntuhost/example_ws/install
[2.313s] DEBUG:colcon.colcon_installed_package_information.package_discovery:Found 3 installed packages in /home/ubuntuhost/example_ws/src/install
[2.329s] DEBUG:colcon.colcon_installed_package_information.package_discovery:Found 336 installed packages in /opt/ros/foxy
[2.374s] Level 1:colcon.colcon_core.package_discovery:discover_packages(prefix_path) using defaults
[2.862s] Level 5:colcon.colcon_core.verb:set package 'navigator' build argument 'cmake_args' from command line to 'None'
[2.862s] Level 5:colcon.colcon_core.verb:set package 'navigator' build argument 'cmake_target' from command line to 'None'
[2.862s] Level 5:colcon.colcon_core.verb:set package 'navigator' build argument 'cmake_target_skip_unavailable' from command line to 'False'
[2.862s] Level 5:colcon.colcon_core.verb:set package 'navigator' build argument 'cmake_clean_cache' from command line to 'False'
[2.862s] Level 5:colcon.colcon_core.verb:set package 'navigator' build argument 'cmake_clean_first' from command line to 'False'
[2.863s] Level 5:colcon.colcon_core.verb:set package 'navigator' build argument 'cmake_force_configure' from command line to 'False'
[2.863s] Level 5:colcon.colcon_core.verb:set package 'navigator' build argument 'ament_cmake_args' from command line to 'None'
[2.864s] Level 5:colcon.colcon_core.verb:set package 'navigator' build argument 'catkin_cmake_args' from command line to 'None'
[2.864s] Level 5:colcon.colcon_core.verb:set package 'navigator' build argument 'catkin_skip_building_tests' from command line to 'False'
[2.864s] DEBUG:colcon.colcon_core.verb:Building package 'navigator' with the following arguments: {'ament_cmake_args': None, 'build_base': '/home/ubuntuhost/example_ws/build/navigator', 'catkin_cmake_args': None, 'catkin_skip_building_tests': False, 'cmake_args': None, 'cmake_clean_cache': False, 'cmake_clean_first': False, 'cmake_force_configure': False, 'cmake_target': None, 'cmake_target_skip_unavailable': False, 'install_base': '/home/ubuntuhost/example_ws/install/navigator', 'merge_install': False, 'path': '/home/ubuntuhost/example_ws/src/navigator', 'symlink_install': False, 'test_result_base': None}
[2.866s] Level 5:colcon.colcon_core.verb:set package 'ros_tcp_endpoint' build argument 'cmake_args' from command line to 'None'
[2.866s] Level 5:colcon.colcon_core.verb:set package 'ros_tcp_endpoint' build argument 'cmake_target' from command line to 'None'
[2.866s] Level 5:colcon.colcon_core.verb:set package 'ros_tcp_endpoint' build argument 'cmake_target_skip_unavailable' from command line to 'False'
[2.866s] Level 5:colcon.colcon_core.verb:set package 'ros_tcp_endpoint' build argument 'cmake_clean_cache' from command line to 'False'
[2.867s] Level 5:colcon.colcon_core.verb:set package 'ros_tcp_endpoint' build argument 'cmake_clean_first' from command line to 'False'
[2.867s] Level 5:colcon.colcon_core.verb:set package 'ros_tcp_endpoint' build argument 'cmake_force_configure' from command line to 'False'
[2.867s] Level 5:colcon.colcon_core.verb:set package 'ros_tcp_endpoint' build argument 'ament_cmake_args' from command line to 'None'
[2.867s] Level 5:colcon.colcon_core.verb:set package 'ros_tcp_endpoint' build argument 'catkin_cmake_args' from command line to 'None'
[2.868s] Level 5:colcon.colcon_core.verb:set package 'ros_tcp_endpoint' build argument 'catkin_skip_building_tests' from command line to 'False'
[2.868s] DEBUG:colcon.colcon_core.verb:Building package 'ros_tcp_endpoint' with the following arguments: {'ament_cmake_args': None, 'build_base': '/home/ubuntuhost/example_ws/build/ros_tcp_endpoint', 'catkin_cmake_args': None, 'catkin_skip_building_tests': False, 'cmake_args': None, 'cmake_clean_cache': False, 'cmake_clean_first': False, 'cmake_force_configure': False, 'cmake_target': None, 'cmake_target_skip_unavailable': False, 'install_base': '/home/ubuntuhost/example_ws/install/ros_tcp_endpoint', 'merge_install': False, 'path': '/home/ubuntuhost/example_ws/src/ROS-TCP-Endpoint', 'symlink_install': False, 'test_result_base': None}
[2.870s] Level 5:colcon.colcon_core.verb:set package 'send_goal_pkg' build argument 'cmake_args' from command line to 'None'
[2.871s] Level 5:colcon.colcon_core.verb:set package 'send_goal_pkg' build argument 'cmake_target' from command line to 'None'
[2.871s] Level 5:colcon.colcon_core.verb:set package 'send_goal_pkg' build argument 'cmake_target_skip_unavailable' from command line to 'False'
[2.871s] Level 5:colcon.colcon_core.verb:set package 'send_goal_pkg' build argument 'cmake_clean_cache' from command line to 'False'
[2.871s] Level 5:colcon.colcon_core.verb:set package 'send_goal_pkg' build argument 'cmake_clean_first' from command line to 'False'
[2.871s] Level 5:colcon.colcon_core.verb:set package 'send_goal_pkg' build argument 'cmake_force_configure' from command line to 'False'
[2.872s] Level 5:colcon.colcon_core.verb:set package 'send_goal_pkg' build argument 'ament_cmake_args' from command line to 'None'
[2.872s] Level 5:colcon.colcon_core.verb:set package 'send_goal_pkg' build argument 'catkin_cmake_args' from command line to 'None'
[2.872s] Level 5:colcon.colcon_core.verb:set package 'send_goal_pkg' build argument 'catkin_skip_building_tests' from command line to 'False'
[2.872s] DEBUG:colcon.colcon_core.verb:Building package 'send_goal_pkg' with the following arguments: {'ament_cmake_args': None, 'build_base': '/home/ubuntuhost/example_ws/build/send_goal_pkg', 'catkin_cmake_args': None, 'catkin_skip_building_tests': False, 'cmake_args': None, 'cmake_clean_cache': False, 'cmake_clean_first': False, 'cmake_force_configure': False, 'cmake_target': None, 'cmake_target_skip_unavailable': False, 'install_base': '/home/ubuntuhost/example_ws/install/send_goal_pkg', 'merge_install': False, 'path': '/home/ubuntuhost/example_ws/src/send_goal_pkg', 'symlink_install': False, 'test_result_base': None}
[2.874s] Level 5:colcon.colcon_core.verb:set package 'turtlebot_goal_receiver' build argument 'cmake_args' from command line to 'None'
[2.874s] Level 5:colcon.colcon_core.verb:set package 'turtlebot_goal_receiver' build argument 'cmake_target' from command line to 'None'
[2.875s] Level 5:colcon.colcon_core.verb:set package 'turtlebot_goal_receiver' build argument 'cmake_target_skip_unavailable' from command line to 'False'
[2.875s] Level 5:colcon.colcon_core.verb:set package 'turtlebot_goal_receiver' build argument 'cmake_clean_cache' from command line to 'False'
[2.875s] Level 5:colcon.colcon_core.verb:set package 'turtlebot_goal_receiver' build argument 'cmake_clean_first' from command line to 'False'
[2.875s] Level 5:colcon.colcon_core.verb:set package 'turtlebot_goal_receiver' build argument 'cmake_force_configure' from command line to 'False'
[2.875s] Level 5:colcon.colcon_core.verb:set package 'turtlebot_goal_receiver' build argument 'ament_cmake_args' from command line to 'None'
[2.876s] Level 5:colcon.colcon_core.verb:set package 'turtlebot_goal_receiver' build argument 'catkin_cmake_args' from command line to 'None'
[2.876s] Level 5:colcon.colcon_core.verb:set package 'turtlebot_goal_receiver' build argument 'catkin_skip_building_tests' from command line to 'False'
[2.876s] DEBUG:colcon.colcon_core.verb:Building package 'turtlebot_goal_receiver' with the following arguments: {'ament_cmake_args': None, 'build_base': '/home/ubuntuhost/example_ws/build/turtlebot_goal_receiver', 'catkin_cmake_args': None, 'catkin_skip_building_tests': False, 'cmake_args': None, 'cmake_clean_cache': False, 'cmake_clean_first': False, 'cmake_force_configure': False, 'cmake_target': None, 'cmake_target_skip_unavailable': False, 'install_base': '/home/ubuntuhost/example_ws/install/turtlebot_goal_receiver', 'merge_install': False, 'path': '/home/ubuntuhost/example_ws/src/turtlebot_goal_receiver', 'symlink_install': False, 'test_result_base': None}
[2.879s] Level 5:colcon.colcon_core.verb:set package 'unity_slam_example' build argument 'cmake_args' from command line to 'None'
[2.880s] Level 5:colcon.colcon_core.verb:set package 'unity_slam_example' build argument 'cmake_target' from command line to 'None'
[2.880s] Level 5:colcon.colcon_core.verb:set package 'unity_slam_example' build argument 'cmake_target_skip_unavailable' from command line to 'False'
[2.880s] Level 5:colcon.colcon_core.verb:set package 'unity_slam_example' build argument 'cmake_clean_cache' from command line to 'False'
[2.880s] Level 5:colcon.colcon_core.verb:set package 'unity_slam_example' build argument 'cmake_clean_first' from command line to 'False'
[2.880s] Level 5:colcon.colcon_core.verb:set package 'unity_slam_example' build argument 'cmake_force_configure' from command line to 'False'
[2.880s] Level 5:colcon.colcon_core.verb:set package 'unity_slam_example' build argument 'ament_cmake_args' from command line to 'None'
[2.881s] Level 5:colcon.colcon_core.verb:set package 'unity_slam_example' build argument 'catkin_cmake_args' from command line to 'None'
[2.881s] Level 5:colcon.colcon_core.verb:set package 'unity_slam_example' build argument 'catkin_skip_building_tests' from command line to 'False'
[2.881s] DEBUG:colcon.colcon_core.verb:Building package 'unity_slam_example' with the following arguments: {'ament_cmake_args': None, 'build_base': '/home/ubuntuhost/example_ws/build/unity_slam_example', 'catkin_cmake_args': None, 'catkin_skip_building_tests': False, 'cmake_args': None, 'cmake_clean_cache': False, 'cmake_clean_first': False, 'cmake_force_configure': False, 'cmake_target': None, 'cmake_target_skip_unavailable': False, 'install_base': '/home/ubuntuhost/example_ws/install/unity_slam_example', 'merge_install': False, 'path': '/home/ubuntuhost/example_ws/src/unity_slam_example', 'symlink_install': False, 'test_result_base': None}
[2.883s] INFO:colcon.colcon_core.executor:Executing jobs using 'parallel' executor
[2.888s] DEBUG:colcon.colcon_parallel_executor.executor.parallel:run_until_complete
[2.890s] INFO:colcon.colcon_ros.task.ament_python.build:Building ROS package in '/home/ubuntuhost/example_ws/src/navigator' with build type 'ament_python'
[2.890s] Level 1:colcon.colcon_core.shell:create_environment_hook('navigator', 'ament_prefix_path')
[2.916s] INFO:colcon.colcon_core.plugin_system:Skipping extension 'colcon_core.shell.bat': Not used on non-Windows systems
[2.917s] INFO:colcon.colcon_core.shell:Creating environment hook '/home/ubuntuhost/example_ws/install/navigator/share/navigator/hook/ament_prefix_path.ps1'
[2.921s] INFO:colcon.colcon_core.shell:Creating environment descriptor '/home/ubuntuhost/example_ws/install/navigator/share/navigator/hook/ament_prefix_path.dsv'
[2.925s] INFO:colcon.colcon_core.shell:Creating environment hook '/home/ubuntuhost/example_ws/install/navigator/share/navigator/hook/ament_prefix_path.sh'
[2.932s] INFO:colcon.colcon_core.shell:Skip shell extension 'powershell' for command environment: Not usable outside of PowerShell
[2.933s] DEBUG:colcon.colcon_core.shell:Skip shell extension 'dsv' for command environment
[2.972s] INFO:colcon.colcon_ros.task.ament_python.build:Building ROS package in '/home/ubuntuhost/example_ws/src/ROS-TCP-Endpoint' with build type 'ament_python'
[2.975s] Level 1:colcon.colcon_core.shell:create_environment_hook('ros_tcp_endpoint', 'ament_prefix_path')
[2.978s] INFO:colcon.colcon_core.shell:Creating environment hook '/home/ubuntuhost/example_ws/install/ros_tcp_endpoint/share/ros_tcp_endpoint/hook/ament_prefix_path.ps1'
[2.991s] INFO:colcon.colcon_core.shell:Creating environment descriptor '/home/ubuntuhost/example_ws/install/ros_tcp_endpoint/share/ros_tcp_endpoint/hook/ament_prefix_path.dsv'
[2.995s] INFO:colcon.colcon_core.shell:Creating environment hook '/home/ubuntuhost/example_ws/install/ros_tcp_endpoint/share/ros_tcp_endpoint/hook/ament_prefix_path.sh'
[3.002s] INFO:colcon.colcon_core.shell:Skip shell extension 'powershell' for command environment: Not usable outside of PowerShell
[3.002s] DEBUG:colcon.colcon_core.shell:Skip shell extension 'dsv' for command environment
[3.046s] INFO:colcon.colcon_ros.task.ament_python.build:Building ROS package in '/home/ubuntuhost/example_ws/src/send_goal_pkg' with build type 'ament_python'
[3.049s] Level 1:colcon.colcon_core.shell:create_environment_hook('send_goal_pkg', 'ament_prefix_path')
[3.052s] INFO:colcon.colcon_core.shell:Creating environment hook '/home/ubuntuhost/example_ws/install/send_goal_pkg/share/send_goal_pkg/hook/ament_prefix_path.ps1'
[3.061s] INFO:colcon.colcon_core.shell:Creating environment descriptor '/home/ubuntuhost/example_ws/install/send_goal_pkg/share/send_goal_pkg/hook/ament_prefix_path.dsv'
[3.064s] INFO:colcon.colcon_core.shell:Creating environment hook '/home/ubuntuhost/example_ws/install/send_goal_pkg/share/send_goal_pkg/hook/ament_prefix_path.sh'
[3.070s] INFO:colcon.colcon_core.shell:Skip shell extension 'powershell' for command environment: Not usable outside of PowerShell
[3.072s] DEBUG:colcon.colcon_core.shell:Skip shell extension 'dsv' for command environment
[3.115s] INFO:colcon.colcon_ros.task.ament_python.build:Building ROS package in '/home/ubuntuhost/example_ws/src/turtlebot_goal_receiver' with build type 'ament_python'
[3.118s] Level 1:colcon.colcon_core.shell:create_environment_hook('turtlebot_goal_receiver', 'ament_prefix_path')
[3.122s] INFO:colcon.colcon_core.shell:Creating environment hook '/home/ubuntuhost/example_ws/install/turtlebot_goal_receiver/share/turtlebot_goal_receiver/hook/ament_prefix_path.ps1'
[3.130s] INFO:colcon.colcon_core.shell:Creating environment descriptor '/home/ubuntuhost/example_ws/install/turtlebot_goal_receiver/share/turtlebot_goal_receiver/hook/ament_prefix_path.dsv'
[3.133s] INFO:colcon.colcon_core.shell:Creating environment hook '/home/ubuntuhost/example_ws/install/turtlebot_goal_receiver/share/turtlebot_goal_receiver/hook/ament_prefix_path.sh'
[3.138s] INFO:colcon.colcon_core.shell:Skip shell extension 'powershell' for command environment: Not usable outside of PowerShell
[3.138s] DEBUG:colcon.colcon_core.shell:Skip shell extension 'dsv' for command environment
[3.182s] INFO:colcon.colcon_ros.task.ament_python.build:Building ROS package in '/home/ubuntuhost/example_ws/src/unity_slam_example' with build type 'ament_python'
[3.185s] Level 1:colcon.colcon_core.shell:create_environment_hook('unity_slam_example', 'ament_prefix_path')
[3.188s] INFO:colcon.colcon_core.shell:Creating environment hook '/home/ubuntuhost/example_ws/install/unity_slam_example/share/unity_slam_example/hook/ament_prefix_path.ps1'
[3.199s] INFO:colcon.colcon_core.shell:Creating environment descriptor '/home/ubuntuhost/example_ws/install/unity_slam_example/share/unity_slam_example/hook/ament_prefix_path.dsv'
[3.201s] INFO:colcon.colcon_core.shell:Creating environment hook '/home/ubuntuhost/example_ws/install/unity_slam_example/share/unity_slam_example/hook/ament_prefix_path.sh'
[3.205s] INFO:colcon.colcon_core.shell:Skip shell extension 'powershell' for command environment: Not usable outside of PowerShell
[3.206s] DEBUG:colcon.colcon_core.shell:Skip shell extension 'dsv' for command environment
[4.659s] INFO:colcon.colcon_core.task.python.build:Building Python package in '/home/ubuntuhost/example_ws/src/navigator'
[4.664s] INFO:colcon.colcon_core.shell:Skip shell extension 'powershell' for command environment: Not usable outside of PowerShell
[4.664s] DEBUG:colcon.colcon_core.shell:Skip shell extension 'dsv' for command environment
[6.028s] INFO:colcon.colcon_core.task.python.build:Building Python package in '/home/ubuntuhost/example_ws/src/ROS-TCP-Endpoint'
[6.032s] INFO:colcon.colcon_core.shell:Skip shell extension 'powershell' for command environment: Not usable outside of PowerShell
[6.033s] DEBUG:colcon.colcon_core.shell:Skip shell extension 'dsv' for command environment
[7.446s] INFO:colcon.colcon_core.task.python.build:Building Python package in '/home/ubuntuhost/example_ws/src/send_goal_pkg'
[7.450s] INFO:colcon.colcon_core.shell:Skip shell extension 'powershell' for command environment: Not usable outside of PowerShell
[7.451s] DEBUG:colcon.colcon_core.shell:Skip shell extension 'dsv' for command environment
[8.875s] INFO:colcon.colcon_core.task.python.build:Building Python package in '/home/ubuntuhost/example_ws/src/turtlebot_goal_receiver'
[8.880s] INFO:colcon.colcon_core.shell:Skip shell extension 'powershell' for command environment: Not usable outside of PowerShell
[8.880s] DEBUG:colcon.colcon_core.shell:Skip shell extension 'dsv' for command environment
[10.338s] INFO:colcon.colcon_core.task.python.build:Building Python package in '/home/ubuntuhost/example_ws/src/unity_slam_example'
[10.343s] INFO:colcon.colcon_core.shell:Skip shell extension 'powershell' for command environment: Not usable outside of PowerShell
[10.343s] DEBUG:colcon.colcon_core.shell:Skip shell extension 'dsv' for command environment
[12.727s] DEBUG:colcon.colcon_core.event_handler.log_command:Invoking command in '/home/ubuntuhost/example_ws/src/navigator': PYTHONPATH=/home/ubuntuhost/example_ws/build/navigator/prefix_override:/home/ubuntuhost/example_ws/install/navigator/lib/python3.8/site-packages:${PYTHONPATH} /usr/bin/python3 -W ignore:setup.py install is deprecated setup.py egg_info --egg-base ../../build/navigator build --build-base /home/ubuntuhost/example_ws/build/navigator/build install --record /home/ubuntuhost/example_ws/build/navigator/install.log --install-scripts $base/lib/navigator --single-version-externally-managed install_data
[12.821s] DEBUG:colcon.colcon_core.event_handler.log_command:Invoking command in '/home/ubuntuhost/example_ws/src/ROS-TCP-Endpoint': PYTHONPATH=/home/ubuntuhost/example_ws/build/ros_tcp_endpoint/prefix_override:/home/ubuntuhost/example_ws/install/ros_tcp_endpoint/lib/python3.8/site-packages:${PYTHONPATH} /usr/bin/python3 -W ignore:setup.py install is deprecated setup.py egg_info --egg-base ../../build/ros_tcp_endpoint build --build-base /home/ubuntuhost/example_ws/build/ros_tcp_endpoint/build install --record /home/ubuntuhost/example_ws/build/ros_tcp_endpoint/install.log --install-scripts $base/lib/ros_tcp_endpoint --single-version-externally-managed install_data
[12.843s] DEBUG:colcon.colcon_core.event_handler.log_command:Invoking command in '/home/ubuntuhost/example_ws/src/turtlebot_goal_receiver': PYTHONPATH=/home/ubuntuhost/example_ws/build/turtlebot_goal_receiver/prefix_override:/home/ubuntuhost/example_ws/install/turtlebot_goal_receiver/lib/python3.8/site-packages:${PYTHONPATH} /usr/bin/python3 -W ignore:setup.py install is deprecated setup.py egg_info --egg-base ../../build/turtlebot_goal_receiver build --build-base /home/ubuntuhost/example_ws/build/turtlebot_goal_receiver/build install --record /home/ubuntuhost/example_ws/build/turtlebot_goal_receiver/install.log --install-scripts $base/lib/turtlebot_goal_receiver --single-version-externally-managed install_data
[12.897s] DEBUG:colcon.colcon_core.event_handler.log_command:Invoking command in '/home/ubuntuhost/example_ws/src/send_goal_pkg': PYTHONPATH=/home/ubuntuhost/example_ws/build/send_goal_pkg/prefix_override:/home/ubuntuhost/example_ws/install/send_goal_pkg/lib/python3.8/site-packages:${PYTHONPATH} /usr/bin/python3 -W ignore:setup.py install is deprecated setup.py egg_info --egg-base ../../build/send_goal_pkg build --build-base /home/ubuntuhost/example_ws/build/send_goal_pkg/build install --record /home/ubuntuhost/example_ws/build/send_goal_pkg/install.log --install-scripts $base/lib/send_goal_pkg --single-version-externally-managed install_data
[12.911s] DEBUG:colcon.colcon_core.event_handler.log_command:Invoking command in '/home/ubuntuhost/example_ws/src/unity_slam_example': PYTHONPATH=/home/ubuntuhost/example_ws/build/unity_slam_example/prefix_override:/home/ubuntuhost/example_ws/install/unity_slam_example/lib/python3.8/site-packages:${PYTHONPATH} /usr/bin/python3 -W ignore:setup.py install is deprecated setup.py egg_info --egg-base ../../build/unity_slam_example build --build-base /home/ubuntuhost/example_ws/build/unity_slam_example/build install --record /home/ubuntuhost/example_ws/build/unity_slam_example/install.log --install-scripts $base/lib/unity_slam_example --single-version-externally-managed install_data
[14.533s] DEBUG:colcon.colcon_core.event_handler.log_command:Invoked command in '/home/ubuntuhost/example_ws/src/unity_slam_example' returned '0': PYTHONPATH=/home/ubuntuhost/example_ws/build/unity_slam_example/prefix_override:/home/ubuntuhost/example_ws/install/unity_slam_example/lib/python3.8/site-packages:${PYTHONPATH} /usr/bin/python3 -W ignore:setup.py install is deprecated setup.py egg_info --egg-base ../../build/unity_slam_example build --build-base /home/ubuntuhost/example_ws/build/unity_slam_example/build install --record /home/ubuntuhost/example_ws/build/unity_slam_example/install.log --install-scripts $base/lib/unity_slam_example --single-version-externally-managed install_data
[14.567s] Level 1:colcon.colcon_core.environment:checking '/home/ubuntuhost/example_ws/install/unity_slam_example' for CMake module files
[14.570s] Level 1:colcon.colcon_core.environment:checking '/home/ubuntuhost/example_ws/install/unity_slam_example' for CMake config files
[14.578s] Level 1:colcon.colcon_core.environment:checking '/home/ubuntuhost/example_ws/install/unity_slam_example/lib'
[14.579s] Level 1:colcon.colcon_core.environment:checking '/home/ubuntuhost/example_ws/install/unity_slam_example/bin'
[14.579s] Level 1:colcon.colcon_core.environment:checking '/home/ubuntuhost/example_ws/install/unity_slam_example/lib/pkgconfig/unity_slam_example.pc'
[14.581s] Level 1:colcon.colcon_core.environment:checking '/home/ubuntuhost/example_ws/install/unity_slam_example/lib/python3.8/site-packages'
[14.582s] Level 1:colcon.colcon_core.shell:create_environment_hook('unity_slam_example', 'pythonpath')
[14.584s] INFO:colcon.colcon_core.shell:Creating environment hook '/home/ubuntuhost/example_ws/install/unity_slam_example/share/unity_slam_example/hook/pythonpath.ps1'
[14.589s] INFO:colcon.colcon_core.shell:Creating environment descriptor '/home/ubuntuhost/example_ws/install/unity_slam_example/share/unity_slam_example/hook/pythonpath.dsv'
[14.594s] INFO:colcon.colcon_core.shell:Creating environment hook '/home/ubuntuhost/example_ws/install/unity_slam_example/share/unity_slam_example/hook/pythonpath.sh'
[14.600s] Level 1:colcon.colcon_core.environment:checking '/home/ubuntuhost/example_ws/install/unity_slam_example/bin'
[14.600s] Level 1:colcon.colcon_core.environment:create_environment_scripts_only(unity_slam_example)
[14.602s] INFO:colcon.colcon_core.shell:Creating package script '/home/ubuntuhost/example_ws/install/unity_slam_example/share/unity_slam_example/package.ps1'
[14.606s] INFO:colcon.colcon_core.shell:Creating package descriptor '/home/ubuntuhost/example_ws/install/unity_slam_example/share/unity_slam_example/package.dsv'
[14.612s] INFO:colcon.colcon_core.shell:Creating package script '/home/ubuntuhost/example_ws/install/unity_slam_example/share/unity_slam_example/package.sh'
[14.619s] INFO:colcon.colcon_core.shell:Creating package script '/home/ubuntuhost/example_ws/install/unity_slam_example/share/unity_slam_example/package.bash'
[14.624s] INFO:colcon.colcon_core.shell:Creating package script '/home/ubuntuhost/example_ws/install/unity_slam_example/share/unity_slam_example/package.zsh'
[14.627s] Level 1:colcon.colcon_core.environment:create_file_with_runtime_dependencies(/home/ubuntuhost/example_ws/install/unity_slam_example/share/colcon-core/packages/unity_slam_example)
[14.640s] Level 1:colcon.colcon_core.environment:checking '/home/ubuntuhost/example_ws/install/turtlebot_goal_receiver' for CMake module files
[14.651s] DEBUG:colcon.colcon_core.event_handler.log_command:Invoked command in '/home/ubuntuhost/example_ws/src/turtlebot_goal_receiver' returned '0': PYTHONPATH=/home/ubuntuhost/example_ws/build/turtlebot_goal_receiver/prefix_override:/home/ubuntuhost/example_ws/install/turtlebot_goal_receiver/lib/python3.8/site-packages:${PYTHONPATH} /usr/bin/python3 -W ignore:setup.py install is deprecated setup.py egg_info --egg-base ../../build/turtlebot_goal_receiver build --build-base /home/ubuntuhost/example_ws/build/turtlebot_goal_receiver/build install --record /home/ubuntuhost/example_ws/build/turtlebot_goal_receiver/install.log --install-scripts $base/lib/turtlebot_goal_receiver --single-version-externally-managed install_data
[14.654s] Level 1:colcon.colcon_core.environment:checking '/home/ubuntuhost/example_ws/install/turtlebot_goal_receiver' for CMake config files
[14.658s] Level 1:colcon.colcon_core.environment:checking '/home/ubuntuhost/example_ws/install/turtlebot_goal_receiver/lib'
[14.658s] Level 1:colcon.colcon_core.environment:checking '/home/ubuntuhost/example_ws/install/turtlebot_goal_receiver/bin'
[14.659s] Level 1:colcon.colcon_core.environment:checking '/home/ubuntuhost/example_ws/install/turtlebot_goal_receiver/lib/pkgconfig/turtlebot_goal_receiver.pc'
[14.660s] Level 1:colcon.colcon_core.environment:checking '/home/ubuntuhost/example_ws/install/turtlebot_goal_receiver/lib/python3.8/site-packages'
[14.660s] Level 1:colcon.colcon_core.shell:create_environment_hook('turtlebot_goal_receiver', 'pythonpath')
[14.661s] INFO:colcon.colcon_core.shell:Creating environment hook '/home/ubuntuhost/example_ws/install/turtlebot_goal_receiver/share/turtlebot_goal_receiver/hook/pythonpath.ps1'
[14.664s] INFO:colcon.colcon_core.shell:Creating environment descriptor '/home/ubuntuhost/example_ws/install/turtlebot_goal_receiver/share/turtlebot_goal_receiver/hook/pythonpath.dsv'
[14.667s] INFO:colcon.colcon_core.shell:Creating environment hook '/home/ubuntuhost/example_ws/install/turtlebot_goal_receiver/share/turtlebot_goal_receiver/hook/pythonpath.sh'
[14.670s] Level 1:colcon.colcon_core.environment:checking '/home/ubuntuhost/example_ws/install/turtlebot_goal_receiver/bin'
[14.671s] Level 1:colcon.colcon_core.environment:create_environment_scripts_only(turtlebot_goal_receiver)
[14.672s] INFO:colcon.colcon_core.shell:Creating package script '/home/ubuntuhost/example_ws/install/turtlebot_goal_receiver/share/turtlebot_goal_receiver/package.ps1'
[14.675s] INFO:colcon.colcon_core.shell:Creating package descriptor '/home/ubuntuhost/example_ws/install/turtlebot_goal_receiver/share/turtlebot_goal_receiver/package.dsv'
[14.677s] INFO:colcon.colcon_core.shell:Creating package script '/home/ubuntuhost/example_ws/install/turtlebot_goal_receiver/share/turtlebot_goal_receiver/package.sh'
[14.681s] INFO:colcon.colcon_core.shell:Creating package script '/home/ubuntuhost/example_ws/install/turtlebot_goal_receiver/share/turtlebot_goal_receiver/package.bash'
[14.683s] INFO:colcon.colcon_core.shell:Creating package script '/home/ubuntuhost/example_ws/install/turtlebot_goal_receiver/share/turtlebot_goal_receiver/package.zsh'
[14.686s] Level 1:colcon.colcon_core.environment:create_file_with_runtime_dependencies(/home/ubuntuhost/example_ws/install/turtlebot_goal_receiver/share/colcon-core/packages/turtlebot_goal_receiver)
[14.697s] Level 1:colcon.colcon_core.environment:checking '/home/ubuntuhost/example_ws/install/navigator' for CMake module files
[14.707s] DEBUG:colcon.colcon_core.event_handler.log_command:Invoked command in '/home/ubuntuhost/example_ws/src/navigator' returned '0': PYTHONPATH=/home/ubuntuhost/example_ws/build/navigator/prefix_override:/home/ubuntuhost/example_ws/install/navigator/lib/python3.8/site-packages:${PYTHONPATH} /usr/bin/python3 -W ignore:setup.py install is deprecated setup.py egg_info --egg-base ../../build/navigator build --build-base /home/ubuntuhost/example_ws/build/navigator/build install --record /home/ubuntuhost/example_ws/build/navigator/install.log --install-scripts $base/lib/navigator --single-version-externally-managed install_data
[14.709s] Level 1:colcon.colcon_core.environment:checking '/home/ubuntuhost/example_ws/install/navigator' for CMake config files
[14.714s] Level 1:colcon.colcon_core.environment:checking '/home/ubuntuhost/example_ws/install/navigator/lib'
[14.714s] Level 1:colcon.colcon_core.environment:checking '/home/ubuntuhost/example_ws/install/navigator/bin'
[14.714s] Level 1:colcon.colcon_core.environment:checking '/home/ubuntuhost/example_ws/install/navigator/lib/pkgconfig/navigator.pc'
[14.715s] Level 1:colcon.colcon_core.environment:checking '/home/ubuntuhost/example_ws/install/navigator/lib/python3.8/site-packages'
[14.715s] Level 1:colcon.colcon_core.shell:create_environment_hook('navigator', 'pythonpath')
[14.716s] INFO:colcon.colcon_core.shell:Creating environment hook '/home/ubuntuhost/example_ws/install/navigator/share/navigator/hook/pythonpath.ps1'
[14.720s] INFO:colcon.colcon_core.shell:Creating environment descriptor '/home/ubuntuhost/example_ws/install/navigator/share/navigator/hook/pythonpath.dsv'
[14.722s] INFO:colcon.colcon_core.shell:Creating environment hook '/home/ubuntuhost/example_ws/install/navigator/share/navigator/hook/pythonpath.sh'
[14.725s] Level 1:colcon.colcon_core.environment:checking '/home/ubuntuhost/example_ws/install/navigator/bin'
[14.726s] Level 1:colcon.colcon_core.environment:create_environment_scripts_only(navigator)
[14.727s] INFO:colcon.colcon_core.shell:Creating package script '/home/ubuntuhost/example_ws/install/navigator/share/navigator/package.ps1'
[14.730s] INFO:colcon.colcon_core.shell:Creating package descriptor '/home/ubuntuhost/example_ws/install/navigator/share/navigator/package.dsv'
[14.733s] INFO:colcon.colcon_core.shell:Creating package script '/home/ubuntuhost/example_ws/install/navigator/share/navigator/package.sh'
[14.736s] INFO:colcon.colcon_core.shell:Creating package script '/home/ubuntuhost/example_ws/install/navigator/share/navigator/package.bash'
[14.739s] INFO:colcon.colcon_core.shell:Creating package script '/home/ubuntuhost/example_ws/install/navigator/share/navigator/package.zsh'
[14.741s] Level 1:colcon.colcon_core.environment:create_file_with_runtime_dependencies(/home/ubuntuhost/example_ws/install/navigator/share/colcon-core/packages/navigator)
[14.745s] Level 1:colcon.colcon_core.environment:checking '/home/ubuntuhost/example_ws/install/ros_tcp_endpoint' for CMake module files
[14.748s] Level 1:colcon.colcon_core.environment:checking '/home/ubuntuhost/example_ws/install/ros_tcp_endpoint' for CMake config files
[14.756s] DEBUG:colcon.colcon_core.event_handler.log_command:Invoked command in '/home/ubuntuhost/example_ws/src/ROS-TCP-Endpoint' returned '0': PYTHONPATH=/home/ubuntuhost/example_ws/build/ros_tcp_endpoint/prefix_override:/home/ubuntuhost/example_ws/install/ros_tcp_endpoint/lib/python3.8/site-packages:${PYTHONPATH} /usr/bin/python3 -W ignore:setup.py install is deprecated setup.py egg_info --egg-base ../../build/ros_tcp_endpoint build --build-base /home/ubuntuhost/example_ws/build/ros_tcp_endpoint/build install --record /home/ubuntuhost/example_ws/build/ros_tcp_endpoint/install.log --install-scripts $base/lib/ros_tcp_endpoint --single-version-externally-managed install_data
[14.760s] Level 1:colcon.colcon_core.environment:checking '/home/ubuntuhost/example_ws/install/ros_tcp_endpoint/lib'
[14.760s] Level 1:colcon.colcon_core.environment:checking '/home/ubuntuhost/example_ws/install/ros_tcp_endpoint/bin'
[14.761s] Level 1:colcon.colcon_core.environment:checking '/home/ubuntuhost/example_ws/install/ros_tcp_endpoint/lib/pkgconfig/ros_tcp_endpoint.pc'
[14.762s] Level 1:colcon.colcon_core.environment:checking '/home/ubuntuhost/example_ws/install/ros_tcp_endpoint/lib/python3.8/site-packages'
[14.762s] Level 1:colcon.colcon_core.shell:create_environment_hook('ros_tcp_endpoint', 'pythonpath')
[14.763s] INFO:colcon.colcon_core.shell:Creating environment hook '/home/ubuntuhost/example_ws/install/ros_tcp_endpoint/share/ros_tcp_endpoint/hook/pythonpath.ps1'
[14.766s] INFO:colcon.colcon_core.shell:Creating environment descriptor '/home/ubuntuhost/example_ws/install/ros_tcp_endpoint/share/ros_tcp_endpoint/hook/pythonpath.dsv'
[14.768s] INFO:colcon.colcon_core.shell:Creating environment hook '/home/ubuntuhost/example_ws/install/ros_tcp_endpoint/share/ros_tcp_endpoint/hook/pythonpath.sh'
[14.771s] Level 1:colcon.colcon_core.environment:checking '/home/ubuntuhost/example_ws/install/ros_tcp_endpoint/bin'
[14.771s] Level 1:colcon.colcon_core.environment:create_environment_scripts_only(ros_tcp_endpoint)
[14.772s] INFO:colcon.colcon_core.shell:Creating package script '/home/ubuntuhost/example_ws/install/ros_tcp_endpoint/share/ros_tcp_endpoint/package.ps1'
[14.776s] INFO:colcon.colcon_core.shell:Creating package descriptor '/home/ubuntuhost/example_ws/install/ros_tcp_endpoint/share/ros_tcp_endpoint/package.dsv'
[14.779s] INFO:colcon.colcon_core.shell:Creating package script '/home/ubuntuhost/example_ws/install/ros_tcp_endpoint/share/ros_tcp_endpoint/package.sh'
[14.782s] INFO:colcon.colcon_core.shell:Creating package script '/home/ubuntuhost/example_ws/install/ros_tcp_endpoint/share/ros_tcp_endpoint/package.bash'
[14.785s] INFO:colcon.colcon_core.shell:Creating package script '/home/ubuntuhost/example_ws/install/ros_tcp_endpoint/share/ros_tcp_endpoint/package.zsh'
[14.789s] Level 1:colcon.colcon_core.environment:create_file_with_runtime_dependencies(/home/ubuntuhost/example_ws/install/ros_tcp_endpoint/share/colcon-core/packages/ros_tcp_endpoint)
[14.792s] Level 1:colcon.colcon_core.environment:checking '/home/ubuntuhost/example_ws/install/send_goal_pkg' for CMake module files
[14.795s] Level 1:colcon.colcon_core.environment:checking '/home/ubuntuhost/example_ws/install/send_goal_pkg' for CMake config files
[14.801s] DEBUG:colcon.colcon_core.event_handler.log_command:Invoked command in '/home/ubuntuhost/example_ws/src/send_goal_pkg' returned '0': PYTHONPATH=/home/ubuntuhost/example_ws/build/send_goal_pkg/prefix_override:/home/ubuntuhost/example_ws/install/send_goal_pkg/lib/python3.8/site-packages:${PYTHONPATH} /usr/bin/python3 -W ignore:setup.py install is deprecated setup.py egg_info --egg-base ../../build/send_goal_pkg build --build-base /home/ubuntuhost/example_ws/build/send_goal_pkg/build install --record /home/ubuntuhost/example_ws/build/send_goal_pkg/install.log --install-scripts $base/lib/send_goal_pkg --single-version-externally-managed install_data
[14.806s] Level 1:colcon.colcon_core.environment:checking '/home/ubuntuhost/example_ws/install/send_goal_pkg/lib'
[14.806s] Level 1:colcon.colcon_core.environment:checking '/home/ubuntuhost/example_ws/install/send_goal_pkg/bin'
[14.807s] Level 1:colcon.colcon_core.environment:checking '/home/ubuntuhost/example_ws/install/send_goal_pkg/lib/pkgconfig/send_goal_pkg.pc'
[14.808s] Level 1:colcon.colcon_core.environment:checking '/home/ubuntuhost/example_ws/install/send_goal_pkg/lib/python3.8/site-packages'
[14.809s] Level 1:colcon.colcon_core.shell:create_environment_hook('send_goal_pkg', 'pythonpath')
[14.810s] INFO:colcon.colcon_core.shell:Creating environment hook '/home/ubuntuhost/example_ws/install/send_goal_pkg/share/send_goal_pkg/hook/pythonpath.ps1'
[14.813s] INFO:colcon.colcon_core.shell:Creating environment descriptor '/home/ubuntuhost/example_ws/install/send_goal_pkg/share/send_goal_pkg/hook/pythonpath.dsv'
[14.816s] INFO:colcon.colcon_core.shell:Creating environment hook '/home/ubuntuhost/example_ws/install/send_goal_pkg/share/send_goal_pkg/hook/pythonpath.sh'
[14.819s] Level 1:colcon.colcon_core.environment:checking '/home/ubuntuhost/example_ws/install/send_goal_pkg/bin'
[14.819s] Level 1:colcon.colcon_core.environment:create_environment_scripts_only(send_goal_pkg)
[14.822s] INFO:colcon.colcon_core.shell:Creating package script '/home/ubuntuhost/example_ws/install/send_goal_pkg/share/send_goal_pkg/package.ps1'
[14.825s] INFO:colcon.colcon_core.shell:Creating package descriptor '/home/ubuntuhost/example_ws/install/send_goal_pkg/share/send_goal_pkg/package.dsv'
[14.829s] INFO:colcon.colcon_core.shell:Creating package script '/home/ubuntuhost/example_ws/install/send_goal_pkg/share/send_goal_pkg/package.sh'
[14.833s] INFO:colcon.colcon_core.shell:Creating package script '/home/ubuntuhost/example_ws/install/send_goal_pkg/share/send_goal_pkg/package.bash'
[14.837s] INFO:colcon.colcon_core.shell:Creating package script '/home/ubuntuhost/example_ws/install/send_goal_pkg/share/send_goal_pkg/package.zsh'
[14.839s] Level 1:colcon.colcon_core.environment:create_file_with_runtime_dependencies(/home/ubuntuhost/example_ws/install/send_goal_pkg/share/colcon-core/packages/send_goal_pkg)
[14.842s] DEBUG:colcon.colcon_parallel_executor.executor.parallel:closing loop
[14.843s] DEBUG:colcon.colcon_parallel_executor.executor.parallel:loop closed
[14.844s] DEBUG:colcon.colcon_parallel_executor.executor.parallel:run_until_complete finished with '0'
[14.844s] DEBUG:colcon.colcon_core.event_reactor:joining thread
[14.888s] INFO:colcon.colcon_core.plugin_system:Skipping extension 'colcon_notification.desktop_notification.terminal_notifier': Not used on non-Darwin systems
[14.889s] INFO:colcon.colcon_core.plugin_system:Skipping extension 'colcon_notification.desktop_notification.win32': Not used on non-Windows systems
[14.889s] INFO:colcon.colcon_notification.desktop_notification:Sending desktop notification using 'notify2'
[14.986s] DEBUG:colcon.colcon_core.event_reactor:joined thread
[14.987s] INFO:colcon.colcon_core.shell:Creating prefix script '/home/ubuntuhost/example_ws/install/local_setup.ps1'
[14.992s] INFO:colcon.colcon_core.shell:Creating prefix util module '/home/ubuntuhost/example_ws/install/_local_setup_util_ps1.py'
[14.998s] INFO:colcon.colcon_core.shell:Creating prefix chain script '/home/ubuntuhost/example_ws/install/setup.ps1'
[15.007s] INFO:colcon.colcon_core.shell:Creating prefix script '/home/ubuntuhost/example_ws/install/local_setup.sh'
[15.011s] INFO:colcon.colcon_core.shell:Creating prefix util module '/home/ubuntuhost/example_ws/install/_local_setup_util_sh.py'
[15.015s] INFO:colcon.colcon_core.shell:Creating prefix chain script '/home/ubuntuhost/example_ws/install/setup.sh'
[15.026s] INFO:colcon.colcon_core.shell:Creating prefix script '/home/ubuntuhost/example_ws/install/local_setup.bash'
[15.029s] INFO:colcon.colcon_core.shell:Creating prefix chain script '/home/ubuntuhost/example_ws/install/setup.bash'
[15.038s] INFO:colcon.colcon_core.shell:Creating prefix script '/home/ubuntuhost/example_ws/install/local_setup.zsh'
[15.042s] INFO:colcon.colcon_core.shell:Creating prefix chain script '/home/ubuntuhost/example_ws/install/setup.zsh'
