[10.548s] Invoking command in '/home/ubuntuhost/example_ws/src/send_goal_pkg': PYTHONPATH=/home/ubuntuhost/example_ws/build/send_goal_pkg/prefix_override:/home/ubuntuhost/example_ws/install/send_goal_pkg/lib/python3.8/site-packages:${PYTHONPATH} /usr/bin/python3 -W ignore:setup.py install is deprecated setup.py egg_info --egg-base ../../build/send_goal_pkg build --build-base /home/ubuntuhost/example_ws/build/send_goal_pkg/build install --record /home/ubuntuhost/example_ws/build/send_goal_pkg/install.log --install-scripts $base/lib/send_goal_pkg --single-version-externally-managed install_data
[11.963s] running egg_info
[11.970s] writing ../../build/send_goal_pkg/send_goal_pkg.egg-info/PKG-INFO
[11.973s] writing dependency_links to ../../build/send_goal_pkg/send_goal_pkg.egg-info/dependency_links.txt
[11.976s] writing entry points to ../../build/send_goal_pkg/send_goal_pkg.egg-info/entry_points.txt
[11.978s] writing requirements to ../../build/send_goal_pkg/send_goal_pkg.egg-info/requires.txt
[11.981s] writing top-level names to ../../build/send_goal_pkg/send_goal_pkg.egg-info/top_level.txt
[12.188s] reading manifest file '../../build/send_goal_pkg/send_goal_pkg.egg-info/SOURCES.txt'
[12.192s] writing manifest file '../../build/send_goal_pkg/send_goal_pkg.egg-info/SOURCES.txt'
[12.194s] running build
[12.199s] running build_py
[12.201s] running install
[12.205s] running install_lib
[12.221s] running install_data
[12.226s] running install_egg_info
[12.237s] removing '/home/ubuntuhost/example_ws/install/send_goal_pkg/lib/python3.8/site-packages/send_goal_pkg-0.0.0-py3.8.egg-info' (and everything under it)
[12.240s] Copying ../../build/send_goal_pkg/send_goal_pkg.egg-info to /home/ubuntuhost/example_ws/install/send_goal_pkg/lib/python3.8/site-packages/send_goal_pkg-0.0.0-py3.8.egg-info
[12.251s] running install_scripts
[12.364s] Installing initial_pose script to /home/ubuntuhost/example_ws/install/send_goal_pkg/lib/send_goal_pkg
[12.365s] Installing publish_goal script to /home/ubuntuhost/example_ws/install/send_goal_pkg/lib/send_goal_pkg
[12.366s] Installing send_goal script to /home/ubuntuhost/example_ws/install/send_goal_pkg/lib/send_goal_pkg
[12.372s] writing list of installed files to '/home/ubuntuhost/example_ws/build/send_goal_pkg/install.log'
[12.706s] Invoked command in '/home/ubuntuhost/example_ws/src/send_goal_pkg' returned '0': PYTHONPATH=/home/ubuntuhost/example_ws/build/send_goal_pkg/prefix_override:/home/ubuntuhost/example_ws/install/send_goal_pkg/lib/python3.8/site-packages:${PYTHONPATH} /usr/bin/python3 -W ignore:setup.py install is deprecated setup.py egg_info --egg-base ../../build/send_goal_pkg build --build-base /home/ubuntuhost/example_ws/build/send_goal_pkg/build install --record /home/ubuntuhost/example_ws/build/send_goal_pkg/install.log --install-scripts $base/lib/send_goal_pkg --single-version-externally-managed install_data
