[5.303s] Invoking command in '/home/ubuntuhost/example_ws/src/turtlebot_goal_receiver': PYTHONPATH=/home/ubuntuhost/example_ws/src/build/turtlebot_goal_receiver/prefix_override:/home/ubuntuhost/example_ws/src/install/turtlebot_goal_receiver/lib/python3.8/site-packages:${PYTHONPATH} /usr/bin/python3 -W ignore:setup.py install is deprecated setup.py egg_info --egg-base ../build/turtlebot_goal_receiver build --build-base /home/ubuntuhost/example_ws/src/build/turtlebot_goal_receiver/build install --record /home/ubuntuhost/example_ws/src/build/turtlebot_goal_receiver/install.log --install-scripts $base/lib/turtlebot_goal_receiver --single-version-externally-managed install_data
[6.501s] running egg_info
[6.505s] creating ../build/turtlebot_goal_receiver/turtlebot_goal_receiver.egg-info
[6.505s] writing ../build/turtlebot_goal_receiver/turtlebot_goal_receiver.egg-info/PKG-INFO
[6.506s] writing dependency_links to ../build/turtlebot_goal_receiver/turtlebot_goal_receiver.egg-info/dependency_links.txt
[6.507s] writing entry points to ../build/turtlebot_goal_receiver/turtlebot_goal_receiver.egg-info/entry_points.txt
[6.508s] writing requirements to ../build/turtlebot_goal_receiver/turtlebot_goal_receiver.egg-info/requires.txt
[6.509s] writing top-level names to ../build/turtlebot_goal_receiver/turtlebot_goal_receiver.egg-info/top_level.txt
[6.552s] writing manifest file '../build/turtlebot_goal_receiver/turtlebot_goal_receiver.egg-info/SOURCES.txt'
[6.699s] reading manifest file '../build/turtlebot_goal_receiver/turtlebot_goal_receiver.egg-info/SOURCES.txt'
[6.706s] writing manifest file '../build/turtlebot_goal_receiver/turtlebot_goal_receiver.egg-info/SOURCES.txt'
[6.707s] running build
[6.707s] running build_py
[6.709s] creating /home/ubuntuhost/example_ws/src/build/turtlebot_goal_receiver/build
[6.709s] creating /home/ubuntuhost/example_ws/src/build/turtlebot_goal_receiver/build/lib
[6.709s] creating /home/ubuntuhost/example_ws/src/build/turtlebot_goal_receiver/build/lib/turtlebot_goal_receiver
[6.710s] copying turtlebot_goal_receiver/goal_receiver.py -> /home/ubuntuhost/example_ws/src/build/turtlebot_goal_receiver/build/lib/turtlebot_goal_receiver
[6.710s] copying turtlebot_goal_receiver/__init__.py -> /home/ubuntuhost/example_ws/src/build/turtlebot_goal_receiver/build/lib/turtlebot_goal_receiver
[6.711s] running install
[6.712s] running install_lib
[6.715s] creating /home/ubuntuhost/example_ws/src/install/turtlebot_goal_receiver/lib/python3.8/site-packages/turtlebot_goal_receiver
[6.716s] copying /home/ubuntuhost/example_ws/src/build/turtlebot_goal_receiver/build/lib/turtlebot_goal_receiver/goal_receiver.py -> /home/ubuntuhost/example_ws/src/install/turtlebot_goal_receiver/lib/python3.8/site-packages/turtlebot_goal_receiver
[6.717s] copying /home/ubuntuhost/example_ws/src/build/turtlebot_goal_receiver/build/lib/turtlebot_goal_receiver/__init__.py -> /home/ubuntuhost/example_ws/src/install/turtlebot_goal_receiver/lib/python3.8/site-packages/turtlebot_goal_receiver
[6.719s] byte-compiling /home/ubuntuhost/example_ws/src/install/turtlebot_goal_receiver/lib/python3.8/site-packages/turtlebot_goal_receiver/goal_receiver.py to goal_receiver.cpython-38.pyc
[6.735s] byte-compiling /home/ubuntuhost/example_ws/src/install/turtlebot_goal_receiver/lib/python3.8/site-packages/turtlebot_goal_receiver/__init__.py to __init__.cpython-38.pyc
[6.739s] running install_data
[6.740s] creating /home/ubuntuhost/example_ws/src/install/turtlebot_goal_receiver/share/ament_index
[6.740s] creating /home/ubuntuhost/example_ws/src/install/turtlebot_goal_receiver/share/ament_index/resource_index
[6.743s] creating /home/ubuntuhost/example_ws/src/install/turtlebot_goal_receiver/share/ament_index/resource_index/packages
[6.744s] copying resource/turtlebot_goal_receiver -> /home/ubuntuhost/example_ws/src/install/turtlebot_goal_receiver/share/ament_index/resource_index/packages
[6.745s] copying package.xml -> /home/ubuntuhost/example_ws/src/install/turtlebot_goal_receiver/share/turtlebot_goal_receiver
[6.745s] running install_egg_info
[6.751s] Copying ../build/turtlebot_goal_receiver/turtlebot_goal_receiver.egg-info to /home/ubuntuhost/example_ws/src/install/turtlebot_goal_receiver/lib/python3.8/site-packages/turtlebot_goal_receiver-0.0.0-py3.8.egg-info
[6.754s] running install_scripts
[6.843s] Installing goal_receiver script to /home/ubuntuhost/example_ws/src/install/turtlebot_goal_receiver/lib/turtlebot_goal_receiver
[6.843s] writing list of installed files to '/home/ubuntuhost/example_ws/src/build/turtlebot_goal_receiver/install.log'
[6.915s] Invoked command in '/home/ubuntuhost/example_ws/src/turtlebot_goal_receiver' returned '0': PYTHONPATH=/home/ubuntuhost/example_ws/src/build/turtlebot_goal_receiver/prefix_override:/home/ubuntuhost/example_ws/src/install/turtlebot_goal_receiver/lib/python3.8/site-packages:${PYTHONPATH} /usr/bin/python3 -W ignore:setup.py install is deprecated setup.py egg_info --egg-base ../build/turtlebot_goal_receiver build --build-base /home/ubuntuhost/example_ws/src/build/turtlebot_goal_receiver/build install --record /home/ubuntuhost/example_ws/src/build/turtlebot_goal_receiver/install.log --install-scripts $base/lib/turtlebot_goal_receiver --single-version-externally-managed install_data
