[1.044s] DEBUG:colcon:Command line arguments: ['/usr/bin/colcon', 'build']
[1.045s] DEBUG:colcon:Parsed command line arguments: Namespace(allow_overriding=[], ament_cmake_args=None, base_paths=['.'], build_base='build', catkin_cmake_args=None, catkin_skip_building_tests=False, cmake_args=None, cmake_clean_cache=False, cmake_clean_first=False, cmake_force_configure=False, cmake_target=None, cmake_target_skip_unavailable=False, continue_on_error=False, event_handlers=None, executor='parallel', ignore_user_meta=False, install_base='install', log_base=None, log_level=None, main=<bound method BuildVerb.main of <colcon_core.verb.build.BuildVerb object at 0x7ff5d6678550>>, merge_install=False, metas=['./colcon.meta'], mixin=None, mixin_files=None, mixin_verb=('build',), packages_above=None, packages_above_and_dependencies=None, packages_above_depth=None, packages_end=None, packages_ignore=None, packages_ignore_regex=None, packages_select=None, packages_select_build_failed=False, packages_select_by_dep=None, packages_select_regex=None, packages_select_test_failures=False, packages_skip=None, packages_skip_build_finished=False, packages_skip_by_dep=None, packages_skip_regex=None, packages_skip_test_passed=False, packages_skip_up_to=None, packages_start=None, packages_up_to=None, packages_up_to_regex=None, parallel_workers=12, paths=None, symlink_install=False, test_result_base=None, verb_extension=<colcon_core.verb.build.BuildVerb object at 0x7ff5d6678550>, verb_name='build', verb_parser=<colcon_mixin.mixin.mixin_argument.MixinArgumentDecorator object at 0x7ff5d6678b80>)
[1.878s] Level 1:colcon.colcon_core.package_discovery:discover_packages(colcon_meta) check parameters
[1.879s] Level 1:colcon.colcon_core.package_discovery:discover_packages(recursive) check parameters
[1.879s] Level 1:colcon.colcon_core.package_discovery:discover_packages(ignore) check parameters
[1.879s] Level 1:colcon.colcon_core.package_discovery:discover_packages(path) check parameters
[1.879s] Level 1:colcon.colcon_core.package_discovery:discover_packages(colcon_meta) discover
[1.879s] Level 1:colcon.colcon_core.package_discovery:discover_packages(recursive) discover
[1.880s] INFO:colcon.colcon_core.package_discovery:Crawling recursively for packages in '/home/ubuntuhost/example_ws'
[1.880s] Level 1:colcon.colcon_core.package_identification:_identify(.) by extensions ['ignore', 'ignore_ament_install']
[1.881s] Level 1:colcon.colcon_core.package_identification:_identify(.) by extension 'ignore'
[1.881s] Level 1:colcon.colcon_core.package_identification:_identify(.) by extension 'ignore_ament_install'
[1.881s] Level 1:colcon.colcon_core.package_identification:_identify(.) by extensions ['colcon_pkg']
[1.881s] Level 1:colcon.colcon_core.package_identification:_identify(.) by extension 'colcon_pkg'
[1.882s] Level 1:colcon.colcon_core.package_identification:_identify(.) by extensions ['colcon_meta']
[1.882s] Level 1:colcon.colcon_core.package_identification:_identify(.) by extension 'colcon_meta'
[1.882s] Level 1:colcon.colcon_core.package_identification:_identify(.) by extensions ['ros']
[1.882s] Level 1:colcon.colcon_core.package_identification:_identify(.) by extension 'ros'
[1.936s] Level 1:colcon.colcon_core.package_identification:_identify(.) by extensions ['cmake', 'python']
[1.936s] Level 1:colcon.colcon_core.package_identification:_identify(.) by extension 'cmake'
[1.937s] Level 1:colcon.colcon_core.package_identification:_identify(.) by extension 'python'
[1.937s] Level 1:colcon.colcon_core.package_identification:_identify(.) by extensions ['python_setup_py']
[1.937s] Level 1:colcon.colcon_core.package_identification:_identify(.) by extension 'python_setup_py'
[1.938s] Level 1:colcon.colcon_core.package_identification:_identify(build) by extensions ['ignore', 'ignore_ament_install']
[1.938s] Level 1:colcon.colcon_core.package_identification:_identify(build) by extension 'ignore'
[1.939s] Level 1:colcon.colcon_core.package_identification:_identify(build) ignored
[1.939s] Level 1:colcon.colcon_core.package_identification:_identify(install) by extensions ['ignore', 'ignore_ament_install']
[1.940s] Level 1:colcon.colcon_core.package_identification:_identify(install) by extension 'ignore'
[1.940s] Level 1:colcon.colcon_core.package_identification:_identify(install) ignored
[1.940s] Level 1:colcon.colcon_core.package_identification:_identify(log) by extensions ['ignore', 'ignore_ament_install']
[1.941s] Level 1:colcon.colcon_core.package_identification:_identify(log) by extension 'ignore'
[1.941s] Level 1:colcon.colcon_core.package_identification:_identify(log) ignored
[1.942s] Level 1:colcon.colcon_core.package_identification:_identify(src) by extensions ['ignore', 'ignore_ament_install']
[1.942s] Level 1:colcon.colcon_core.package_identification:_identify(src) by extension 'ignore'
[1.942s] Level 1:colcon.colcon_core.package_identification:_identify(src) by extension 'ignore_ament_install'
[1.942s] Level 1:colcon.colcon_core.package_identification:_identify(src) by extensions ['colcon_pkg']
[1.943s] Level 1:colcon.colcon_core.package_identification:_identify(src) by extension 'colcon_pkg'
[1.943s] Level 1:colcon.colcon_core.package_identification:_identify(src) by extensions ['colcon_meta']
[1.943s] Level 1:colcon.colcon_core.package_identification:_identify(src) by extension 'colcon_meta'
[1.943s] Level 1:colcon.colcon_core.package_identification:_identify(src) by extensions ['ros']
[1.943s] Level 1:colcon.colcon_core.package_identification:_identify(src) by extension 'ros'
[1.944s] Level 1:colcon.colcon_core.package_identification:_identify(src) by extensions ['cmake', 'python']
[1.944s] Level 1:colcon.colcon_core.package_identification:_identify(src) by extension 'cmake'
[1.944s] Level 1:colcon.colcon_core.package_identification:_identify(src) by extension 'python'
[1.945s] Level 1:colcon.colcon_core.package_identification:_identify(src) by extensions ['python_setup_py']
[1.945s] Level 1:colcon.colcon_core.package_identification:_identify(src) by extension 'python_setup_py'
[1.945s] Level 1:colcon.colcon_core.package_identification:_identify(src/ROS-TCP-Endpoint) by extensions ['ignore', 'ignore_ament_install']
[1.946s] Level 1:colcon.colcon_core.package_identification:_identify(src/ROS-TCP-Endpoint) by extension 'ignore'
[1.946s] Level 1:colcon.colcon_core.package_identification:_identify(src/ROS-TCP-Endpoint) by extension 'ignore_ament_install'
[1.946s] Level 1:colcon.colcon_core.package_identification:_identify(src/ROS-TCP-Endpoint) by extensions ['colcon_pkg']
[1.947s] Level 1:colcon.colcon_core.package_identification:_identify(src/ROS-TCP-Endpoint) by extension 'colcon_pkg'
[1.947s] Level 1:colcon.colcon_core.package_identification:_identify(src/ROS-TCP-Endpoint) by extensions ['colcon_meta']
[1.947s] Level 1:colcon.colcon_core.package_identification:_identify(src/ROS-TCP-Endpoint) by extension 'colcon_meta'
[1.947s] Level 1:colcon.colcon_core.package_identification:_identify(src/ROS-TCP-Endpoint) by extensions ['ros']
[1.948s] Level 1:colcon.colcon_core.package_identification:_identify(src/ROS-TCP-Endpoint) by extension 'ros'
[1.959s] DEBUG:colcon.colcon_core.package_identification:Package 'src/ROS-TCP-Endpoint' with type 'ros.ament_python' and name 'ros_tcp_endpoint'
[1.959s] Level 1:colcon.colcon_core.package_identification:_identify(src/build) by extensions ['ignore', 'ignore_ament_install']
[1.960s] Level 1:colcon.colcon_core.package_identification:_identify(src/build) by extension 'ignore'
[1.960s] Level 1:colcon.colcon_core.package_identification:_identify(src/build) ignored
[1.961s] Level 1:colcon.colcon_core.package_identification:_identify(src/install) by extensions ['ignore', 'ignore_ament_install']
[1.961s] Level 1:colcon.colcon_core.package_identification:_identify(src/install) by extension 'ignore'
[1.961s] Level 1:colcon.colcon_core.package_identification:_identify(src/install) ignored
[1.962s] Level 1:colcon.colcon_core.package_identification:_identify(src/log) by extensions ['ignore', 'ignore_ament_install']
[1.962s] Level 1:colcon.colcon_core.package_identification:_identify(src/log) by extension 'ignore'
[1.963s] Level 1:colcon.colcon_core.package_identification:_identify(src/log) ignored
[1.963s] Level 1:colcon.colcon_core.package_identification:_identify(src/my_custom_world) by extensions ['ignore', 'ignore_ament_install']
[1.963s] Level 1:colcon.colcon_core.package_identification:_identify(src/my_custom_world) by extension 'ignore'
[1.964s] Level 1:colcon.colcon_core.package_identification:_identify(src/my_custom_world) by extension 'ignore_ament_install'
[1.964s] Level 1:colcon.colcon_core.package_identification:_identify(src/my_custom_world) by extensions ['colcon_pkg']
[1.964s] Level 1:colcon.colcon_core.package_identification:_identify(src/my_custom_world) by extension 'colcon_pkg'
[1.964s] Level 1:colcon.colcon_core.package_identification:_identify(src/my_custom_world) by extensions ['colcon_meta']
[1.965s] Level 1:colcon.colcon_core.package_identification:_identify(src/my_custom_world) by extension 'colcon_meta'
[1.965s] Level 1:colcon.colcon_core.package_identification:_identify(src/my_custom_world) by extensions ['ros']
[1.965s] Level 1:colcon.colcon_core.package_identification:_identify(src/my_custom_world) by extension 'ros'
[1.966s] Level 1:colcon.colcon_core.package_identification:_identify(src/my_custom_world) by extensions ['cmake', 'python']
[1.966s] Level 1:colcon.colcon_core.package_identification:_identify(src/my_custom_world) by extension 'cmake'
[1.966s] Level 1:colcon.colcon_core.package_identification:_identify(src/my_custom_world) by extension 'python'
[1.967s] Level 1:colcon.colcon_core.package_identification:_identify(src/my_custom_world) by extensions ['python_setup_py']
[1.967s] Level 1:colcon.colcon_core.package_identification:_identify(src/my_custom_world) by extension 'python_setup_py'
[1.968s] Level 1:colcon.colcon_core.package_identification:_identify(src/my_custom_world/models) by extensions ['ignore', 'ignore_ament_install']
[1.968s] Level 1:colcon.colcon_core.package_identification:_identify(src/my_custom_world/models) by extension 'ignore'
[1.968s] Level 1:colcon.colcon_core.package_identification:_identify(src/my_custom_world/models) by extension 'ignore_ament_install'
[1.968s] Level 1:colcon.colcon_core.package_identification:_identify(src/my_custom_world/models) by extensions ['colcon_pkg']
[1.969s] Level 1:colcon.colcon_core.package_identification:_identify(src/my_custom_world/models) by extension 'colcon_pkg'
[1.969s] Level 1:colcon.colcon_core.package_identification:_identify(src/my_custom_world/models) by extensions ['colcon_meta']
[1.969s] Level 1:colcon.colcon_core.package_identification:_identify(src/my_custom_world/models) by extension 'colcon_meta'
[1.969s] Level 1:colcon.colcon_core.package_identification:_identify(src/my_custom_world/models) by extensions ['ros']
[1.970s] Level 1:colcon.colcon_core.package_identification:_identify(src/my_custom_world/models) by extension 'ros'
[1.970s] Level 1:colcon.colcon_core.package_identification:_identify(src/my_custom_world/models) by extensions ['cmake', 'python']
[1.970s] Level 1:colcon.colcon_core.package_identification:_identify(src/my_custom_world/models) by extension 'cmake'
[1.971s] Level 1:colcon.colcon_core.package_identification:_identify(src/my_custom_world/models) by extension 'python'
[1.971s] Level 1:colcon.colcon_core.package_identification:_identify(src/my_custom_world/models) by extensions ['python_setup_py']
[1.971s] Level 1:colcon.colcon_core.package_identification:_identify(src/my_custom_world/models) by extension 'python_setup_py'
[1.972s] Level 1:colcon.colcon_core.package_identification:_identify(src/my_custom_world/worlds) by extensions ['ignore', 'ignore_ament_install']
[1.972s] Level 1:colcon.colcon_core.package_identification:_identify(src/my_custom_world/worlds) by extension 'ignore'
[1.972s] Level 1:colcon.colcon_core.package_identification:_identify(src/my_custom_world/worlds) by extension 'ignore_ament_install'
[1.973s] Level 1:colcon.colcon_core.package_identification:_identify(src/my_custom_world/worlds) by extensions ['colcon_pkg']
[1.973s] Level 1:colcon.colcon_core.package_identification:_identify(src/my_custom_world/worlds) by extension 'colcon_pkg'
[1.973s] Level 1:colcon.colcon_core.package_identification:_identify(src/my_custom_world/worlds) by extensions ['colcon_meta']
[1.973s] Level 1:colcon.colcon_core.package_identification:_identify(src/my_custom_world/worlds) by extension 'colcon_meta'
[1.974s] Level 1:colcon.colcon_core.package_identification:_identify(src/my_custom_world/worlds) by extensions ['ros']
[1.974s] Level 1:colcon.colcon_core.package_identification:_identify(src/my_custom_world/worlds) by extension 'ros'
[1.974s] Level 1:colcon.colcon_core.package_identification:_identify(src/my_custom_world/worlds) by extensions ['cmake', 'python']
[1.975s] Level 1:colcon.colcon_core.package_identification:_identify(src/my_custom_world/worlds) by extension 'cmake'
[1.975s] Level 1:colcon.colcon_core.package_identification:_identify(src/my_custom_world/worlds) by extension 'python'
[1.975s] Level 1:colcon.colcon_core.package_identification:_identify(src/my_custom_world/worlds) by extensions ['python_setup_py']
[1.975s] Level 1:colcon.colcon_core.package_identification:_identify(src/my_custom_world/worlds) by extension 'python_setup_py'
[1.976s] Level 1:colcon.colcon_core.package_identification:_identify(src/navigator) by extensions ['ignore', 'ignore_ament_install']
[1.976s] Level 1:colcon.colcon_core.package_identification:_identify(src/navigator) by extension 'ignore'
[1.976s] Level 1:colcon.colcon_core.package_identification:_identify(src/navigator) by extension 'ignore_ament_install'
[1.977s] Level 1:colcon.colcon_core.package_identification:_identify(src/navigator) by extensions ['colcon_pkg']
[1.977s] Level 1:colcon.colcon_core.package_identification:_identify(src/navigator) by extension 'colcon_pkg'
[1.977s] Level 1:colcon.colcon_core.package_identification:_identify(src/navigator) by extensions ['colcon_meta']
[1.977s] Level 1:colcon.colcon_core.package_identification:_identify(src/navigator) by extension 'colcon_meta'
[1.978s] Level 1:colcon.colcon_core.package_identification:_identify(src/navigator) by extensions ['ros']
[1.978s] Level 1:colcon.colcon_core.package_identification:_identify(src/navigator) by extension 'ros'
[1.980s] DEBUG:colcon.colcon_core.package_identification:Package 'src/navigator' with type 'ros.ament_python' and name 'navigator'
[1.980s] Level 1:colcon.colcon_core.package_identification:_identify(src/send_goal_pkg) by extensions ['ignore', 'ignore_ament_install']
[1.981s] Level 1:colcon.colcon_core.package_identification:_identify(src/send_goal_pkg) by extension 'ignore'
[1.981s] Level 1:colcon.colcon_core.package_identification:_identify(src/send_goal_pkg) by extension 'ignore_ament_install'
[1.981s] Level 1:colcon.colcon_core.package_identification:_identify(src/send_goal_pkg) by extensions ['colcon_pkg']
[1.981s] Level 1:colcon.colcon_core.package_identification:_identify(src/send_goal_pkg) by extension 'colcon_pkg'
[1.982s] Level 1:colcon.colcon_core.package_identification:_identify(src/send_goal_pkg) by extensions ['colcon_meta']
[1.982s] Level 1:colcon.colcon_core.package_identification:_identify(src/send_goal_pkg) by extension 'colcon_meta'
[1.982s] Level 1:colcon.colcon_core.package_identification:_identify(src/send_goal_pkg) by extensions ['ros']
[1.983s] Level 1:colcon.colcon_core.package_identification:_identify(src/send_goal_pkg) by extension 'ros'
[1.986s] DEBUG:colcon.colcon_core.package_identification:Package 'src/send_goal_pkg' with type 'ros.ament_python' and name 'send_goal_pkg'
[1.987s] Level 1:colcon.colcon_core.package_identification:_identify(src/turtlebot_goal_receiver) by extensions ['ignore', 'ignore_ament_install']
[1.987s] Level 1:colcon.colcon_core.package_identification:_identify(src/turtlebot_goal_receiver) by extension 'ignore'
[1.987s] Level 1:colcon.colcon_core.package_identification:_identify(src/turtlebot_goal_receiver) by extension 'ignore_ament_install'
[1.988s] Level 1:colcon.colcon_core.package_identification:_identify(src/turtlebot_goal_receiver) by extensions ['colcon_pkg']
[1.988s] Level 1:colcon.colcon_core.package_identification:_identify(src/turtlebot_goal_receiver) by extension 'colcon_pkg'
[1.988s] Level 1:colcon.colcon_core.package_identification:_identify(src/turtlebot_goal_receiver) by extensions ['colcon_meta']
[1.988s] Level 1:colcon.colcon_core.package_identification:_identify(src/turtlebot_goal_receiver) by extension 'colcon_meta'
[1.989s] Level 1:colcon.colcon_core.package_identification:_identify(src/turtlebot_goal_receiver) by extensions ['ros']
[1.989s] Level 1:colcon.colcon_core.package_identification:_identify(src/turtlebot_goal_receiver) by extension 'ros'
[1.991s] DEBUG:colcon.colcon_core.package_identification:Package 'src/turtlebot_goal_receiver' with type 'ros.ament_python' and name 'turtlebot_goal_receiver'
[1.992s] Level 1:colcon.colcon_core.package_identification:_identify(src/unity_slam_example) by extensions ['ignore', 'ignore_ament_install']
[1.992s] Level 1:colcon.colcon_core.package_identification:_identify(src/unity_slam_example) by extension 'ignore'
[1.992s] Level 1:colcon.colcon_core.package_identification:_identify(src/unity_slam_example) by extension 'ignore_ament_install'
[1.993s] Level 1:colcon.colcon_core.package_identification:_identify(src/unity_slam_example) by extensions ['colcon_pkg']
[1.993s] Level 1:colcon.colcon_core.package_identification:_identify(src/unity_slam_example) by extension 'colcon_pkg'
[1.993s] Level 1:colcon.colcon_core.package_identification:_identify(src/unity_slam_example) by extensions ['colcon_meta']
[1.993s] Level 1:colcon.colcon_core.package_identification:_identify(src/unity_slam_example) by extension 'colcon_meta'
[1.994s] Level 1:colcon.colcon_core.package_identification:_identify(src/unity_slam_example) by extensions ['ros']
[1.994s] Level 1:colcon.colcon_core.package_identification:_identify(src/unity_slam_example) by extension 'ros'
[1.996s] DEBUG:colcon.colcon_core.package_identification:Package 'src/unity_slam_example' with type 'ros.ament_python' and name 'unity_slam_example'
[1.997s] Level 1:colcon.colcon_core.package_discovery:discover_packages(recursive) using defaults
[1.997s] Level 1:colcon.colcon_core.package_discovery:discover_packages(ignore) discover
[1.997s] Level 1:colcon.colcon_core.package_discovery:discover_packages(ignore) using defaults
[1.997s] Level 1:colcon.colcon_core.package_discovery:discover_packages(path) discover
[1.997s] Level 1:colcon.colcon_core.package_discovery:discover_packages(path) using defaults
[2.082s] Level 1:colcon.colcon_core.package_discovery:discover_packages(prefix_path) check parameters
[2.082s] Level 1:colcon.colcon_core.package_discovery:discover_packages(prefix_path) discover
[2.097s] DEBUG:colcon.colcon_installed_package_information.package_discovery:Found 5 installed packages in /home/ubuntuhost/example_ws/install
[2.101s] DEBUG:colcon.colcon_installed_package_information.package_discovery:Found 3 installed packages in /home/ubuntuhost/example_ws/src/install
[2.116s] DEBUG:colcon.colcon_installed_package_information.package_discovery:Found 336 installed packages in /opt/ros/foxy
[2.171s] Level 1:colcon.colcon_core.package_discovery:discover_packages(prefix_path) using defaults
[2.563s] Level 5:colcon.colcon_core.verb:set package 'navigator' build argument 'cmake_args' from command line to 'None'
[2.564s] Level 5:colcon.colcon_core.verb:set package 'navigator' build argument 'cmake_target' from command line to 'None'
[2.564s] Level 5:colcon.colcon_core.verb:set package 'navigator' build argument 'cmake_target_skip_unavailable' from command line to 'False'
[2.564s] Level 5:colcon.colcon_core.verb:set package 'navigator' build argument 'cmake_clean_cache' from command line to 'False'
[2.564s] Level 5:colcon.colcon_core.verb:set package 'navigator' build argument 'cmake_clean_first' from command line to 'False'
[2.565s] Level 5:colcon.colcon_core.verb:set package 'navigator' build argument 'cmake_force_configure' from command line to 'False'
[2.565s] Level 5:colcon.colcon_core.verb:set package 'navigator' build argument 'ament_cmake_args' from command line to 'None'
[2.565s] Level 5:colcon.colcon_core.verb:set package 'navigator' build argument 'catkin_cmake_args' from command line to 'None'
[2.565s] Level 5:colcon.colcon_core.verb:set package 'navigator' build argument 'catkin_skip_building_tests' from command line to 'False'
[2.566s] DEBUG:colcon.colcon_core.verb:Building package 'navigator' with the following arguments: {'ament_cmake_args': None, 'build_base': '/home/ubuntuhost/example_ws/build/navigator', 'catkin_cmake_args': None, 'catkin_skip_building_tests': False, 'cmake_args': None, 'cmake_clean_cache': False, 'cmake_clean_first': False, 'cmake_force_configure': False, 'cmake_target': None, 'cmake_target_skip_unavailable': False, 'install_base': '/home/ubuntuhost/example_ws/install/navigator', 'merge_install': False, 'path': '/home/ubuntuhost/example_ws/src/navigator', 'symlink_install': False, 'test_result_base': None}
[2.567s] Level 5:colcon.colcon_core.verb:set package 'ros_tcp_endpoint' build argument 'cmake_args' from command line to 'None'
[2.568s] Level 5:colcon.colcon_core.verb:set package 'ros_tcp_endpoint' build argument 'cmake_target' from command line to 'None'
[2.568s] Level 5:colcon.colcon_core.verb:set package 'ros_tcp_endpoint' build argument 'cmake_target_skip_unavailable' from command line to 'False'
[2.568s] Level 5:colcon.colcon_core.verb:set package 'ros_tcp_endpoint' build argument 'cmake_clean_cache' from command line to 'False'
[2.568s] Level 5:colcon.colcon_core.verb:set package 'ros_tcp_endpoint' build argument 'cmake_clean_first' from command line to 'False'
[2.568s] Level 5:colcon.colcon_core.verb:set package 'ros_tcp_endpoint' build argument 'cmake_force_configure' from command line to 'False'
[2.569s] Level 5:colcon.colcon_core.verb:set package 'ros_tcp_endpoint' build argument 'ament_cmake_args' from command line to 'None'
[2.569s] Level 5:colcon.colcon_core.verb:set package 'ros_tcp_endpoint' build argument 'catkin_cmake_args' from command line to 'None'
[2.569s] Level 5:colcon.colcon_core.verb:set package 'ros_tcp_endpoint' build argument 'catkin_skip_building_tests' from command line to 'False'
[2.569s] DEBUG:colcon.colcon_core.verb:Building package 'ros_tcp_endpoint' with the following arguments: {'ament_cmake_args': None, 'build_base': '/home/ubuntuhost/example_ws/build/ros_tcp_endpoint', 'catkin_cmake_args': None, 'catkin_skip_building_tests': False, 'cmake_args': None, 'cmake_clean_cache': False, 'cmake_clean_first': False, 'cmake_force_configure': False, 'cmake_target': None, 'cmake_target_skip_unavailable': False, 'install_base': '/home/ubuntuhost/example_ws/install/ros_tcp_endpoint', 'merge_install': False, 'path': '/home/ubuntuhost/example_ws/src/ROS-TCP-Endpoint', 'symlink_install': False, 'test_result_base': None}
[2.571s] Level 5:colcon.colcon_core.verb:set package 'send_goal_pkg' build argument 'cmake_args' from command line to 'None'
[2.571s] Level 5:colcon.colcon_core.verb:set package 'send_goal_pkg' build argument 'cmake_target' from command line to 'None'
[2.571s] Level 5:colcon.colcon_core.verb:set package 'send_goal_pkg' build argument 'cmake_target_skip_unavailable' from command line to 'False'
[2.571s] Level 5:colcon.colcon_core.verb:set package 'send_goal_pkg' build argument 'cmake_clean_cache' from command line to 'False'
[2.571s] Level 5:colcon.colcon_core.verb:set package 'send_goal_pkg' build argument 'cmake_clean_first' from command line to 'False'
[2.571s] Level 5:colcon.colcon_core.verb:set package 'send_goal_pkg' build argument 'cmake_force_configure' from command line to 'False'
[2.572s] Level 5:colcon.colcon_core.verb:set package 'send_goal_pkg' build argument 'ament_cmake_args' from command line to 'None'
[2.572s] Level 5:colcon.colcon_core.verb:set package 'send_goal_pkg' build argument 'catkin_cmake_args' from command line to 'None'
[2.572s] Level 5:colcon.colcon_core.verb:set package 'send_goal_pkg' build argument 'catkin_skip_building_tests' from command line to 'False'
[2.572s] DEBUG:colcon.colcon_core.verb:Building package 'send_goal_pkg' with the following arguments: {'ament_cmake_args': None, 'build_base': '/home/ubuntuhost/example_ws/build/send_goal_pkg', 'catkin_cmake_args': None, 'catkin_skip_building_tests': False, 'cmake_args': None, 'cmake_clean_cache': False, 'cmake_clean_first': False, 'cmake_force_configure': False, 'cmake_target': None, 'cmake_target_skip_unavailable': False, 'install_base': '/home/ubuntuhost/example_ws/install/send_goal_pkg', 'merge_install': False, 'path': '/home/ubuntuhost/example_ws/src/send_goal_pkg', 'symlink_install': False, 'test_result_base': None}
[2.573s] Level 5:colcon.colcon_core.verb:set package 'turtlebot_goal_receiver' build argument 'cmake_args' from command line to 'None'
[2.574s] Level 5:colcon.colcon_core.verb:set package 'turtlebot_goal_receiver' build argument 'cmake_target' from command line to 'None'
[2.574s] Level 5:colcon.colcon_core.verb:set package 'turtlebot_goal_receiver' build argument 'cmake_target_skip_unavailable' from command line to 'False'
[2.574s] Level 5:colcon.colcon_core.verb:set package 'turtlebot_goal_receiver' build argument 'cmake_clean_cache' from command line to 'False'
[2.575s] Level 5:colcon.colcon_core.verb:set package 'turtlebot_goal_receiver' build argument 'cmake_clean_first' from command line to 'False'
[2.575s] Level 5:colcon.colcon_core.verb:set package 'turtlebot_goal_receiver' build argument 'cmake_force_configure' from command line to 'False'
[2.575s] Level 5:colcon.colcon_core.verb:set package 'turtlebot_goal_receiver' build argument 'ament_cmake_args' from command line to 'None'
[2.575s] Level 5:colcon.colcon_core.verb:set package 'turtlebot_goal_receiver' build argument 'catkin_cmake_args' from command line to 'None'
[2.575s] Level 5:colcon.colcon_core.verb:set package 'turtlebot_goal_receiver' build argument 'catkin_skip_building_tests' from command line to 'False'
[2.575s] DEBUG:colcon.colcon_core.verb:Building package 'turtlebot_goal_receiver' with the following arguments: {'ament_cmake_args': None, 'build_base': '/home/ubuntuhost/example_ws/build/turtlebot_goal_receiver', 'catkin_cmake_args': None, 'catkin_skip_building_tests': False, 'cmake_args': None, 'cmake_clean_cache': False, 'cmake_clean_first': False, 'cmake_force_configure': False, 'cmake_target': None, 'cmake_target_skip_unavailable': False, 'install_base': '/home/ubuntuhost/example_ws/install/turtlebot_goal_receiver', 'merge_install': False, 'path': '/home/ubuntuhost/example_ws/src/turtlebot_goal_receiver', 'symlink_install': False, 'test_result_base': None}
[2.577s] Level 5:colcon.colcon_core.verb:set package 'unity_slam_example' build argument 'cmake_args' from command line to 'None'
[2.577s] Level 5:colcon.colcon_core.verb:set package 'unity_slam_example' build argument 'cmake_target' from command line to 'None'
[2.577s] Level 5:colcon.colcon_core.verb:set package 'unity_slam_example' build argument 'cmake_target_skip_unavailable' from command line to 'False'
[2.578s] Level 5:colcon.colcon_core.verb:set package 'unity_slam_example' build argument 'cmake_clean_cache' from command line to 'False'
[2.578s] Level 5:colcon.colcon_core.verb:set package 'unity_slam_example' build argument 'cmake_clean_first' from command line to 'False'
[2.578s] Level 5:colcon.colcon_core.verb:set package 'unity_slam_example' build argument 'cmake_force_configure' from command line to 'False'
[2.578s] Level 5:colcon.colcon_core.verb:set package 'unity_slam_example' build argument 'ament_cmake_args' from command line to 'None'
[2.578s] Level 5:colcon.colcon_core.verb:set package 'unity_slam_example' build argument 'catkin_cmake_args' from command line to 'None'
[2.578s] Level 5:colcon.colcon_core.verb:set package 'unity_slam_example' build argument 'catkin_skip_building_tests' from command line to 'False'
[2.579s] DEBUG:colcon.colcon_core.verb:Building package 'unity_slam_example' with the following arguments: {'ament_cmake_args': None, 'build_base': '/home/ubuntuhost/example_ws/build/unity_slam_example', 'catkin_cmake_args': None, 'catkin_skip_building_tests': False, 'cmake_args': None, 'cmake_clean_cache': False, 'cmake_clean_first': False, 'cmake_force_configure': False, 'cmake_target': None, 'cmake_target_skip_unavailable': False, 'install_base': '/home/ubuntuhost/example_ws/install/unity_slam_example', 'merge_install': False, 'path': '/home/ubuntuhost/example_ws/src/unity_slam_example', 'symlink_install': False, 'test_result_base': None}
[2.579s] INFO:colcon.colcon_core.executor:Executing jobs using 'parallel' executor
[2.584s] DEBUG:colcon.colcon_parallel_executor.executor.parallel:run_until_complete
[2.585s] INFO:colcon.colcon_ros.task.ament_python.build:Building ROS package in '/home/ubuntuhost/example_ws/src/navigator' with build type 'ament_python'
[2.585s] Level 1:colcon.colcon_core.shell:create_environment_hook('navigator', 'ament_prefix_path')
[2.602s] INFO:colcon.colcon_core.plugin_system:Skipping extension 'colcon_core.shell.bat': Not used on non-Windows systems
[2.603s] INFO:colcon.colcon_core.shell:Creating environment hook '/home/ubuntuhost/example_ws/install/navigator/share/navigator/hook/ament_prefix_path.ps1'
[2.606s] INFO:colcon.colcon_core.shell:Creating environment descriptor '/home/ubuntuhost/example_ws/install/navigator/share/navigator/hook/ament_prefix_path.dsv'
[2.609s] INFO:colcon.colcon_core.shell:Creating environment hook '/home/ubuntuhost/example_ws/install/navigator/share/navigator/hook/ament_prefix_path.sh'
[2.613s] INFO:colcon.colcon_core.shell:Skip shell extension 'powershell' for command environment: Not usable outside of PowerShell
[2.614s] DEBUG:colcon.colcon_core.shell:Skip shell extension 'dsv' for command environment
[2.654s] INFO:colcon.colcon_ros.task.ament_python.build:Building ROS package in '/home/ubuntuhost/example_ws/src/ROS-TCP-Endpoint' with build type 'ament_python'
[2.657s] Level 1:colcon.colcon_core.shell:create_environment_hook('ros_tcp_endpoint', 'ament_prefix_path')
[2.660s] INFO:colcon.colcon_core.shell:Creating environment hook '/home/ubuntuhost/example_ws/install/ros_tcp_endpoint/share/ros_tcp_endpoint/hook/ament_prefix_path.ps1'
[2.669s] INFO:colcon.colcon_core.shell:Creating environment descriptor '/home/ubuntuhost/example_ws/install/ros_tcp_endpoint/share/ros_tcp_endpoint/hook/ament_prefix_path.dsv'
[2.672s] INFO:colcon.colcon_core.shell:Creating environment hook '/home/ubuntuhost/example_ws/install/ros_tcp_endpoint/share/ros_tcp_endpoint/hook/ament_prefix_path.sh'
[2.675s] INFO:colcon.colcon_core.shell:Skip shell extension 'powershell' for command environment: Not usable outside of PowerShell
[2.676s] DEBUG:colcon.colcon_core.shell:Skip shell extension 'dsv' for command environment
[2.721s] INFO:colcon.colcon_ros.task.ament_python.build:Building ROS package in '/home/ubuntuhost/example_ws/src/send_goal_pkg' with build type 'ament_python'
[2.725s] Level 1:colcon.colcon_core.shell:create_environment_hook('send_goal_pkg', 'ament_prefix_path')
[2.729s] INFO:colcon.colcon_core.shell:Creating environment hook '/home/ubuntuhost/example_ws/install/send_goal_pkg/share/send_goal_pkg/hook/ament_prefix_path.ps1'
[2.737s] INFO:colcon.colcon_core.shell:Creating environment descriptor '/home/ubuntuhost/example_ws/install/send_goal_pkg/share/send_goal_pkg/hook/ament_prefix_path.dsv'
[2.740s] INFO:colcon.colcon_core.shell:Creating environment hook '/home/ubuntuhost/example_ws/install/send_goal_pkg/share/send_goal_pkg/hook/ament_prefix_path.sh'
[2.744s] INFO:colcon.colcon_core.shell:Skip shell extension 'powershell' for command environment: Not usable outside of PowerShell
[2.744s] DEBUG:colcon.colcon_core.shell:Skip shell extension 'dsv' for command environment
[2.788s] INFO:colcon.colcon_ros.task.ament_python.build:Building ROS package in '/home/ubuntuhost/example_ws/src/turtlebot_goal_receiver' with build type 'ament_python'
[2.791s] Level 1:colcon.colcon_core.shell:create_environment_hook('turtlebot_goal_receiver', 'ament_prefix_path')
[2.794s] INFO:colcon.colcon_core.shell:Creating environment hook '/home/ubuntuhost/example_ws/install/turtlebot_goal_receiver/share/turtlebot_goal_receiver/hook/ament_prefix_path.ps1'
[2.803s] INFO:colcon.colcon_core.shell:Creating environment descriptor '/home/ubuntuhost/example_ws/install/turtlebot_goal_receiver/share/turtlebot_goal_receiver/hook/ament_prefix_path.dsv'
[2.805s] INFO:colcon.colcon_core.shell:Creating environment hook '/home/ubuntuhost/example_ws/install/turtlebot_goal_receiver/share/turtlebot_goal_receiver/hook/ament_prefix_path.sh'
[2.809s] INFO:colcon.colcon_core.shell:Skip shell extension 'powershell' for command environment: Not usable outside of PowerShell
[2.809s] DEBUG:colcon.colcon_core.shell:Skip shell extension 'dsv' for command environment
[2.855s] INFO:colcon.colcon_ros.task.ament_python.build:Building ROS package in '/home/ubuntuhost/example_ws/src/unity_slam_example' with build type 'ament_python'
[2.858s] Level 1:colcon.colcon_core.shell:create_environment_hook('unity_slam_example', 'ament_prefix_path')
[2.861s] INFO:colcon.colcon_core.shell:Creating environment hook '/home/ubuntuhost/example_ws/install/unity_slam_example/share/unity_slam_example/hook/ament_prefix_path.ps1'
[2.869s] INFO:colcon.colcon_core.shell:Creating environment descriptor '/home/ubuntuhost/example_ws/install/unity_slam_example/share/unity_slam_example/hook/ament_prefix_path.dsv'
[2.875s] INFO:colcon.colcon_core.shell:Creating environment hook '/home/ubuntuhost/example_ws/install/unity_slam_example/share/unity_slam_example/hook/ament_prefix_path.sh'
[2.878s] INFO:colcon.colcon_core.shell:Skip shell extension 'powershell' for command environment: Not usable outside of PowerShell
[2.878s] DEBUG:colcon.colcon_core.shell:Skip shell extension 'dsv' for command environment
[4.373s] INFO:colcon.colcon_core.task.python.build:Building Python package in '/home/ubuntuhost/example_ws/src/navigator'
[4.377s] INFO:colcon.colcon_core.shell:Skip shell extension 'powershell' for command environment: Not usable outside of PowerShell
[4.377s] DEBUG:colcon.colcon_core.shell:Skip shell extension 'dsv' for command environment
[5.845s] INFO:colcon.colcon_core.task.python.build:Building Python package in '/home/ubuntuhost/example_ws/src/ROS-TCP-Endpoint'
[5.849s] INFO:colcon.colcon_core.shell:Skip shell extension 'powershell' for command environment: Not usable outside of PowerShell
[5.849s] DEBUG:colcon.colcon_core.shell:Skip shell extension 'dsv' for command environment
[7.293s] INFO:colcon.colcon_core.task.python.build:Building Python package in '/home/ubuntuhost/example_ws/src/send_goal_pkg'
[7.297s] INFO:colcon.colcon_core.shell:Skip shell extension 'powershell' for command environment: Not usable outside of PowerShell
[7.298s] DEBUG:colcon.colcon_core.shell:Skip shell extension 'dsv' for command environment
[8.882s] INFO:colcon.colcon_core.task.python.build:Building Python package in '/home/ubuntuhost/example_ws/src/turtlebot_goal_receiver'
[8.887s] INFO:colcon.colcon_core.shell:Skip shell extension 'powershell' for command environment: Not usable outside of PowerShell
[8.887s] DEBUG:colcon.colcon_core.shell:Skip shell extension 'dsv' for command environment
[10.369s] INFO:colcon.colcon_core.task.python.build:Building Python package in '/home/ubuntuhost/example_ws/src/unity_slam_example'
[10.374s] INFO:colcon.colcon_core.shell:Skip shell extension 'powershell' for command environment: Not usable outside of PowerShell
[10.374s] DEBUG:colcon.colcon_core.shell:Skip shell extension 'dsv' for command environment
[12.774s] DEBUG:colcon.colcon_core.event_handler.log_command:Invoking command in '/home/ubuntuhost/example_ws/src/navigator': PYTHONPATH=/home/ubuntuhost/example_ws/build/navigator/prefix_override:/home/ubuntuhost/example_ws/install/navigator/lib/python3.8/site-packages:${PYTHONPATH} /usr/bin/python3 -W ignore:setup.py install is deprecated setup.py egg_info --egg-base ../../build/navigator build --build-base /home/ubuntuhost/example_ws/build/navigator/build install --record /home/ubuntuhost/example_ws/build/navigator/install.log --install-scripts $base/lib/navigator --single-version-externally-managed install_data
[12.862s] DEBUG:colcon.colcon_core.event_handler.log_command:Invoking command in '/home/ubuntuhost/example_ws/src/ROS-TCP-Endpoint': PYTHONPATH=/home/ubuntuhost/example_ws/build/ros_tcp_endpoint/prefix_override:/home/ubuntuhost/example_ws/install/ros_tcp_endpoint/lib/python3.8/site-packages:${PYTHONPATH} /usr/bin/python3 -W ignore:setup.py install is deprecated setup.py egg_info --egg-base ../../build/ros_tcp_endpoint build --build-base /home/ubuntuhost/example_ws/build/ros_tcp_endpoint/build install --record /home/ubuntuhost/example_ws/build/ros_tcp_endpoint/install.log --install-scripts $base/lib/ros_tcp_endpoint --single-version-externally-managed install_data
[12.869s] DEBUG:colcon.colcon_core.event_handler.log_command:Invoking command in '/home/ubuntuhost/example_ws/src/send_goal_pkg': PYTHONPATH=/home/ubuntuhost/example_ws/build/send_goal_pkg/prefix_override:/home/ubuntuhost/example_ws/install/send_goal_pkg/lib/python3.8/site-packages:${PYTHONPATH} /usr/bin/python3 -W ignore:setup.py install is deprecated setup.py egg_info --egg-base ../../build/send_goal_pkg build --build-base /home/ubuntuhost/example_ws/build/send_goal_pkg/build install --record /home/ubuntuhost/example_ws/build/send_goal_pkg/install.log --install-scripts $base/lib/send_goal_pkg --single-version-externally-managed install_data
[12.916s] DEBUG:colcon.colcon_core.event_handler.log_command:Invoking command in '/home/ubuntuhost/example_ws/src/turtlebot_goal_receiver': PYTHONPATH=/home/ubuntuhost/example_ws/build/turtlebot_goal_receiver/prefix_override:/home/ubuntuhost/example_ws/install/turtlebot_goal_receiver/lib/python3.8/site-packages:${PYTHONPATH} /usr/bin/python3 -W ignore:setup.py install is deprecated setup.py egg_info --egg-base ../../build/turtlebot_goal_receiver build --build-base /home/ubuntuhost/example_ws/build/turtlebot_goal_receiver/build install --record /home/ubuntuhost/example_ws/build/turtlebot_goal_receiver/install.log --install-scripts $base/lib/turtlebot_goal_receiver --single-version-externally-managed install_data
[12.957s] DEBUG:colcon.colcon_core.event_handler.log_command:Invoking command in '/home/ubuntuhost/example_ws/src/unity_slam_example': PYTHONPATH=/home/ubuntuhost/example_ws/build/unity_slam_example/prefix_override:/home/ubuntuhost/example_ws/install/unity_slam_example/lib/python3.8/site-packages:${PYTHONPATH} /usr/bin/python3 -W ignore:setup.py install is deprecated setup.py egg_info --egg-base ../../build/unity_slam_example build --build-base /home/ubuntuhost/example_ws/build/unity_slam_example/build install --record /home/ubuntuhost/example_ws/build/unity_slam_example/install.log --install-scripts $base/lib/unity_slam_example --single-version-externally-managed install_data
[14.484s] DEBUG:colcon.colcon_core.event_handler.log_command:Invoked command in '/home/ubuntuhost/example_ws/src/unity_slam_example' returned '0': PYTHONPATH=/home/ubuntuhost/example_ws/build/unity_slam_example/prefix_override:/home/ubuntuhost/example_ws/install/unity_slam_example/lib/python3.8/site-packages:${PYTHONPATH} /usr/bin/python3 -W ignore:setup.py install is deprecated setup.py egg_info --egg-base ../../build/unity_slam_example build --build-base /home/ubuntuhost/example_ws/build/unity_slam_example/build install --record /home/ubuntuhost/example_ws/build/unity_slam_example/install.log --install-scripts $base/lib/unity_slam_example --single-version-externally-managed install_data
[14.513s] Level 1:colcon.colcon_core.environment:checking '/home/ubuntuhost/example_ws/install/unity_slam_example' for CMake module files
[14.517s] Level 1:colcon.colcon_core.environment:checking '/home/ubuntuhost/example_ws/install/unity_slam_example' for CMake config files
[14.524s] Level 1:colcon.colcon_core.environment:checking '/home/ubuntuhost/example_ws/install/unity_slam_example/lib'
[14.525s] Level 1:colcon.colcon_core.environment:checking '/home/ubuntuhost/example_ws/install/unity_slam_example/bin'
[14.526s] Level 1:colcon.colcon_core.environment:checking '/home/ubuntuhost/example_ws/install/unity_slam_example/lib/pkgconfig/unity_slam_example.pc'
[14.528s] Level 1:colcon.colcon_core.environment:checking '/home/ubuntuhost/example_ws/install/unity_slam_example/lib/python3.8/site-packages'
[14.528s] Level 1:colcon.colcon_core.shell:create_environment_hook('unity_slam_example', 'pythonpath')
[14.530s] INFO:colcon.colcon_core.shell:Creating environment hook '/home/ubuntuhost/example_ws/install/unity_slam_example/share/unity_slam_example/hook/pythonpath.ps1'
[14.540s] INFO:colcon.colcon_core.shell:Creating environment descriptor '/home/ubuntuhost/example_ws/install/unity_slam_example/share/unity_slam_example/hook/pythonpath.dsv'
[14.544s] INFO:colcon.colcon_core.shell:Creating environment hook '/home/ubuntuhost/example_ws/install/unity_slam_example/share/unity_slam_example/hook/pythonpath.sh'
[14.548s] Level 1:colcon.colcon_core.environment:checking '/home/ubuntuhost/example_ws/install/unity_slam_example/bin'
[14.549s] Level 1:colcon.colcon_core.environment:create_environment_scripts_only(unity_slam_example)
[14.551s] INFO:colcon.colcon_core.shell:Creating package script '/home/ubuntuhost/example_ws/install/unity_slam_example/share/unity_slam_example/package.ps1'
[14.556s] INFO:colcon.colcon_core.shell:Creating package descriptor '/home/ubuntuhost/example_ws/install/unity_slam_example/share/unity_slam_example/package.dsv'
[14.561s] INFO:colcon.colcon_core.shell:Creating package script '/home/ubuntuhost/example_ws/install/unity_slam_example/share/unity_slam_example/package.sh'
[14.564s] INFO:colcon.colcon_core.shell:Creating package script '/home/ubuntuhost/example_ws/install/unity_slam_example/share/unity_slam_example/package.bash'
[14.568s] INFO:colcon.colcon_core.shell:Creating package script '/home/ubuntuhost/example_ws/install/unity_slam_example/share/unity_slam_example/package.zsh'
[14.573s] Level 1:colcon.colcon_core.environment:create_file_with_runtime_dependencies(/home/ubuntuhost/example_ws/install/unity_slam_example/share/colcon-core/packages/unity_slam_example)
[14.596s] Level 1:colcon.colcon_core.environment:checking '/home/ubuntuhost/example_ws/install/navigator' for CMake module files
[14.604s] DEBUG:colcon.colcon_core.event_handler.log_command:Invoked command in '/home/ubuntuhost/example_ws/src/navigator' returned '0': PYTHONPATH=/home/ubuntuhost/example_ws/build/navigator/prefix_override:/home/ubuntuhost/example_ws/install/navigator/lib/python3.8/site-packages:${PYTHONPATH} /usr/bin/python3 -W ignore:setup.py install is deprecated setup.py egg_info --egg-base ../../build/navigator build --build-base /home/ubuntuhost/example_ws/build/navigator/build install --record /home/ubuntuhost/example_ws/build/navigator/install.log --install-scripts $base/lib/navigator --single-version-externally-managed install_data
[14.610s] Level 1:colcon.colcon_core.environment:checking '/home/ubuntuhost/example_ws/install/navigator' for CMake config files
[14.614s] Level 1:colcon.colcon_core.environment:checking '/home/ubuntuhost/example_ws/install/navigator/lib'
[14.615s] Level 1:colcon.colcon_core.environment:checking '/home/ubuntuhost/example_ws/install/navigator/bin'
[14.615s] Level 1:colcon.colcon_core.environment:checking '/home/ubuntuhost/example_ws/install/navigator/lib/pkgconfig/navigator.pc'
[14.616s] Level 1:colcon.colcon_core.environment:checking '/home/ubuntuhost/example_ws/install/navigator/lib/python3.8/site-packages'
[14.616s] Level 1:colcon.colcon_core.shell:create_environment_hook('navigator', 'pythonpath')
[14.617s] INFO:colcon.colcon_core.shell:Creating environment hook '/home/ubuntuhost/example_ws/install/navigator/share/navigator/hook/pythonpath.ps1'
[14.620s] INFO:colcon.colcon_core.shell:Creating environment descriptor '/home/ubuntuhost/example_ws/install/navigator/share/navigator/hook/pythonpath.dsv'
[14.623s] INFO:colcon.colcon_core.shell:Creating environment hook '/home/ubuntuhost/example_ws/install/navigator/share/navigator/hook/pythonpath.sh'
[14.627s] Level 1:colcon.colcon_core.environment:checking '/home/ubuntuhost/example_ws/install/navigator/bin'
[14.627s] Level 1:colcon.colcon_core.environment:create_environment_scripts_only(navigator)
[14.628s] INFO:colcon.colcon_core.shell:Creating package script '/home/ubuntuhost/example_ws/install/navigator/share/navigator/package.ps1'
[14.632s] INFO:colcon.colcon_core.shell:Creating package descriptor '/home/ubuntuhost/example_ws/install/navigator/share/navigator/package.dsv'
[14.634s] INFO:colcon.colcon_core.shell:Creating package script '/home/ubuntuhost/example_ws/install/navigator/share/navigator/package.sh'
[14.637s] INFO:colcon.colcon_core.shell:Creating package script '/home/ubuntuhost/example_ws/install/navigator/share/navigator/package.bash'
[14.641s] INFO:colcon.colcon_core.shell:Creating package script '/home/ubuntuhost/example_ws/install/navigator/share/navigator/package.zsh'
[14.644s] Level 1:colcon.colcon_core.environment:create_file_with_runtime_dependencies(/home/ubuntuhost/example_ws/install/navigator/share/colcon-core/packages/navigator)
[14.646s] Level 1:colcon.colcon_core.environment:checking '/home/ubuntuhost/example_ws/install/ros_tcp_endpoint' for CMake module files
[14.655s] DEBUG:colcon.colcon_core.event_handler.log_command:Invoked command in '/home/ubuntuhost/example_ws/src/ROS-TCP-Endpoint' returned '0': PYTHONPATH=/home/ubuntuhost/example_ws/build/ros_tcp_endpoint/prefix_override:/home/ubuntuhost/example_ws/install/ros_tcp_endpoint/lib/python3.8/site-packages:${PYTHONPATH} /usr/bin/python3 -W ignore:setup.py install is deprecated setup.py egg_info --egg-base ../../build/ros_tcp_endpoint build --build-base /home/ubuntuhost/example_ws/build/ros_tcp_endpoint/build install --record /home/ubuntuhost/example_ws/build/ros_tcp_endpoint/install.log --install-scripts $base/lib/ros_tcp_endpoint --single-version-externally-managed install_data
[14.656s] Level 1:colcon.colcon_core.environment:checking '/home/ubuntuhost/example_ws/install/ros_tcp_endpoint' for CMake config files
[14.660s] Level 1:colcon.colcon_core.environment:checking '/home/ubuntuhost/example_ws/install/ros_tcp_endpoint/lib'
[14.660s] Level 1:colcon.colcon_core.environment:checking '/home/ubuntuhost/example_ws/install/ros_tcp_endpoint/bin'
[14.661s] Level 1:colcon.colcon_core.environment:checking '/home/ubuntuhost/example_ws/install/ros_tcp_endpoint/lib/pkgconfig/ros_tcp_endpoint.pc'
[14.661s] Level 1:colcon.colcon_core.environment:checking '/home/ubuntuhost/example_ws/install/ros_tcp_endpoint/lib/python3.8/site-packages'
[14.662s] Level 1:colcon.colcon_core.shell:create_environment_hook('ros_tcp_endpoint', 'pythonpath')
[14.663s] INFO:colcon.colcon_core.shell:Creating environment hook '/home/ubuntuhost/example_ws/install/ros_tcp_endpoint/share/ros_tcp_endpoint/hook/pythonpath.ps1'
[14.665s] INFO:colcon.colcon_core.shell:Creating environment descriptor '/home/ubuntuhost/example_ws/install/ros_tcp_endpoint/share/ros_tcp_endpoint/hook/pythonpath.dsv'
[14.668s] INFO:colcon.colcon_core.shell:Creating environment hook '/home/ubuntuhost/example_ws/install/ros_tcp_endpoint/share/ros_tcp_endpoint/hook/pythonpath.sh'
[14.672s] Level 1:colcon.colcon_core.environment:checking '/home/ubuntuhost/example_ws/install/ros_tcp_endpoint/bin'
[14.673s] Level 1:colcon.colcon_core.environment:create_environment_scripts_only(ros_tcp_endpoint)
[14.674s] INFO:colcon.colcon_core.shell:Creating package script '/home/ubuntuhost/example_ws/install/ros_tcp_endpoint/share/ros_tcp_endpoint/package.ps1'
[14.679s] INFO:colcon.colcon_core.shell:Creating package descriptor '/home/ubuntuhost/example_ws/install/ros_tcp_endpoint/share/ros_tcp_endpoint/package.dsv'
[14.681s] INFO:colcon.colcon_core.shell:Creating package script '/home/ubuntuhost/example_ws/install/ros_tcp_endpoint/share/ros_tcp_endpoint/package.sh'
[14.684s] INFO:colcon.colcon_core.shell:Creating package script '/home/ubuntuhost/example_ws/install/ros_tcp_endpoint/share/ros_tcp_endpoint/package.bash'
[14.687s] INFO:colcon.colcon_core.shell:Creating package script '/home/ubuntuhost/example_ws/install/ros_tcp_endpoint/share/ros_tcp_endpoint/package.zsh'
[14.689s] Level 1:colcon.colcon_core.environment:create_file_with_runtime_dependencies(/home/ubuntuhost/example_ws/install/ros_tcp_endpoint/share/colcon-core/packages/ros_tcp_endpoint)
[14.694s] Level 1:colcon.colcon_core.environment:checking '/home/ubuntuhost/example_ws/install/send_goal_pkg' for CMake module files
[14.704s] Level 1:colcon.colcon_core.environment:checking '/home/ubuntuhost/example_ws/install/send_goal_pkg' for CMake config files
[14.711s] DEBUG:colcon.colcon_core.event_handler.log_command:Invoked command in '/home/ubuntuhost/example_ws/src/send_goal_pkg' returned '0': PYTHONPATH=/home/ubuntuhost/example_ws/build/send_goal_pkg/prefix_override:/home/ubuntuhost/example_ws/install/send_goal_pkg/lib/python3.8/site-packages:${PYTHONPATH} /usr/bin/python3 -W ignore:setup.py install is deprecated setup.py egg_info --egg-base ../../build/send_goal_pkg build --build-base /home/ubuntuhost/example_ws/build/send_goal_pkg/build install --record /home/ubuntuhost/example_ws/build/send_goal_pkg/install.log --install-scripts $base/lib/send_goal_pkg --single-version-externally-managed install_data
[14.712s] Level 1:colcon.colcon_core.environment:checking '/home/ubuntuhost/example_ws/install/send_goal_pkg/lib'
[14.713s] Level 1:colcon.colcon_core.environment:checking '/home/ubuntuhost/example_ws/install/send_goal_pkg/bin'
[14.713s] Level 1:colcon.colcon_core.environment:checking '/home/ubuntuhost/example_ws/install/send_goal_pkg/lib/pkgconfig/send_goal_pkg.pc'
[14.714s] Level 1:colcon.colcon_core.environment:checking '/home/ubuntuhost/example_ws/install/send_goal_pkg/lib/python3.8/site-packages'
[14.714s] Level 1:colcon.colcon_core.shell:create_environment_hook('send_goal_pkg', 'pythonpath')
[14.715s] INFO:colcon.colcon_core.shell:Creating environment hook '/home/ubuntuhost/example_ws/install/send_goal_pkg/share/send_goal_pkg/hook/pythonpath.ps1'
[14.717s] INFO:colcon.colcon_core.shell:Creating environment descriptor '/home/ubuntuhost/example_ws/install/send_goal_pkg/share/send_goal_pkg/hook/pythonpath.dsv'
[14.721s] INFO:colcon.colcon_core.shell:Creating environment hook '/home/ubuntuhost/example_ws/install/send_goal_pkg/share/send_goal_pkg/hook/pythonpath.sh'
[14.724s] Level 1:colcon.colcon_core.environment:checking '/home/ubuntuhost/example_ws/install/send_goal_pkg/bin'
[14.725s] Level 1:colcon.colcon_core.environment:create_environment_scripts_only(send_goal_pkg)
[14.727s] INFO:colcon.colcon_core.shell:Creating package script '/home/ubuntuhost/example_ws/install/send_goal_pkg/share/send_goal_pkg/package.ps1'
[14.729s] INFO:colcon.colcon_core.shell:Creating package descriptor '/home/ubuntuhost/example_ws/install/send_goal_pkg/share/send_goal_pkg/package.dsv'
[14.732s] INFO:colcon.colcon_core.shell:Creating package script '/home/ubuntuhost/example_ws/install/send_goal_pkg/share/send_goal_pkg/package.sh'
[14.734s] INFO:colcon.colcon_core.shell:Creating package script '/home/ubuntuhost/example_ws/install/send_goal_pkg/share/send_goal_pkg/package.bash'
[14.737s] INFO:colcon.colcon_core.shell:Creating package script '/home/ubuntuhost/example_ws/install/send_goal_pkg/share/send_goal_pkg/package.zsh'
[14.739s] Level 1:colcon.colcon_core.environment:create_file_with_runtime_dependencies(/home/ubuntuhost/example_ws/install/send_goal_pkg/share/colcon-core/packages/send_goal_pkg)
[14.743s] Level 1:colcon.colcon_core.environment:checking '/home/ubuntuhost/example_ws/install/turtlebot_goal_receiver' for CMake module files
[14.751s] DEBUG:colcon.colcon_core.event_handler.log_command:Invoked command in '/home/ubuntuhost/example_ws/src/turtlebot_goal_receiver' returned '0': PYTHONPATH=/home/ubuntuhost/example_ws/build/turtlebot_goal_receiver/prefix_override:/home/ubuntuhost/example_ws/install/turtlebot_goal_receiver/lib/python3.8/site-packages:${PYTHONPATH} /usr/bin/python3 -W ignore:setup.py install is deprecated setup.py egg_info --egg-base ../../build/turtlebot_goal_receiver build --build-base /home/ubuntuhost/example_ws/build/turtlebot_goal_receiver/build install --record /home/ubuntuhost/example_ws/build/turtlebot_goal_receiver/install.log --install-scripts $base/lib/turtlebot_goal_receiver --single-version-externally-managed install_data
[14.753s] Level 1:colcon.colcon_core.environment:checking '/home/ubuntuhost/example_ws/install/turtlebot_goal_receiver' for CMake config files
[14.757s] Level 1:colcon.colcon_core.environment:checking '/home/ubuntuhost/example_ws/install/turtlebot_goal_receiver/lib'
[14.757s] Level 1:colcon.colcon_core.environment:checking '/home/ubuntuhost/example_ws/install/turtlebot_goal_receiver/bin'
[14.758s] Level 1:colcon.colcon_core.environment:checking '/home/ubuntuhost/example_ws/install/turtlebot_goal_receiver/lib/pkgconfig/turtlebot_goal_receiver.pc'
[14.758s] Level 1:colcon.colcon_core.environment:checking '/home/ubuntuhost/example_ws/install/turtlebot_goal_receiver/lib/python3.8/site-packages'
[14.759s] Level 1:colcon.colcon_core.shell:create_environment_hook('turtlebot_goal_receiver', 'pythonpath')
[14.760s] INFO:colcon.colcon_core.shell:Creating environment hook '/home/ubuntuhost/example_ws/install/turtlebot_goal_receiver/share/turtlebot_goal_receiver/hook/pythonpath.ps1'
[14.762s] INFO:colcon.colcon_core.shell:Creating environment descriptor '/home/ubuntuhost/example_ws/install/turtlebot_goal_receiver/share/turtlebot_goal_receiver/hook/pythonpath.dsv'
[14.765s] INFO:colcon.colcon_core.shell:Creating environment hook '/home/ubuntuhost/example_ws/install/turtlebot_goal_receiver/share/turtlebot_goal_receiver/hook/pythonpath.sh'
[14.768s] Level 1:colcon.colcon_core.environment:checking '/home/ubuntuhost/example_ws/install/turtlebot_goal_receiver/bin'
[14.768s] Level 1:colcon.colcon_core.environment:create_environment_scripts_only(turtlebot_goal_receiver)
[14.769s] INFO:colcon.colcon_core.shell:Creating package script '/home/ubuntuhost/example_ws/install/turtlebot_goal_receiver/share/turtlebot_goal_receiver/package.ps1'
[14.773s] INFO:colcon.colcon_core.shell:Creating package descriptor '/home/ubuntuhost/example_ws/install/turtlebot_goal_receiver/share/turtlebot_goal_receiver/package.dsv'
[14.776s] INFO:colcon.colcon_core.shell:Creating package script '/home/ubuntuhost/example_ws/install/turtlebot_goal_receiver/share/turtlebot_goal_receiver/package.sh'
[14.778s] INFO:colcon.colcon_core.shell:Creating package script '/home/ubuntuhost/example_ws/install/turtlebot_goal_receiver/share/turtlebot_goal_receiver/package.bash'
[14.780s] INFO:colcon.colcon_core.shell:Creating package script '/home/ubuntuhost/example_ws/install/turtlebot_goal_receiver/share/turtlebot_goal_receiver/package.zsh'
[14.782s] Level 1:colcon.colcon_core.environment:create_file_with_runtime_dependencies(/home/ubuntuhost/example_ws/install/turtlebot_goal_receiver/share/colcon-core/packages/turtlebot_goal_receiver)
[14.785s] DEBUG:colcon.colcon_parallel_executor.executor.parallel:closing loop
[14.788s] DEBUG:colcon.colcon_parallel_executor.executor.parallel:loop closed
[14.789s] DEBUG:colcon.colcon_parallel_executor.executor.parallel:run_until_complete finished with '0'
[14.790s] DEBUG:colcon.colcon_core.event_reactor:joining thread
[14.837s] INFO:colcon.colcon_core.plugin_system:Skipping extension 'colcon_notification.desktop_notification.terminal_notifier': Not used on non-Darwin systems
[14.838s] INFO:colcon.colcon_core.plugin_system:Skipping extension 'colcon_notification.desktop_notification.win32': Not used on non-Windows systems
[14.838s] INFO:colcon.colcon_notification.desktop_notification:Sending desktop notification using 'notify2'
[14.926s] DEBUG:colcon.colcon_core.event_reactor:joined thread
[14.928s] INFO:colcon.colcon_core.shell:Creating prefix script '/home/ubuntuhost/example_ws/install/local_setup.ps1'
[14.935s] INFO:colcon.colcon_core.shell:Creating prefix util module '/home/ubuntuhost/example_ws/install/_local_setup_util_ps1.py'
[14.940s] INFO:colcon.colcon_core.shell:Creating prefix chain script '/home/ubuntuhost/example_ws/install/setup.ps1'
[14.949s] INFO:colcon.colcon_core.shell:Creating prefix script '/home/ubuntuhost/example_ws/install/local_setup.sh'
[14.952s] INFO:colcon.colcon_core.shell:Creating prefix util module '/home/ubuntuhost/example_ws/install/_local_setup_util_sh.py'
[14.956s] INFO:colcon.colcon_core.shell:Creating prefix chain script '/home/ubuntuhost/example_ws/install/setup.sh'
[14.967s] INFO:colcon.colcon_core.shell:Creating prefix script '/home/ubuntuhost/example_ws/install/local_setup.bash'
[14.969s] INFO:colcon.colcon_core.shell:Creating prefix chain script '/home/ubuntuhost/example_ws/install/setup.bash'
[14.977s] INFO:colcon.colcon_core.shell:Creating prefix script '/home/ubuntuhost/example_ws/install/local_setup.zsh'
[14.980s] INFO:colcon.colcon_core.shell:Creating prefix chain script '/home/ubuntuhost/example_ws/install/setup.zsh'
