[2.110s] DEBUG:colcon:Command line arguments: ['/usr/bin/colcon', 'build']
[2.112s] DEBUG:colcon:Parsed command line arguments: Namespace(allow_overriding=[], ament_cmake_args=None, base_paths=['.'], build_base='build', catkin_cmake_args=None, catkin_skip_building_tests=False, cmake_args=None, cmake_clean_cache=False, cmake_clean_first=False, cmake_force_configure=False, cmake_target=None, cmake_target_skip_unavailable=False, continue_on_error=False, event_handlers=None, executor='parallel', ignore_user_meta=False, install_base='install', log_base=None, log_level=None, main=<bound method BuildVerb.main of <colcon_core.verb.build.BuildVerb object at 0x7f16765260d0>>, merge_install=False, metas=['./colcon.meta'], mixin=None, mixin_files=None, mixin_verb=('build',), packages_above=None, packages_above_and_dependencies=None, packages_above_depth=None, packages_end=None, packages_ignore=None, packages_ignore_regex=None, packages_select=None, packages_select_build_failed=False, packages_select_by_dep=None, packages_select_regex=None, packages_select_test_failures=False, packages_skip=None, packages_skip_build_finished=False, packages_skip_by_dep=None, packages_skip_regex=None, packages_skip_test_passed=False, packages_skip_up_to=None, packages_start=None, packages_up_to=None, packages_up_to_regex=None, parallel_workers=12, paths=None, symlink_install=False, test_result_base=None, verb_extension=<colcon_core.verb.build.BuildVerb object at 0x7f16765260d0>, verb_name='build', verb_parser=<colcon_mixin.mixin.mixin_argument.MixinArgumentDecorator object at 0x7f1676526700>)
[3.178s] Level 1:colcon.colcon_core.package_discovery:discover_packages(colcon_meta) check parameters
[3.178s] Level 1:colcon.colcon_core.package_discovery:discover_packages(recursive) check parameters
[3.178s] Level 1:colcon.colcon_core.package_discovery:discover_packages(ignore) check parameters
[3.178s] Level 1:colcon.colcon_core.package_discovery:discover_packages(path) check parameters
[3.179s] Level 1:colcon.colcon_core.package_discovery:discover_packages(colcon_meta) discover
[3.179s] Level 1:colcon.colcon_core.package_discovery:discover_packages(recursive) discover
[3.179s] INFO:colcon.colcon_core.package_discovery:Crawling recursively for packages in '/home/ubuntuhost/example_ws'
[3.180s] Level 1:colcon.colcon_core.package_identification:_identify(.) by extensions ['ignore', 'ignore_ament_install']
[3.180s] Level 1:colcon.colcon_core.package_identification:_identify(.) by extension 'ignore'
[3.180s] Level 1:colcon.colcon_core.package_identification:_identify(.) by extension 'ignore_ament_install'
[3.181s] Level 1:colcon.colcon_core.package_identification:_identify(.) by extensions ['colcon_pkg']
[3.181s] Level 1:colcon.colcon_core.package_identification:_identify(.) by extension 'colcon_pkg'
[3.181s] Level 1:colcon.colcon_core.package_identification:_identify(.) by extensions ['colcon_meta']
[3.181s] Level 1:colcon.colcon_core.package_identification:_identify(.) by extension 'colcon_meta'
[3.182s] Level 1:colcon.colcon_core.package_identification:_identify(.) by extensions ['ros']
[3.182s] Level 1:colcon.colcon_core.package_identification:_identify(.) by extension 'ros'
[3.236s] Level 1:colcon.colcon_core.package_identification:_identify(.) by extensions ['cmake', 'python']
[3.236s] Level 1:colcon.colcon_core.package_identification:_identify(.) by extension 'cmake'
[3.236s] Level 1:colcon.colcon_core.package_identification:_identify(.) by extension 'python'
[3.237s] Level 1:colcon.colcon_core.package_identification:_identify(.) by extensions ['python_setup_py']
[3.237s] Level 1:colcon.colcon_core.package_identification:_identify(.) by extension 'python_setup_py'
[3.237s] Level 1:colcon.colcon_core.package_identification:_identify(build) by extensions ['ignore', 'ignore_ament_install']
[3.238s] Level 1:colcon.colcon_core.package_identification:_identify(build) by extension 'ignore'
[3.238s] Level 1:colcon.colcon_core.package_identification:_identify(build) ignored
[3.239s] Level 1:colcon.colcon_core.package_identification:_identify(install) by extensions ['ignore', 'ignore_ament_install']
[3.239s] Level 1:colcon.colcon_core.package_identification:_identify(install) by extension 'ignore'
[3.240s] Level 1:colcon.colcon_core.package_identification:_identify(install) ignored
[3.241s] Level 1:colcon.colcon_core.package_identification:_identify(log) by extensions ['ignore', 'ignore_ament_install']
[3.241s] Level 1:colcon.colcon_core.package_identification:_identify(log) by extension 'ignore'
[3.241s] Level 1:colcon.colcon_core.package_identification:_identify(log) ignored
[3.242s] Level 1:colcon.colcon_core.package_identification:_identify(src) by extensions ['ignore', 'ignore_ament_install']
[3.242s] Level 1:colcon.colcon_core.package_identification:_identify(src) by extension 'ignore'
[3.243s] Level 1:colcon.colcon_core.package_identification:_identify(src) by extension 'ignore_ament_install'
[3.243s] Level 1:colcon.colcon_core.package_identification:_identify(src) by extensions ['colcon_pkg']
[3.243s] Level 1:colcon.colcon_core.package_identification:_identify(src) by extension 'colcon_pkg'
[3.243s] Level 1:colcon.colcon_core.package_identification:_identify(src) by extensions ['colcon_meta']
[3.244s] Level 1:colcon.colcon_core.package_identification:_identify(src) by extension 'colcon_meta'
[3.244s] Level 1:colcon.colcon_core.package_identification:_identify(src) by extensions ['ros']
[3.244s] Level 1:colcon.colcon_core.package_identification:_identify(src) by extension 'ros'
[3.245s] Level 1:colcon.colcon_core.package_identification:_identify(src) by extensions ['cmake', 'python']
[3.245s] Level 1:colcon.colcon_core.package_identification:_identify(src) by extension 'cmake'
[3.245s] Level 1:colcon.colcon_core.package_identification:_identify(src) by extension 'python'
[3.245s] Level 1:colcon.colcon_core.package_identification:_identify(src) by extensions ['python_setup_py']
[3.245s] Level 1:colcon.colcon_core.package_identification:_identify(src) by extension 'python_setup_py'
[3.246s] Level 1:colcon.colcon_core.package_identification:_identify(src/ROS-TCP-Endpoint) by extensions ['ignore', 'ignore_ament_install']
[3.247s] Level 1:colcon.colcon_core.package_identification:_identify(src/ROS-TCP-Endpoint) by extension 'ignore'
[3.247s] Level 1:colcon.colcon_core.package_identification:_identify(src/ROS-TCP-Endpoint) by extension 'ignore_ament_install'
[3.247s] Level 1:colcon.colcon_core.package_identification:_identify(src/ROS-TCP-Endpoint) by extensions ['colcon_pkg']
[3.247s] Level 1:colcon.colcon_core.package_identification:_identify(src/ROS-TCP-Endpoint) by extension 'colcon_pkg'
[3.248s] Level 1:colcon.colcon_core.package_identification:_identify(src/ROS-TCP-Endpoint) by extensions ['colcon_meta']
[3.248s] Level 1:colcon.colcon_core.package_identification:_identify(src/ROS-TCP-Endpoint) by extension 'colcon_meta'
[3.248s] Level 1:colcon.colcon_core.package_identification:_identify(src/ROS-TCP-Endpoint) by extensions ['ros']
[3.248s] Level 1:colcon.colcon_core.package_identification:_identify(src/ROS-TCP-Endpoint) by extension 'ros'
[3.262s] DEBUG:colcon.colcon_core.package_identification:Package 'src/ROS-TCP-Endpoint' with type 'ros.ament_python' and name 'ros_tcp_endpoint'
[3.263s] Level 1:colcon.colcon_core.package_identification:_identify(src/build) by extensions ['ignore', 'ignore_ament_install']
[3.263s] Level 1:colcon.colcon_core.package_identification:_identify(src/build) by extension 'ignore'
[3.264s] Level 1:colcon.colcon_core.package_identification:_identify(src/build) ignored
[3.264s] Level 1:colcon.colcon_core.package_identification:_identify(src/install) by extensions ['ignore', 'ignore_ament_install']
[3.264s] Level 1:colcon.colcon_core.package_identification:_identify(src/install) by extension 'ignore'
[3.265s] Level 1:colcon.colcon_core.package_identification:_identify(src/install) ignored
[3.265s] Level 1:colcon.colcon_core.package_identification:_identify(src/log) by extensions ['ignore', 'ignore_ament_install']
[3.266s] Level 1:colcon.colcon_core.package_identification:_identify(src/log) by extension 'ignore'
[3.266s] Level 1:colcon.colcon_core.package_identification:_identify(src/log) ignored
[3.266s] Level 1:colcon.colcon_core.package_identification:_identify(src/send_goal_pkg) by extensions ['ignore', 'ignore_ament_install']
[3.267s] Level 1:colcon.colcon_core.package_identification:_identify(src/send_goal_pkg) by extension 'ignore'
[3.267s] Level 1:colcon.colcon_core.package_identification:_identify(src/send_goal_pkg) by extension 'ignore_ament_install'
[3.268s] Level 1:colcon.colcon_core.package_identification:_identify(src/send_goal_pkg) by extensions ['colcon_pkg']
[3.268s] Level 1:colcon.colcon_core.package_identification:_identify(src/send_goal_pkg) by extension 'colcon_pkg'
[3.268s] Level 1:colcon.colcon_core.package_identification:_identify(src/send_goal_pkg) by extensions ['colcon_meta']
[3.268s] Level 1:colcon.colcon_core.package_identification:_identify(src/send_goal_pkg) by extension 'colcon_meta'
[3.268s] Level 1:colcon.colcon_core.package_identification:_identify(src/send_goal_pkg) by extensions ['ros']
[3.269s] Level 1:colcon.colcon_core.package_identification:_identify(src/send_goal_pkg) by extension 'ros'
[3.271s] DEBUG:colcon.colcon_core.package_identification:Package 'src/send_goal_pkg' with type 'ros.ament_python' and name 'send_goal_pkg'
[3.272s] Level 1:colcon.colcon_core.package_identification:_identify(src/turtlebot_goal_receiver) by extensions ['ignore', 'ignore_ament_install']
[3.272s] Level 1:colcon.colcon_core.package_identification:_identify(src/turtlebot_goal_receiver) by extension 'ignore'
[3.273s] Level 1:colcon.colcon_core.package_identification:_identify(src/turtlebot_goal_receiver) by extension 'ignore_ament_install'
[3.273s] Level 1:colcon.colcon_core.package_identification:_identify(src/turtlebot_goal_receiver) by extensions ['colcon_pkg']
[3.273s] Level 1:colcon.colcon_core.package_identification:_identify(src/turtlebot_goal_receiver) by extension 'colcon_pkg'
[3.274s] Level 1:colcon.colcon_core.package_identification:_identify(src/turtlebot_goal_receiver) by extensions ['colcon_meta']
[3.274s] Level 1:colcon.colcon_core.package_identification:_identify(src/turtlebot_goal_receiver) by extension 'colcon_meta'
[3.274s] Level 1:colcon.colcon_core.package_identification:_identify(src/turtlebot_goal_receiver) by extensions ['ros']
[3.274s] Level 1:colcon.colcon_core.package_identification:_identify(src/turtlebot_goal_receiver) by extension 'ros'
[3.280s] DEBUG:colcon.colcon_core.package_identification:Package 'src/turtlebot_goal_receiver' with type 'ros.ament_python' and name 'turtlebot_goal_receiver'
[3.281s] Level 1:colcon.colcon_core.package_identification:_identify(src/unity_slam_example) by extensions ['ignore', 'ignore_ament_install']
[3.281s] Level 1:colcon.colcon_core.package_identification:_identify(src/unity_slam_example) by extension 'ignore'
[3.281s] Level 1:colcon.colcon_core.package_identification:_identify(src/unity_slam_example) by extension 'ignore_ament_install'
[3.282s] Level 1:colcon.colcon_core.package_identification:_identify(src/unity_slam_example) by extensions ['colcon_pkg']
[3.282s] Level 1:colcon.colcon_core.package_identification:_identify(src/unity_slam_example) by extension 'colcon_pkg'
[3.282s] Level 1:colcon.colcon_core.package_identification:_identify(src/unity_slam_example) by extensions ['colcon_meta']
[3.282s] Level 1:colcon.colcon_core.package_identification:_identify(src/unity_slam_example) by extension 'colcon_meta'
[3.283s] Level 1:colcon.colcon_core.package_identification:_identify(src/unity_slam_example) by extensions ['ros']
[3.283s] Level 1:colcon.colcon_core.package_identification:_identify(src/unity_slam_example) by extension 'ros'
[3.288s] DEBUG:colcon.colcon_core.package_identification:Package 'src/unity_slam_example' with type 'ros.ament_python' and name 'unity_slam_example'
[3.288s] Level 1:colcon.colcon_core.package_discovery:discover_packages(recursive) using defaults
[3.288s] Level 1:colcon.colcon_core.package_discovery:discover_packages(ignore) discover
[3.289s] Level 1:colcon.colcon_core.package_discovery:discover_packages(ignore) using defaults
[3.289s] Level 1:colcon.colcon_core.package_discovery:discover_packages(path) discover
[3.289s] Level 1:colcon.colcon_core.package_discovery:discover_packages(path) using defaults
[3.469s] Level 1:colcon.colcon_core.package_discovery:discover_packages(prefix_path) check parameters
[3.470s] Level 1:colcon.colcon_core.package_discovery:discover_packages(prefix_path) discover
[3.505s] DEBUG:colcon.colcon_installed_package_information.package_discovery:Found 3 installed packages in /home/ubuntuhost/example_ws/install
[3.508s] DEBUG:colcon.colcon_installed_package_information.package_discovery:Found 3 installed packages in /home/ubuntuhost/example_ws/src/install
[3.524s] DEBUG:colcon.colcon_installed_package_information.package_discovery:Found 335 installed packages in /opt/ros/foxy
[3.575s] Level 1:colcon.colcon_core.package_discovery:discover_packages(prefix_path) using defaults
[4.238s] Level 5:colcon.colcon_core.verb:set package 'ros_tcp_endpoint' build argument 'cmake_args' from command line to 'None'
[4.238s] Level 5:colcon.colcon_core.verb:set package 'ros_tcp_endpoint' build argument 'cmake_target' from command line to 'None'
[4.238s] Level 5:colcon.colcon_core.verb:set package 'ros_tcp_endpoint' build argument 'cmake_target_skip_unavailable' from command line to 'False'
[4.238s] Level 5:colcon.colcon_core.verb:set package 'ros_tcp_endpoint' build argument 'cmake_clean_cache' from command line to 'False'
[4.239s] Level 5:colcon.colcon_core.verb:set package 'ros_tcp_endpoint' build argument 'cmake_clean_first' from command line to 'False'
[4.239s] Level 5:colcon.colcon_core.verb:set package 'ros_tcp_endpoint' build argument 'cmake_force_configure' from command line to 'False'
[4.239s] Level 5:colcon.colcon_core.verb:set package 'ros_tcp_endpoint' build argument 'ament_cmake_args' from command line to 'None'
[4.239s] Level 5:colcon.colcon_core.verb:set package 'ros_tcp_endpoint' build argument 'catkin_cmake_args' from command line to 'None'
[4.239s] Level 5:colcon.colcon_core.verb:set package 'ros_tcp_endpoint' build argument 'catkin_skip_building_tests' from command line to 'False'
[4.239s] DEBUG:colcon.colcon_core.verb:Building package 'ros_tcp_endpoint' with the following arguments: {'ament_cmake_args': None, 'build_base': '/home/ubuntuhost/example_ws/build/ros_tcp_endpoint', 'catkin_cmake_args': None, 'catkin_skip_building_tests': False, 'cmake_args': None, 'cmake_clean_cache': False, 'cmake_clean_first': False, 'cmake_force_configure': False, 'cmake_target': None, 'cmake_target_skip_unavailable': False, 'install_base': '/home/ubuntuhost/example_ws/install/ros_tcp_endpoint', 'merge_install': False, 'path': '/home/ubuntuhost/example_ws/src/ROS-TCP-Endpoint', 'symlink_install': False, 'test_result_base': None}
[4.241s] Level 5:colcon.colcon_core.verb:set package 'send_goal_pkg' build argument 'cmake_args' from command line to 'None'
[4.241s] Level 5:colcon.colcon_core.verb:set package 'send_goal_pkg' build argument 'cmake_target' from command line to 'None'
[4.241s] Level 5:colcon.colcon_core.verb:set package 'send_goal_pkg' build argument 'cmake_target_skip_unavailable' from command line to 'False'
[4.242s] Level 5:colcon.colcon_core.verb:set package 'send_goal_pkg' build argument 'cmake_clean_cache' from command line to 'False'
[4.242s] Level 5:colcon.colcon_core.verb:set package 'send_goal_pkg' build argument 'cmake_clean_first' from command line to 'False'
[4.242s] Level 5:colcon.colcon_core.verb:set package 'send_goal_pkg' build argument 'cmake_force_configure' from command line to 'False'
[4.242s] Level 5:colcon.colcon_core.verb:set package 'send_goal_pkg' build argument 'ament_cmake_args' from command line to 'None'
[4.242s] Level 5:colcon.colcon_core.verb:set package 'send_goal_pkg' build argument 'catkin_cmake_args' from command line to 'None'
[4.242s] Level 5:colcon.colcon_core.verb:set package 'send_goal_pkg' build argument 'catkin_skip_building_tests' from command line to 'False'
[4.242s] DEBUG:colcon.colcon_core.verb:Building package 'send_goal_pkg' with the following arguments: {'ament_cmake_args': None, 'build_base': '/home/ubuntuhost/example_ws/build/send_goal_pkg', 'catkin_cmake_args': None, 'catkin_skip_building_tests': False, 'cmake_args': None, 'cmake_clean_cache': False, 'cmake_clean_first': False, 'cmake_force_configure': False, 'cmake_target': None, 'cmake_target_skip_unavailable': False, 'install_base': '/home/ubuntuhost/example_ws/install/send_goal_pkg', 'merge_install': False, 'path': '/home/ubuntuhost/example_ws/src/send_goal_pkg', 'symlink_install': False, 'test_result_base': None}
[4.244s] Level 5:colcon.colcon_core.verb:set package 'turtlebot_goal_receiver' build argument 'cmake_args' from command line to 'None'
[4.244s] Level 5:colcon.colcon_core.verb:set package 'turtlebot_goal_receiver' build argument 'cmake_target' from command line to 'None'
[4.244s] Level 5:colcon.colcon_core.verb:set package 'turtlebot_goal_receiver' build argument 'cmake_target_skip_unavailable' from command line to 'False'
[4.244s] Level 5:colcon.colcon_core.verb:set package 'turtlebot_goal_receiver' build argument 'cmake_clean_cache' from command line to 'False'
[4.245s] Level 5:colcon.colcon_core.verb:set package 'turtlebot_goal_receiver' build argument 'cmake_clean_first' from command line to 'False'
[4.245s] Level 5:colcon.colcon_core.verb:set package 'turtlebot_goal_receiver' build argument 'cmake_force_configure' from command line to 'False'
[4.245s] Level 5:colcon.colcon_core.verb:set package 'turtlebot_goal_receiver' build argument 'ament_cmake_args' from command line to 'None'
[4.245s] Level 5:colcon.colcon_core.verb:set package 'turtlebot_goal_receiver' build argument 'catkin_cmake_args' from command line to 'None'
[4.245s] Level 5:colcon.colcon_core.verb:set package 'turtlebot_goal_receiver' build argument 'catkin_skip_building_tests' from command line to 'False'
[4.245s] DEBUG:colcon.colcon_core.verb:Building package 'turtlebot_goal_receiver' with the following arguments: {'ament_cmake_args': None, 'build_base': '/home/ubuntuhost/example_ws/build/turtlebot_goal_receiver', 'catkin_cmake_args': None, 'catkin_skip_building_tests': False, 'cmake_args': None, 'cmake_clean_cache': False, 'cmake_clean_first': False, 'cmake_force_configure': False, 'cmake_target': None, 'cmake_target_skip_unavailable': False, 'install_base': '/home/ubuntuhost/example_ws/install/turtlebot_goal_receiver', 'merge_install': False, 'path': '/home/ubuntuhost/example_ws/src/turtlebot_goal_receiver', 'symlink_install': False, 'test_result_base': None}
[4.247s] Level 5:colcon.colcon_core.verb:set package 'unity_slam_example' build argument 'cmake_args' from command line to 'None'
[4.247s] Level 5:colcon.colcon_core.verb:set package 'unity_slam_example' build argument 'cmake_target' from command line to 'None'
[4.247s] Level 5:colcon.colcon_core.verb:set package 'unity_slam_example' build argument 'cmake_target_skip_unavailable' from command line to 'False'
[4.247s] Level 5:colcon.colcon_core.verb:set package 'unity_slam_example' build argument 'cmake_clean_cache' from command line to 'False'
[4.248s] Level 5:colcon.colcon_core.verb:set package 'unity_slam_example' build argument 'cmake_clean_first' from command line to 'False'
[4.248s] Level 5:colcon.colcon_core.verb:set package 'unity_slam_example' build argument 'cmake_force_configure' from command line to 'False'
[4.248s] Level 5:colcon.colcon_core.verb:set package 'unity_slam_example' build argument 'ament_cmake_args' from command line to 'None'
[4.248s] Level 5:colcon.colcon_core.verb:set package 'unity_slam_example' build argument 'catkin_cmake_args' from command line to 'None'
[4.248s] Level 5:colcon.colcon_core.verb:set package 'unity_slam_example' build argument 'catkin_skip_building_tests' from command line to 'False'
[4.248s] DEBUG:colcon.colcon_core.verb:Building package 'unity_slam_example' with the following arguments: {'ament_cmake_args': None, 'build_base': '/home/ubuntuhost/example_ws/build/unity_slam_example', 'catkin_cmake_args': None, 'catkin_skip_building_tests': False, 'cmake_args': None, 'cmake_clean_cache': False, 'cmake_clean_first': False, 'cmake_force_configure': False, 'cmake_target': None, 'cmake_target_skip_unavailable': False, 'install_base': '/home/ubuntuhost/example_ws/install/unity_slam_example', 'merge_install': False, 'path': '/home/ubuntuhost/example_ws/src/unity_slam_example', 'symlink_install': False, 'test_result_base': None}
[4.249s] INFO:colcon.colcon_core.executor:Executing jobs using 'parallel' executor
[4.254s] DEBUG:colcon.colcon_parallel_executor.executor.parallel:run_until_complete
[4.256s] INFO:colcon.colcon_ros.task.ament_python.build:Building ROS package in '/home/ubuntuhost/example_ws/src/ROS-TCP-Endpoint' with build type 'ament_python'
[4.256s] Level 1:colcon.colcon_core.shell:create_environment_hook('ros_tcp_endpoint', 'ament_prefix_path')
[4.320s] INFO:colcon.colcon_core.plugin_system:Skipping extension 'colcon_core.shell.bat': Not used on non-Windows systems
[4.321s] INFO:colcon.colcon_core.shell:Creating environment hook '/home/ubuntuhost/example_ws/install/ros_tcp_endpoint/share/ros_tcp_endpoint/hook/ament_prefix_path.ps1'
[4.329s] INFO:colcon.colcon_core.shell:Creating environment descriptor '/home/ubuntuhost/example_ws/install/ros_tcp_endpoint/share/ros_tcp_endpoint/hook/ament_prefix_path.dsv'
[4.336s] INFO:colcon.colcon_core.shell:Creating environment hook '/home/ubuntuhost/example_ws/install/ros_tcp_endpoint/share/ros_tcp_endpoint/hook/ament_prefix_path.sh'
[4.342s] INFO:colcon.colcon_core.shell:Skip shell extension 'powershell' for command environment: Not usable outside of PowerShell
[4.342s] DEBUG:colcon.colcon_core.shell:Skip shell extension 'dsv' for command environment
[4.385s] INFO:colcon.colcon_ros.task.ament_python.build:Building ROS package in '/home/ubuntuhost/example_ws/src/send_goal_pkg' with build type 'ament_python'
[4.388s] Level 1:colcon.colcon_core.shell:create_environment_hook('send_goal_pkg', 'ament_prefix_path')
[4.391s] INFO:colcon.colcon_core.shell:Creating environment hook '/home/ubuntuhost/example_ws/install/send_goal_pkg/share/send_goal_pkg/hook/ament_prefix_path.ps1'
[4.399s] INFO:colcon.colcon_core.shell:Creating environment descriptor '/home/ubuntuhost/example_ws/install/send_goal_pkg/share/send_goal_pkg/hook/ament_prefix_path.dsv'
[4.401s] INFO:colcon.colcon_core.shell:Creating environment hook '/home/ubuntuhost/example_ws/install/send_goal_pkg/share/send_goal_pkg/hook/ament_prefix_path.sh'
[4.404s] INFO:colcon.colcon_core.shell:Skip shell extension 'powershell' for command environment: Not usable outside of PowerShell
[4.404s] DEBUG:colcon.colcon_core.shell:Skip shell extension 'dsv' for command environment
[4.443s] INFO:colcon.colcon_ros.task.ament_python.build:Building ROS package in '/home/ubuntuhost/example_ws/src/turtlebot_goal_receiver' with build type 'ament_python'
[4.446s] Level 1:colcon.colcon_core.shell:create_environment_hook('turtlebot_goal_receiver', 'ament_prefix_path')
[4.449s] INFO:colcon.colcon_core.shell:Creating environment hook '/home/ubuntuhost/example_ws/install/turtlebot_goal_receiver/share/turtlebot_goal_receiver/hook/ament_prefix_path.ps1'
[4.455s] INFO:colcon.colcon_core.shell:Creating environment descriptor '/home/ubuntuhost/example_ws/install/turtlebot_goal_receiver/share/turtlebot_goal_receiver/hook/ament_prefix_path.dsv'
[4.458s] INFO:colcon.colcon_core.shell:Creating environment hook '/home/ubuntuhost/example_ws/install/turtlebot_goal_receiver/share/turtlebot_goal_receiver/hook/ament_prefix_path.sh'
[4.465s] INFO:colcon.colcon_core.shell:Skip shell extension 'powershell' for command environment: Not usable outside of PowerShell
[4.465s] DEBUG:colcon.colcon_core.shell:Skip shell extension 'dsv' for command environment
[4.524s] INFO:colcon.colcon_ros.task.ament_python.build:Building ROS package in '/home/ubuntuhost/example_ws/src/unity_slam_example' with build type 'ament_python'
[4.527s] Level 1:colcon.colcon_core.shell:create_environment_hook('unity_slam_example', 'ament_prefix_path')
[4.530s] INFO:colcon.colcon_core.shell:Creating environment hook '/home/ubuntuhost/example_ws/install/unity_slam_example/share/unity_slam_example/hook/ament_prefix_path.ps1'
[4.538s] INFO:colcon.colcon_core.shell:Creating environment descriptor '/home/ubuntuhost/example_ws/install/unity_slam_example/share/unity_slam_example/hook/ament_prefix_path.dsv'
[4.540s] INFO:colcon.colcon_core.shell:Creating environment hook '/home/ubuntuhost/example_ws/install/unity_slam_example/share/unity_slam_example/hook/ament_prefix_path.sh'
[4.545s] INFO:colcon.colcon_core.shell:Skip shell extension 'powershell' for command environment: Not usable outside of PowerShell
[4.546s] DEBUG:colcon.colcon_core.shell:Skip shell extension 'dsv' for command environment
[5.949s] INFO:colcon.colcon_core.task.python.build:Building Python package in '/home/ubuntuhost/example_ws/src/ROS-TCP-Endpoint'
[5.953s] INFO:colcon.colcon_core.shell:Skip shell extension 'powershell' for command environment: Not usable outside of PowerShell
[5.954s] DEBUG:colcon.colcon_core.shell:Skip shell extension 'dsv' for command environment
[7.210s] INFO:colcon.colcon_core.task.python.build:Building Python package in '/home/ubuntuhost/example_ws/src/send_goal_pkg'
[7.213s] INFO:colcon.colcon_core.shell:Skip shell extension 'powershell' for command environment: Not usable outside of PowerShell
[7.214s] DEBUG:colcon.colcon_core.shell:Skip shell extension 'dsv' for command environment
[8.621s] INFO:colcon.colcon_core.task.python.build:Building Python package in '/home/ubuntuhost/example_ws/src/turtlebot_goal_receiver'
[8.625s] INFO:colcon.colcon_core.shell:Skip shell extension 'powershell' for command environment: Not usable outside of PowerShell
[8.625s] DEBUG:colcon.colcon_core.shell:Skip shell extension 'dsv' for command environment
[10.181s] INFO:colcon.colcon_core.task.python.build:Building Python package in '/home/ubuntuhost/example_ws/src/unity_slam_example'
[10.185s] INFO:colcon.colcon_core.shell:Skip shell extension 'powershell' for command environment: Not usable outside of PowerShell
[10.186s] DEBUG:colcon.colcon_core.shell:Skip shell extension 'dsv' for command environment
[13.253s] DEBUG:colcon.colcon_core.event_handler.log_command:Invoking command in '/home/ubuntuhost/example_ws/src/unity_slam_example': PYTHONPATH=/home/ubuntuhost/example_ws/build/unity_slam_example/prefix_override:/home/ubuntuhost/example_ws/install/unity_slam_example/lib/python3.8/site-packages:${PYTHONPATH} /usr/bin/python3 -W ignore:setup.py install is deprecated setup.py egg_info --egg-base ../../build/unity_slam_example build --build-base /home/ubuntuhost/example_ws/build/unity_slam_example/build install --record /home/ubuntuhost/example_ws/build/unity_slam_example/install.log --install-scripts $base/lib/unity_slam_example --single-version-externally-managed install_data
[13.307s] DEBUG:colcon.colcon_core.event_handler.log_command:Invoking command in '/home/ubuntuhost/example_ws/src/turtlebot_goal_receiver': PYTHONPATH=/home/ubuntuhost/example_ws/build/turtlebot_goal_receiver/prefix_override:/home/ubuntuhost/example_ws/install/turtlebot_goal_receiver/lib/python3.8/site-packages:${PYTHONPATH} /usr/bin/python3 -W ignore:setup.py install is deprecated setup.py egg_info --egg-base ../../build/turtlebot_goal_receiver build --build-base /home/ubuntuhost/example_ws/build/turtlebot_goal_receiver/build install --record /home/ubuntuhost/example_ws/build/turtlebot_goal_receiver/install.log --install-scripts $base/lib/turtlebot_goal_receiver --single-version-externally-managed install_data
[13.340s] DEBUG:colcon.colcon_core.event_handler.log_command:Invoking command in '/home/ubuntuhost/example_ws/src/ROS-TCP-Endpoint': PYTHONPATH=/home/ubuntuhost/example_ws/build/ros_tcp_endpoint/prefix_override:/home/ubuntuhost/example_ws/install/ros_tcp_endpoint/lib/python3.8/site-packages:${PYTHONPATH} /usr/bin/python3 -W ignore:setup.py install is deprecated setup.py egg_info --egg-base ../../build/ros_tcp_endpoint build --build-base /home/ubuntuhost/example_ws/build/ros_tcp_endpoint/build install --record /home/ubuntuhost/example_ws/build/ros_tcp_endpoint/install.log --install-scripts $base/lib/ros_tcp_endpoint --single-version-externally-managed install_data
[13.372s] DEBUG:colcon.colcon_core.event_handler.log_command:Invoking command in '/home/ubuntuhost/example_ws/src/send_goal_pkg': PYTHONPATH=/home/ubuntuhost/example_ws/build/send_goal_pkg/prefix_override:/home/ubuntuhost/example_ws/install/send_goal_pkg/lib/python3.8/site-packages:${PYTHONPATH} /usr/bin/python3 -W ignore:setup.py install is deprecated setup.py egg_info --egg-base ../../build/send_goal_pkg build --build-base /home/ubuntuhost/example_ws/build/send_goal_pkg/build install --record /home/ubuntuhost/example_ws/build/send_goal_pkg/install.log --install-scripts $base/lib/send_goal_pkg --single-version-externally-managed install_data
[14.770s] DEBUG:colcon.colcon_core.event_handler.log_command:Invoked command in '/home/ubuntuhost/example_ws/src/unity_slam_example' returned '0': PYTHONPATH=/home/ubuntuhost/example_ws/build/unity_slam_example/prefix_override:/home/ubuntuhost/example_ws/install/unity_slam_example/lib/python3.8/site-packages:${PYTHONPATH} /usr/bin/python3 -W ignore:setup.py install is deprecated setup.py egg_info --egg-base ../../build/unity_slam_example build --build-base /home/ubuntuhost/example_ws/build/unity_slam_example/build install --record /home/ubuntuhost/example_ws/build/unity_slam_example/install.log --install-scripts $base/lib/unity_slam_example --single-version-externally-managed install_data
[14.859s] Level 1:colcon.colcon_core.environment:checking '/home/ubuntuhost/example_ws/install/unity_slam_example' for CMake module files
[14.864s] Level 1:colcon.colcon_core.environment:checking '/home/ubuntuhost/example_ws/install/unity_slam_example' for CMake config files
[14.873s] Level 1:colcon.colcon_core.environment:checking '/home/ubuntuhost/example_ws/install/unity_slam_example/lib'
[14.874s] Level 1:colcon.colcon_core.environment:checking '/home/ubuntuhost/example_ws/install/unity_slam_example/bin'
[14.874s] Level 1:colcon.colcon_core.environment:checking '/home/ubuntuhost/example_ws/install/unity_slam_example/lib/pkgconfig/unity_slam_example.pc'
[14.876s] Level 1:colcon.colcon_core.environment:checking '/home/ubuntuhost/example_ws/install/unity_slam_example/lib/python3.8/site-packages'
[14.877s] Level 1:colcon.colcon_core.shell:create_environment_hook('unity_slam_example', 'pythonpath')
[14.879s] INFO:colcon.colcon_core.shell:Creating environment hook '/home/ubuntuhost/example_ws/install/unity_slam_example/share/unity_slam_example/hook/pythonpath.ps1'
[14.886s] INFO:colcon.colcon_core.shell:Creating environment descriptor '/home/ubuntuhost/example_ws/install/unity_slam_example/share/unity_slam_example/hook/pythonpath.dsv'
[14.891s] INFO:colcon.colcon_core.shell:Creating environment hook '/home/ubuntuhost/example_ws/install/unity_slam_example/share/unity_slam_example/hook/pythonpath.sh'
[14.902s] Level 1:colcon.colcon_core.environment:checking '/home/ubuntuhost/example_ws/install/unity_slam_example/bin'
[14.902s] Level 1:colcon.colcon_core.environment:create_environment_scripts_only(unity_slam_example)
[14.904s] INFO:colcon.colcon_core.shell:Creating package script '/home/ubuntuhost/example_ws/install/unity_slam_example/share/unity_slam_example/package.ps1'
[14.913s] INFO:colcon.colcon_core.shell:Creating package descriptor '/home/ubuntuhost/example_ws/install/unity_slam_example/share/unity_slam_example/package.dsv'
[14.920s] INFO:colcon.colcon_core.shell:Creating package script '/home/ubuntuhost/example_ws/install/unity_slam_example/share/unity_slam_example/package.sh'
[14.928s] INFO:colcon.colcon_core.shell:Creating package script '/home/ubuntuhost/example_ws/install/unity_slam_example/share/unity_slam_example/package.bash'
[14.939s] INFO:colcon.colcon_core.shell:Creating package script '/home/ubuntuhost/example_ws/install/unity_slam_example/share/unity_slam_example/package.zsh'
[14.949s] Level 1:colcon.colcon_core.environment:create_file_with_runtime_dependencies(/home/ubuntuhost/example_ws/install/unity_slam_example/share/colcon-core/packages/unity_slam_example)
[14.963s] Level 1:colcon.colcon_core.environment:checking '/home/ubuntuhost/example_ws/install/turtlebot_goal_receiver' for CMake module files
[14.966s] DEBUG:colcon.colcon_core.event_handler.log_command:Invoked command in '/home/ubuntuhost/example_ws/src/turtlebot_goal_receiver' returned '0': PYTHONPATH=/home/ubuntuhost/example_ws/build/turtlebot_goal_receiver/prefix_override:/home/ubuntuhost/example_ws/install/turtlebot_goal_receiver/lib/python3.8/site-packages:${PYTHONPATH} /usr/bin/python3 -W ignore:setup.py install is deprecated setup.py egg_info --egg-base ../../build/turtlebot_goal_receiver build --build-base /home/ubuntuhost/example_ws/build/turtlebot_goal_receiver/build install --record /home/ubuntuhost/example_ws/build/turtlebot_goal_receiver/install.log --install-scripts $base/lib/turtlebot_goal_receiver --single-version-externally-managed install_data
[14.970s] Level 1:colcon.colcon_core.environment:checking '/home/ubuntuhost/example_ws/install/turtlebot_goal_receiver' for CMake config files
[14.974s] Level 1:colcon.colcon_core.environment:checking '/home/ubuntuhost/example_ws/install/turtlebot_goal_receiver/lib'
[14.975s] Level 1:colcon.colcon_core.environment:checking '/home/ubuntuhost/example_ws/install/turtlebot_goal_receiver/bin'
[14.975s] Level 1:colcon.colcon_core.environment:checking '/home/ubuntuhost/example_ws/install/turtlebot_goal_receiver/lib/pkgconfig/turtlebot_goal_receiver.pc'
[14.976s] Level 1:colcon.colcon_core.environment:checking '/home/ubuntuhost/example_ws/install/turtlebot_goal_receiver/lib/python3.8/site-packages'
[14.976s] Level 1:colcon.colcon_core.shell:create_environment_hook('turtlebot_goal_receiver', 'pythonpath')
[14.977s] INFO:colcon.colcon_core.shell:Creating environment hook '/home/ubuntuhost/example_ws/install/turtlebot_goal_receiver/share/turtlebot_goal_receiver/hook/pythonpath.ps1'
[14.985s] INFO:colcon.colcon_core.shell:Creating environment descriptor '/home/ubuntuhost/example_ws/install/turtlebot_goal_receiver/share/turtlebot_goal_receiver/hook/pythonpath.dsv'
[14.988s] INFO:colcon.colcon_core.shell:Creating environment hook '/home/ubuntuhost/example_ws/install/turtlebot_goal_receiver/share/turtlebot_goal_receiver/hook/pythonpath.sh'
[14.991s] Level 1:colcon.colcon_core.environment:checking '/home/ubuntuhost/example_ws/install/turtlebot_goal_receiver/bin'
[14.992s] Level 1:colcon.colcon_core.environment:create_environment_scripts_only(turtlebot_goal_receiver)
[14.993s] INFO:colcon.colcon_core.shell:Creating package script '/home/ubuntuhost/example_ws/install/turtlebot_goal_receiver/share/turtlebot_goal_receiver/package.ps1'
[14.996s] INFO:colcon.colcon_core.shell:Creating package descriptor '/home/ubuntuhost/example_ws/install/turtlebot_goal_receiver/share/turtlebot_goal_receiver/package.dsv'
[14.998s] INFO:colcon.colcon_core.shell:Creating package script '/home/ubuntuhost/example_ws/install/turtlebot_goal_receiver/share/turtlebot_goal_receiver/package.sh'
[15.002s] INFO:colcon.colcon_core.shell:Creating package script '/home/ubuntuhost/example_ws/install/turtlebot_goal_receiver/share/turtlebot_goal_receiver/package.bash'
[15.005s] INFO:colcon.colcon_core.shell:Creating package script '/home/ubuntuhost/example_ws/install/turtlebot_goal_receiver/share/turtlebot_goal_receiver/package.zsh'
[15.008s] Level 1:colcon.colcon_core.environment:create_file_with_runtime_dependencies(/home/ubuntuhost/example_ws/install/turtlebot_goal_receiver/share/colcon-core/packages/turtlebot_goal_receiver)
[15.017s] Level 1:colcon.colcon_core.environment:checking '/home/ubuntuhost/example_ws/install/send_goal_pkg' for CMake module files
[15.026s] DEBUG:colcon.colcon_core.event_handler.log_command:Invoked command in '/home/ubuntuhost/example_ws/src/send_goal_pkg' returned '0': PYTHONPATH=/home/ubuntuhost/example_ws/build/send_goal_pkg/prefix_override:/home/ubuntuhost/example_ws/install/send_goal_pkg/lib/python3.8/site-packages:${PYTHONPATH} /usr/bin/python3 -W ignore:setup.py install is deprecated setup.py egg_info --egg-base ../../build/send_goal_pkg build --build-base /home/ubuntuhost/example_ws/build/send_goal_pkg/build install --record /home/ubuntuhost/example_ws/build/send_goal_pkg/install.log --install-scripts $base/lib/send_goal_pkg --single-version-externally-managed install_data
[15.028s] Level 1:colcon.colcon_core.environment:checking '/home/ubuntuhost/example_ws/install/send_goal_pkg' for CMake config files
[15.032s] Level 1:colcon.colcon_core.environment:checking '/home/ubuntuhost/example_ws/install/send_goal_pkg/lib'
[15.033s] Level 1:colcon.colcon_core.environment:checking '/home/ubuntuhost/example_ws/install/send_goal_pkg/bin'
[15.033s] Level 1:colcon.colcon_core.environment:checking '/home/ubuntuhost/example_ws/install/send_goal_pkg/lib/pkgconfig/send_goal_pkg.pc'
[15.034s] Level 1:colcon.colcon_core.environment:checking '/home/ubuntuhost/example_ws/install/send_goal_pkg/lib/python3.8/site-packages'
[15.035s] Level 1:colcon.colcon_core.shell:create_environment_hook('send_goal_pkg', 'pythonpath')
[15.036s] INFO:colcon.colcon_core.shell:Creating environment hook '/home/ubuntuhost/example_ws/install/send_goal_pkg/share/send_goal_pkg/hook/pythonpath.ps1'
[15.038s] INFO:colcon.colcon_core.shell:Creating environment descriptor '/home/ubuntuhost/example_ws/install/send_goal_pkg/share/send_goal_pkg/hook/pythonpath.dsv'
[15.040s] INFO:colcon.colcon_core.shell:Creating environment hook '/home/ubuntuhost/example_ws/install/send_goal_pkg/share/send_goal_pkg/hook/pythonpath.sh'
[15.043s] Level 1:colcon.colcon_core.environment:checking '/home/ubuntuhost/example_ws/install/send_goal_pkg/bin'
[15.044s] Level 1:colcon.colcon_core.environment:create_environment_scripts_only(send_goal_pkg)
[15.047s] INFO:colcon.colcon_core.shell:Creating package script '/home/ubuntuhost/example_ws/install/send_goal_pkg/share/send_goal_pkg/package.ps1'
[15.049s] INFO:colcon.colcon_core.shell:Creating package descriptor '/home/ubuntuhost/example_ws/install/send_goal_pkg/share/send_goal_pkg/package.dsv'
[15.051s] INFO:colcon.colcon_core.shell:Creating package script '/home/ubuntuhost/example_ws/install/send_goal_pkg/share/send_goal_pkg/package.sh'
[15.054s] INFO:colcon.colcon_core.shell:Creating package script '/home/ubuntuhost/example_ws/install/send_goal_pkg/share/send_goal_pkg/package.bash'
[15.055s] INFO:colcon.colcon_core.shell:Creating package script '/home/ubuntuhost/example_ws/install/send_goal_pkg/share/send_goal_pkg/package.zsh'
[15.057s] Level 1:colcon.colcon_core.environment:create_file_with_runtime_dependencies(/home/ubuntuhost/example_ws/install/send_goal_pkg/share/colcon-core/packages/send_goal_pkg)
[15.060s] Level 1:colcon.colcon_core.environment:checking '/home/ubuntuhost/example_ws/install/ros_tcp_endpoint' for CMake module files
[15.066s] Level 1:colcon.colcon_core.environment:checking '/home/ubuntuhost/example_ws/install/ros_tcp_endpoint' for CMake config files
[15.068s] DEBUG:colcon.colcon_core.event_handler.log_command:Invoked command in '/home/ubuntuhost/example_ws/src/ROS-TCP-Endpoint' returned '0': PYTHONPATH=/home/ubuntuhost/example_ws/build/ros_tcp_endpoint/prefix_override:/home/ubuntuhost/example_ws/install/ros_tcp_endpoint/lib/python3.8/site-packages:${PYTHONPATH} /usr/bin/python3 -W ignore:setup.py install is deprecated setup.py egg_info --egg-base ../../build/ros_tcp_endpoint build --build-base /home/ubuntuhost/example_ws/build/ros_tcp_endpoint/build install --record /home/ubuntuhost/example_ws/build/ros_tcp_endpoint/install.log --install-scripts $base/lib/ros_tcp_endpoint --single-version-externally-managed install_data
[15.098s] Level 1:colcon.colcon_core.environment:checking '/home/ubuntuhost/example_ws/install/ros_tcp_endpoint/lib'
[15.099s] Level 1:colcon.colcon_core.environment:checking '/home/ubuntuhost/example_ws/install/ros_tcp_endpoint/bin'
[15.099s] Level 1:colcon.colcon_core.environment:checking '/home/ubuntuhost/example_ws/install/ros_tcp_endpoint/lib/pkgconfig/ros_tcp_endpoint.pc'
[15.100s] Level 1:colcon.colcon_core.environment:checking '/home/ubuntuhost/example_ws/install/ros_tcp_endpoint/lib/python3.8/site-packages'
[15.101s] Level 1:colcon.colcon_core.shell:create_environment_hook('ros_tcp_endpoint', 'pythonpath')
[15.102s] INFO:colcon.colcon_core.shell:Creating environment hook '/home/ubuntuhost/example_ws/install/ros_tcp_endpoint/share/ros_tcp_endpoint/hook/pythonpath.ps1'
[15.105s] INFO:colcon.colcon_core.shell:Creating environment descriptor '/home/ubuntuhost/example_ws/install/ros_tcp_endpoint/share/ros_tcp_endpoint/hook/pythonpath.dsv'
[15.109s] INFO:colcon.colcon_core.shell:Creating environment hook '/home/ubuntuhost/example_ws/install/ros_tcp_endpoint/share/ros_tcp_endpoint/hook/pythonpath.sh'
[15.112s] Level 1:colcon.colcon_core.environment:checking '/home/ubuntuhost/example_ws/install/ros_tcp_endpoint/bin'
[15.112s] Level 1:colcon.colcon_core.environment:create_environment_scripts_only(ros_tcp_endpoint)
[15.114s] INFO:colcon.colcon_core.shell:Creating package script '/home/ubuntuhost/example_ws/install/ros_tcp_endpoint/share/ros_tcp_endpoint/package.ps1'
[15.117s] INFO:colcon.colcon_core.shell:Creating package descriptor '/home/ubuntuhost/example_ws/install/ros_tcp_endpoint/share/ros_tcp_endpoint/package.dsv'
[15.120s] INFO:colcon.colcon_core.shell:Creating package script '/home/ubuntuhost/example_ws/install/ros_tcp_endpoint/share/ros_tcp_endpoint/package.sh'
[15.123s] INFO:colcon.colcon_core.shell:Creating package script '/home/ubuntuhost/example_ws/install/ros_tcp_endpoint/share/ros_tcp_endpoint/package.bash'
[15.125s] INFO:colcon.colcon_core.shell:Creating package script '/home/ubuntuhost/example_ws/install/ros_tcp_endpoint/share/ros_tcp_endpoint/package.zsh'
[15.128s] Level 1:colcon.colcon_core.environment:create_file_with_runtime_dependencies(/home/ubuntuhost/example_ws/install/ros_tcp_endpoint/share/colcon-core/packages/ros_tcp_endpoint)
[15.129s] DEBUG:colcon.colcon_parallel_executor.executor.parallel:closing loop
[15.131s] DEBUG:colcon.colcon_parallel_executor.executor.parallel:loop closed
[15.131s] DEBUG:colcon.colcon_parallel_executor.executor.parallel:run_until_complete finished with '0'
[15.131s] DEBUG:colcon.colcon_core.event_reactor:joining thread
[15.186s] INFO:colcon.colcon_core.plugin_system:Skipping extension 'colcon_notification.desktop_notification.terminal_notifier': Not used on non-Darwin systems
[15.187s] INFO:colcon.colcon_core.plugin_system:Skipping extension 'colcon_notification.desktop_notification.win32': Not used on non-Windows systems
[15.188s] INFO:colcon.colcon_notification.desktop_notification:Sending desktop notification using 'notify2'
[15.313s] DEBUG:colcon.colcon_core.event_reactor:joined thread
[15.315s] INFO:colcon.colcon_core.shell:Creating prefix script '/home/ubuntuhost/example_ws/install/local_setup.ps1'
[15.322s] INFO:colcon.colcon_core.shell:Creating prefix util module '/home/ubuntuhost/example_ws/install/_local_setup_util_ps1.py'
[15.331s] INFO:colcon.colcon_core.shell:Creating prefix chain script '/home/ubuntuhost/example_ws/install/setup.ps1'
[15.341s] INFO:colcon.colcon_core.shell:Creating prefix script '/home/ubuntuhost/example_ws/install/local_setup.sh'
[15.350s] INFO:colcon.colcon_core.shell:Creating prefix util module '/home/ubuntuhost/example_ws/install/_local_setup_util_sh.py'
[15.353s] INFO:colcon.colcon_core.shell:Creating prefix chain script '/home/ubuntuhost/example_ws/install/setup.sh'
[15.367s] INFO:colcon.colcon_core.shell:Creating prefix script '/home/ubuntuhost/example_ws/install/local_setup.bash'
[15.373s] INFO:colcon.colcon_core.shell:Creating prefix chain script '/home/ubuntuhost/example_ws/install/setup.bash'
[15.383s] INFO:colcon.colcon_core.shell:Creating prefix script '/home/ubuntuhost/example_ws/install/local_setup.zsh'
[15.389s] INFO:colcon.colcon_core.shell:Creating prefix chain script '/home/ubuntuhost/example_ws/install/setup.zsh'
