[0.697s] DEBUG:colcon:Command line arguments: ['/usr/bin/colcon', 'build']
[0.697s] DEBUG:colcon:Parsed command line arguments: Namespace(allow_overriding=[], ament_cmake_args=None, base_paths=['.'], build_base='build', catkin_cmake_args=None, catkin_skip_building_tests=False, cmake_args=None, cmake_clean_cache=False, cmake_clean_first=False, cmake_force_configure=False, cmake_target=None, cmake_target_skip_unavailable=False, continue_on_error=False, event_handlers=None, executor='parallel', ignore_user_meta=False, install_base='install', log_base=None, log_level=None, main=<bound method BuildVerb.main of <colcon_core.verb.build.BuildVerb object at 0x7f3e07212dc0>>, merge_install=False, metas=['./colcon.meta'], mixin=None, mixin_files=None, mixin_verb=('build',), packages_above=None, packages_above_and_dependencies=None, packages_above_depth=None, packages_end=None, packages_ignore=None, packages_ignore_regex=None, packages_select=None, packages_select_build_failed=False, packages_select_by_dep=None, packages_select_regex=None, packages_select_test_failures=False, packages_skip=None, packages_skip_build_finished=False, packages_skip_by_dep=None, packages_skip_regex=None, packages_skip_test_passed=False, packages_skip_up_to=None, packages_start=None, packages_up_to=None, packages_up_to_regex=None, parallel_workers=12, paths=None, symlink_install=False, test_result_base=None, verb_extension=<colcon_core.verb.build.BuildVerb object at 0x7f3e07212dc0>, verb_name='build', verb_parser=<colcon_mixin.mixin.mixin_argument.MixinArgumentDecorator object at 0x7f3e07221400>)
[1.203s] Level 1:colcon.colcon_core.package_discovery:discover_packages(colcon_meta) check parameters
[1.203s] Level 1:colcon.colcon_core.package_discovery:discover_packages(recursive) check parameters
[1.203s] Level 1:colcon.colcon_core.package_discovery:discover_packages(ignore) check parameters
[1.203s] Level 1:colcon.colcon_core.package_discovery:discover_packages(path) check parameters
[1.203s] Level 1:colcon.colcon_core.package_discovery:discover_packages(colcon_meta) discover
[1.204s] Level 1:colcon.colcon_core.package_discovery:discover_packages(recursive) discover
[1.204s] INFO:colcon.colcon_core.package_discovery:Crawling recursively for packages in '/home/ubuntuhost/example_ws/src'
[1.204s] Level 1:colcon.colcon_core.package_identification:_identify(.) by extensions ['ignore', 'ignore_ament_install']
[1.204s] Level 1:colcon.colcon_core.package_identification:_identify(.) by extension 'ignore'
[1.204s] Level 1:colcon.colcon_core.package_identification:_identify(.) by extension 'ignore_ament_install'
[1.205s] Level 1:colcon.colcon_core.package_identification:_identify(.) by extensions ['colcon_pkg']
[1.205s] Level 1:colcon.colcon_core.package_identification:_identify(.) by extension 'colcon_pkg'
[1.205s] Level 1:colcon.colcon_core.package_identification:_identify(.) by extensions ['colcon_meta']
[1.205s] Level 1:colcon.colcon_core.package_identification:_identify(.) by extension 'colcon_meta'
[1.205s] Level 1:colcon.colcon_core.package_identification:_identify(.) by extensions ['ros']
[1.205s] Level 1:colcon.colcon_core.package_identification:_identify(.) by extension 'ros'
[1.236s] Level 1:colcon.colcon_core.package_identification:_identify(.) by extensions ['cmake', 'python']
[1.236s] Level 1:colcon.colcon_core.package_identification:_identify(.) by extension 'cmake'
[1.236s] Level 1:colcon.colcon_core.package_identification:_identify(.) by extension 'python'
[1.237s] Level 1:colcon.colcon_core.package_identification:_identify(.) by extensions ['python_setup_py']
[1.237s] Level 1:colcon.colcon_core.package_identification:_identify(.) by extension 'python_setup_py'
[1.237s] Level 1:colcon.colcon_core.package_identification:_identify(ROS-TCP-Endpoint) by extensions ['ignore', 'ignore_ament_install']
[1.237s] Level 1:colcon.colcon_core.package_identification:_identify(ROS-TCP-Endpoint) by extension 'ignore'
[1.238s] Level 1:colcon.colcon_core.package_identification:_identify(ROS-TCP-Endpoint) by extension 'ignore_ament_install'
[1.238s] Level 1:colcon.colcon_core.package_identification:_identify(ROS-TCP-Endpoint) by extensions ['colcon_pkg']
[1.238s] Level 1:colcon.colcon_core.package_identification:_identify(ROS-TCP-Endpoint) by extension 'colcon_pkg'
[1.239s] Level 1:colcon.colcon_core.package_identification:_identify(ROS-TCP-Endpoint) by extensions ['colcon_meta']
[1.239s] Level 1:colcon.colcon_core.package_identification:_identify(ROS-TCP-Endpoint) by extension 'colcon_meta'
[1.239s] Level 1:colcon.colcon_core.package_identification:_identify(ROS-TCP-Endpoint) by extensions ['ros']
[1.239s] Level 1:colcon.colcon_core.package_identification:_identify(ROS-TCP-Endpoint) by extension 'ros'
[1.251s] DEBUG:colcon.colcon_core.package_identification:Package 'ROS-TCP-Endpoint' with type 'ros.ament_python' and name 'ros_tcp_endpoint'
[1.251s] Level 1:colcon.colcon_core.package_identification:_identify(build) by extensions ['ignore', 'ignore_ament_install']
[1.251s] Level 1:colcon.colcon_core.package_identification:_identify(build) by extension 'ignore'
[1.252s] Level 1:colcon.colcon_core.package_identification:_identify(build) ignored
[1.252s] Level 1:colcon.colcon_core.package_identification:_identify(install) by extensions ['ignore', 'ignore_ament_install']
[1.252s] Level 1:colcon.colcon_core.package_identification:_identify(install) by extension 'ignore'
[1.252s] Level 1:colcon.colcon_core.package_identification:_identify(install) ignored
[1.253s] Level 1:colcon.colcon_core.package_identification:_identify(log) by extensions ['ignore', 'ignore_ament_install']
[1.253s] Level 1:colcon.colcon_core.package_identification:_identify(log) by extension 'ignore'
[1.253s] Level 1:colcon.colcon_core.package_identification:_identify(log) ignored
[1.253s] Level 1:colcon.colcon_core.package_identification:_identify(turtlebot_goal_receiver) by extensions ['ignore', 'ignore_ament_install']
[1.254s] Level 1:colcon.colcon_core.package_identification:_identify(turtlebot_goal_receiver) by extension 'ignore'
[1.254s] Level 1:colcon.colcon_core.package_identification:_identify(turtlebot_goal_receiver) by extension 'ignore_ament_install'
[1.254s] Level 1:colcon.colcon_core.package_identification:_identify(turtlebot_goal_receiver) by extensions ['colcon_pkg']
[1.254s] Level 1:colcon.colcon_core.package_identification:_identify(turtlebot_goal_receiver) by extension 'colcon_pkg'
[1.254s] Level 1:colcon.colcon_core.package_identification:_identify(turtlebot_goal_receiver) by extensions ['colcon_meta']
[1.254s] Level 1:colcon.colcon_core.package_identification:_identify(turtlebot_goal_receiver) by extension 'colcon_meta'
[1.254s] Level 1:colcon.colcon_core.package_identification:_identify(turtlebot_goal_receiver) by extensions ['ros']
[1.255s] Level 1:colcon.colcon_core.package_identification:_identify(turtlebot_goal_receiver) by extension 'ros'
[1.256s] DEBUG:colcon.colcon_core.package_identification:Package 'turtlebot_goal_receiver' with type 'ros.ament_python' and name 'turtlebot_goal_receiver'
[1.256s] Level 1:colcon.colcon_core.package_identification:_identify(unity_slam_example) by extensions ['ignore', 'ignore_ament_install']
[1.256s] Level 1:colcon.colcon_core.package_identification:_identify(unity_slam_example) by extension 'ignore'
[1.256s] Level 1:colcon.colcon_core.package_identification:_identify(unity_slam_example) by extension 'ignore_ament_install'
[1.257s] Level 1:colcon.colcon_core.package_identification:_identify(unity_slam_example) by extensions ['colcon_pkg']
[1.257s] Level 1:colcon.colcon_core.package_identification:_identify(unity_slam_example) by extension 'colcon_pkg'
[1.257s] Level 1:colcon.colcon_core.package_identification:_identify(unity_slam_example) by extensions ['colcon_meta']
[1.257s] Level 1:colcon.colcon_core.package_identification:_identify(unity_slam_example) by extension 'colcon_meta'
[1.257s] Level 1:colcon.colcon_core.package_identification:_identify(unity_slam_example) by extensions ['ros']
[1.257s] Level 1:colcon.colcon_core.package_identification:_identify(unity_slam_example) by extension 'ros'
[1.258s] DEBUG:colcon.colcon_core.package_identification:Package 'unity_slam_example' with type 'ros.ament_python' and name 'unity_slam_example'
[1.258s] Level 1:colcon.colcon_core.package_discovery:discover_packages(recursive) using defaults
[1.259s] Level 1:colcon.colcon_core.package_discovery:discover_packages(ignore) discover
[1.259s] Level 1:colcon.colcon_core.package_discovery:discover_packages(ignore) using defaults
[1.259s] Level 1:colcon.colcon_core.package_discovery:discover_packages(path) discover
[1.259s] Level 1:colcon.colcon_core.package_discovery:discover_packages(path) using defaults
[1.343s] Level 1:colcon.colcon_core.package_discovery:discover_packages(prefix_path) check parameters
[1.343s] Level 1:colcon.colcon_core.package_discovery:discover_packages(prefix_path) discover
[1.360s] DEBUG:colcon.colcon_installed_package_information.package_discovery:Found 2 installed packages in /home/ubuntuhost/example_ws/install
[1.366s] DEBUG:colcon.colcon_installed_package_information.package_discovery:Found 334 installed packages in /opt/ros/foxy
[1.373s] Level 1:colcon.colcon_core.package_discovery:discover_packages(prefix_path) using defaults
[1.616s] Level 5:colcon.colcon_core.verb:set package 'ros_tcp_endpoint' build argument 'cmake_args' from command line to 'None'
[1.617s] Level 5:colcon.colcon_core.verb:set package 'ros_tcp_endpoint' build argument 'cmake_target' from command line to 'None'
[1.617s] Level 5:colcon.colcon_core.verb:set package 'ros_tcp_endpoint' build argument 'cmake_target_skip_unavailable' from command line to 'False'
[1.617s] Level 5:colcon.colcon_core.verb:set package 'ros_tcp_endpoint' build argument 'cmake_clean_cache' from command line to 'False'
[1.617s] Level 5:colcon.colcon_core.verb:set package 'ros_tcp_endpoint' build argument 'cmake_clean_first' from command line to 'False'
[1.617s] Level 5:colcon.colcon_core.verb:set package 'ros_tcp_endpoint' build argument 'cmake_force_configure' from command line to 'False'
[1.617s] Level 5:colcon.colcon_core.verb:set package 'ros_tcp_endpoint' build argument 'ament_cmake_args' from command line to 'None'
[1.617s] Level 5:colcon.colcon_core.verb:set package 'ros_tcp_endpoint' build argument 'catkin_cmake_args' from command line to 'None'
[1.617s] Level 5:colcon.colcon_core.verb:set package 'ros_tcp_endpoint' build argument 'catkin_skip_building_tests' from command line to 'False'
[1.617s] DEBUG:colcon.colcon_core.verb:Building package 'ros_tcp_endpoint' with the following arguments: {'ament_cmake_args': None, 'build_base': '/home/ubuntuhost/example_ws/src/build/ros_tcp_endpoint', 'catkin_cmake_args': None, 'catkin_skip_building_tests': False, 'cmake_args': None, 'cmake_clean_cache': False, 'cmake_clean_first': False, 'cmake_force_configure': False, 'cmake_target': None, 'cmake_target_skip_unavailable': False, 'install_base': '/home/ubuntuhost/example_ws/src/install/ros_tcp_endpoint', 'merge_install': False, 'path': '/home/ubuntuhost/example_ws/src/ROS-TCP-Endpoint', 'symlink_install': False, 'test_result_base': None}
[1.618s] Level 5:colcon.colcon_core.verb:set package 'turtlebot_goal_receiver' build argument 'cmake_args' from command line to 'None'
[1.618s] Level 5:colcon.colcon_core.verb:set package 'turtlebot_goal_receiver' build argument 'cmake_target' from command line to 'None'
[1.618s] Level 5:colcon.colcon_core.verb:set package 'turtlebot_goal_receiver' build argument 'cmake_target_skip_unavailable' from command line to 'False'
[1.618s] Level 5:colcon.colcon_core.verb:set package 'turtlebot_goal_receiver' build argument 'cmake_clean_cache' from command line to 'False'
[1.618s] Level 5:colcon.colcon_core.verb:set package 'turtlebot_goal_receiver' build argument 'cmake_clean_first' from command line to 'False'
[1.619s] Level 5:colcon.colcon_core.verb:set package 'turtlebot_goal_receiver' build argument 'cmake_force_configure' from command line to 'False'
[1.619s] Level 5:colcon.colcon_core.verb:set package 'turtlebot_goal_receiver' build argument 'ament_cmake_args' from command line to 'None'
[1.619s] Level 5:colcon.colcon_core.verb:set package 'turtlebot_goal_receiver' build argument 'catkin_cmake_args' from command line to 'None'
[1.619s] Level 5:colcon.colcon_core.verb:set package 'turtlebot_goal_receiver' build argument 'catkin_skip_building_tests' from command line to 'False'
[1.619s] DEBUG:colcon.colcon_core.verb:Building package 'turtlebot_goal_receiver' with the following arguments: {'ament_cmake_args': None, 'build_base': '/home/ubuntuhost/example_ws/src/build/turtlebot_goal_receiver', 'catkin_cmake_args': None, 'catkin_skip_building_tests': False, 'cmake_args': None, 'cmake_clean_cache': False, 'cmake_clean_first': False, 'cmake_force_configure': False, 'cmake_target': None, 'cmake_target_skip_unavailable': False, 'install_base': '/home/ubuntuhost/example_ws/src/install/turtlebot_goal_receiver', 'merge_install': False, 'path': '/home/ubuntuhost/example_ws/src/turtlebot_goal_receiver', 'symlink_install': False, 'test_result_base': None}
[1.620s] Level 5:colcon.colcon_core.verb:set package 'unity_slam_example' build argument 'cmake_args' from command line to 'None'
[1.620s] Level 5:colcon.colcon_core.verb:set package 'unity_slam_example' build argument 'cmake_target' from command line to 'None'
[1.620s] Level 5:colcon.colcon_core.verb:set package 'unity_slam_example' build argument 'cmake_target_skip_unavailable' from command line to 'False'
[1.620s] Level 5:colcon.colcon_core.verb:set package 'unity_slam_example' build argument 'cmake_clean_cache' from command line to 'False'
[1.620s] Level 5:colcon.colcon_core.verb:set package 'unity_slam_example' build argument 'cmake_clean_first' from command line to 'False'
[1.620s] Level 5:colcon.colcon_core.verb:set package 'unity_slam_example' build argument 'cmake_force_configure' from command line to 'False'
[1.620s] Level 5:colcon.colcon_core.verb:set package 'unity_slam_example' build argument 'ament_cmake_args' from command line to 'None'
[1.621s] Level 5:colcon.colcon_core.verb:set package 'unity_slam_example' build argument 'catkin_cmake_args' from command line to 'None'
[1.621s] Level 5:colcon.colcon_core.verb:set package 'unity_slam_example' build argument 'catkin_skip_building_tests' from command line to 'False'
[1.621s] DEBUG:colcon.colcon_core.verb:Building package 'unity_slam_example' with the following arguments: {'ament_cmake_args': None, 'build_base': '/home/ubuntuhost/example_ws/src/build/unity_slam_example', 'catkin_cmake_args': None, 'catkin_skip_building_tests': False, 'cmake_args': None, 'cmake_clean_cache': False, 'cmake_clean_first': False, 'cmake_force_configure': False, 'cmake_target': None, 'cmake_target_skip_unavailable': False, 'install_base': '/home/ubuntuhost/example_ws/src/install/unity_slam_example', 'merge_install': False, 'path': '/home/ubuntuhost/example_ws/src/unity_slam_example', 'symlink_install': False, 'test_result_base': None}
[1.621s] INFO:colcon.colcon_core.executor:Executing jobs using 'parallel' executor
[1.623s] DEBUG:colcon.colcon_parallel_executor.executor.parallel:run_until_complete
[1.624s] INFO:colcon.colcon_ros.task.ament_python.build:Building ROS package in '/home/ubuntuhost/example_ws/src/ROS-TCP-Endpoint' with build type 'ament_python'
[1.624s] Level 1:colcon.colcon_core.shell:create_environment_hook('ros_tcp_endpoint', 'ament_prefix_path')
[1.645s] INFO:colcon.colcon_core.plugin_system:Skipping extension 'colcon_core.shell.bat': Not used on non-Windows systems
[1.645s] INFO:colcon.colcon_core.shell:Creating environment hook '/home/ubuntuhost/example_ws/src/install/ros_tcp_endpoint/share/ros_tcp_endpoint/hook/ament_prefix_path.ps1'
[1.649s] INFO:colcon.colcon_core.shell:Creating environment descriptor '/home/ubuntuhost/example_ws/src/install/ros_tcp_endpoint/share/ros_tcp_endpoint/hook/ament_prefix_path.dsv'
[1.650s] INFO:colcon.colcon_core.shell:Creating environment hook '/home/ubuntuhost/example_ws/src/install/ros_tcp_endpoint/share/ros_tcp_endpoint/hook/ament_prefix_path.sh'
[1.652s] INFO:colcon.colcon_core.shell:Skip shell extension 'powershell' for command environment: Not usable outside of PowerShell
[1.652s] DEBUG:colcon.colcon_core.shell:Skip shell extension 'dsv' for command environment
[1.675s] INFO:colcon.colcon_ros.task.ament_python.build:Building ROS package in '/home/ubuntuhost/example_ws/src/turtlebot_goal_receiver' with build type 'ament_python'
[1.676s] Level 1:colcon.colcon_core.shell:create_environment_hook('turtlebot_goal_receiver', 'ament_prefix_path')
[1.678s] INFO:colcon.colcon_core.shell:Creating environment hook '/home/ubuntuhost/example_ws/src/install/turtlebot_goal_receiver/share/turtlebot_goal_receiver/hook/ament_prefix_path.ps1'
[1.682s] INFO:colcon.colcon_core.shell:Creating environment descriptor '/home/ubuntuhost/example_ws/src/install/turtlebot_goal_receiver/share/turtlebot_goal_receiver/hook/ament_prefix_path.dsv'
[1.683s] INFO:colcon.colcon_core.shell:Creating environment hook '/home/ubuntuhost/example_ws/src/install/turtlebot_goal_receiver/share/turtlebot_goal_receiver/hook/ament_prefix_path.sh'
[1.684s] INFO:colcon.colcon_core.shell:Skip shell extension 'powershell' for command environment: Not usable outside of PowerShell
[1.684s] DEBUG:colcon.colcon_core.shell:Skip shell extension 'dsv' for command environment
[1.704s] INFO:colcon.colcon_ros.task.ament_python.build:Building ROS package in '/home/ubuntuhost/example_ws/src/unity_slam_example' with build type 'ament_python'
[1.706s] Level 1:colcon.colcon_core.shell:create_environment_hook('unity_slam_example', 'ament_prefix_path')
[1.708s] INFO:colcon.colcon_core.shell:Creating environment hook '/home/ubuntuhost/example_ws/src/install/unity_slam_example/share/unity_slam_example/hook/ament_prefix_path.ps1'
[1.711s] INFO:colcon.colcon_core.shell:Creating environment descriptor '/home/ubuntuhost/example_ws/src/install/unity_slam_example/share/unity_slam_example/hook/ament_prefix_path.dsv'
[1.711s] INFO:colcon.colcon_core.shell:Creating environment hook '/home/ubuntuhost/example_ws/src/install/unity_slam_example/share/unity_slam_example/hook/ament_prefix_path.sh'
[1.713s] INFO:colcon.colcon_core.shell:Skip shell extension 'powershell' for command environment: Not usable outside of PowerShell
[1.713s] DEBUG:colcon.colcon_core.shell:Skip shell extension 'dsv' for command environment
[2.357s] INFO:colcon.colcon_core.task.python.build:Building Python package in '/home/ubuntuhost/example_ws/src/ROS-TCP-Endpoint'
[2.359s] INFO:colcon.colcon_core.shell:Skip shell extension 'powershell' for command environment: Not usable outside of PowerShell
[2.359s] DEBUG:colcon.colcon_core.shell:Skip shell extension 'dsv' for command environment
[2.939s] INFO:colcon.colcon_core.task.python.build:Building Python package in '/home/ubuntuhost/example_ws/src/turtlebot_goal_receiver'
[2.941s] INFO:colcon.colcon_core.shell:Skip shell extension 'powershell' for command environment: Not usable outside of PowerShell
[2.941s] DEBUG:colcon.colcon_core.shell:Skip shell extension 'dsv' for command environment
[4.078s] INFO:colcon.colcon_core.task.python.build:Building Python package in '/home/ubuntuhost/example_ws/src/unity_slam_example'
[4.082s] INFO:colcon.colcon_core.shell:Skip shell extension 'powershell' for command environment: Not usable outside of PowerShell
[4.083s] DEBUG:colcon.colcon_core.shell:Skip shell extension 'dsv' for command environment
[6.983s] DEBUG:colcon.colcon_core.event_handler.log_command:Invoking command in '/home/ubuntuhost/example_ws/src/turtlebot_goal_receiver': PYTHONPATH=/home/ubuntuhost/example_ws/src/build/turtlebot_goal_receiver/prefix_override:/home/ubuntuhost/example_ws/src/install/turtlebot_goal_receiver/lib/python3.8/site-packages:${PYTHONPATH} /usr/bin/python3 -W ignore:setup.py install is deprecated setup.py egg_info --egg-base ../build/turtlebot_goal_receiver build --build-base /home/ubuntuhost/example_ws/src/build/turtlebot_goal_receiver/build install --record /home/ubuntuhost/example_ws/src/build/turtlebot_goal_receiver/install.log --install-scripts $base/lib/turtlebot_goal_receiver --single-version-externally-managed install_data
[6.987s] DEBUG:colcon.colcon_core.event_handler.log_command:Invoking command in '/home/ubuntuhost/example_ws/src/ROS-TCP-Endpoint': PYTHONPATH=/home/ubuntuhost/example_ws/src/build/ros_tcp_endpoint/prefix_override:/home/ubuntuhost/example_ws/src/install/ros_tcp_endpoint/lib/python3.8/site-packages:${PYTHONPATH} /usr/bin/python3 -W ignore:setup.py install is deprecated setup.py egg_info --egg-base ../build/ros_tcp_endpoint build --build-base /home/ubuntuhost/example_ws/src/build/ros_tcp_endpoint/build install --record /home/ubuntuhost/example_ws/src/build/ros_tcp_endpoint/install.log --install-scripts $base/lib/ros_tcp_endpoint --single-version-externally-managed install_data
[7.033s] DEBUG:colcon.colcon_core.event_handler.log_command:Invoking command in '/home/ubuntuhost/example_ws/src/unity_slam_example': PYTHONPATH=/home/ubuntuhost/example_ws/src/build/unity_slam_example/prefix_override:/home/ubuntuhost/example_ws/src/install/unity_slam_example/lib/python3.8/site-packages:${PYTHONPATH} /usr/bin/python3 -W ignore:setup.py install is deprecated setup.py egg_info --egg-base ../build/unity_slam_example build --build-base /home/ubuntuhost/example_ws/src/build/unity_slam_example/build install --record /home/ubuntuhost/example_ws/src/build/unity_slam_example/install.log --install-scripts $base/lib/unity_slam_example --single-version-externally-managed install_data
[8.413s] DEBUG:colcon.colcon_core.event_handler.log_command:Invoked command in '/home/ubuntuhost/example_ws/src/unity_slam_example' returned '0': PYTHONPATH=/home/ubuntuhost/example_ws/src/build/unity_slam_example/prefix_override:/home/ubuntuhost/example_ws/src/install/unity_slam_example/lib/python3.8/site-packages:${PYTHONPATH} /usr/bin/python3 -W ignore:setup.py install is deprecated setup.py egg_info --egg-base ../build/unity_slam_example build --build-base /home/ubuntuhost/example_ws/src/build/unity_slam_example/build install --record /home/ubuntuhost/example_ws/src/build/unity_slam_example/install.log --install-scripts $base/lib/unity_slam_example --single-version-externally-managed install_data
[8.494s] Level 1:colcon.colcon_core.environment:checking '/home/ubuntuhost/example_ws/src/install/unity_slam_example' for CMake module files
[8.502s] Level 1:colcon.colcon_core.environment:checking '/home/ubuntuhost/example_ws/src/install/unity_slam_example' for CMake config files
[8.512s] Level 1:colcon.colcon_core.environment:checking '/home/ubuntuhost/example_ws/src/install/unity_slam_example/lib'
[8.513s] Level 1:colcon.colcon_core.environment:checking '/home/ubuntuhost/example_ws/src/install/unity_slam_example/bin'
[8.513s] Level 1:colcon.colcon_core.environment:checking '/home/ubuntuhost/example_ws/src/install/unity_slam_example/lib/pkgconfig/unity_slam_example.pc'
[8.515s] Level 1:colcon.colcon_core.environment:checking '/home/ubuntuhost/example_ws/src/install/unity_slam_example/lib/python3.8/site-packages'
[8.516s] Level 1:colcon.colcon_core.shell:create_environment_hook('unity_slam_example', 'pythonpath')
[8.517s] INFO:colcon.colcon_core.shell:Creating environment hook '/home/ubuntuhost/example_ws/src/install/unity_slam_example/share/unity_slam_example/hook/pythonpath.ps1'
[8.526s] INFO:colcon.colcon_core.shell:Creating environment descriptor '/home/ubuntuhost/example_ws/src/install/unity_slam_example/share/unity_slam_example/hook/pythonpath.dsv'
[8.527s] INFO:colcon.colcon_core.shell:Creating environment hook '/home/ubuntuhost/example_ws/src/install/unity_slam_example/share/unity_slam_example/hook/pythonpath.sh'
[8.530s] Level 1:colcon.colcon_core.environment:checking '/home/ubuntuhost/example_ws/src/install/unity_slam_example/bin'
[8.532s] Level 1:colcon.colcon_core.environment:create_environment_scripts_only(unity_slam_example)
[8.533s] INFO:colcon.colcon_core.shell:Creating package script '/home/ubuntuhost/example_ws/src/install/unity_slam_example/share/unity_slam_example/package.ps1'
[8.539s] INFO:colcon.colcon_core.shell:Creating package descriptor '/home/ubuntuhost/example_ws/src/install/unity_slam_example/share/unity_slam_example/package.dsv'
[8.544s] INFO:colcon.colcon_core.shell:Creating package script '/home/ubuntuhost/example_ws/src/install/unity_slam_example/share/unity_slam_example/package.sh'
[8.551s] INFO:colcon.colcon_core.shell:Creating package script '/home/ubuntuhost/example_ws/src/install/unity_slam_example/share/unity_slam_example/package.bash'
[8.562s] INFO:colcon.colcon_core.shell:Creating package script '/home/ubuntuhost/example_ws/src/install/unity_slam_example/share/unity_slam_example/package.zsh'
[8.571s] Level 1:colcon.colcon_core.environment:create_file_with_runtime_dependencies(/home/ubuntuhost/example_ws/src/install/unity_slam_example/share/colcon-core/packages/unity_slam_example)
[8.588s] Level 1:colcon.colcon_core.environment:checking '/home/ubuntuhost/example_ws/src/install/turtlebot_goal_receiver' for CMake module files
[8.591s] Level 1:colcon.colcon_core.environment:checking '/home/ubuntuhost/example_ws/src/install/turtlebot_goal_receiver' for CMake config files
[8.594s] DEBUG:colcon.colcon_core.event_handler.log_command:Invoked command in '/home/ubuntuhost/example_ws/src/turtlebot_goal_receiver' returned '0': PYTHONPATH=/home/ubuntuhost/example_ws/src/build/turtlebot_goal_receiver/prefix_override:/home/ubuntuhost/example_ws/src/install/turtlebot_goal_receiver/lib/python3.8/site-packages:${PYTHONPATH} /usr/bin/python3 -W ignore:setup.py install is deprecated setup.py egg_info --egg-base ../build/turtlebot_goal_receiver build --build-base /home/ubuntuhost/example_ws/src/build/turtlebot_goal_receiver/build install --record /home/ubuntuhost/example_ws/src/build/turtlebot_goal_receiver/install.log --install-scripts $base/lib/turtlebot_goal_receiver --single-version-externally-managed install_data
[8.597s] Level 1:colcon.colcon_core.environment:checking '/home/ubuntuhost/example_ws/src/install/turtlebot_goal_receiver/lib'
[8.598s] Level 1:colcon.colcon_core.environment:checking '/home/ubuntuhost/example_ws/src/install/turtlebot_goal_receiver/bin'
[8.598s] Level 1:colcon.colcon_core.environment:checking '/home/ubuntuhost/example_ws/src/install/turtlebot_goal_receiver/lib/pkgconfig/turtlebot_goal_receiver.pc'
[8.600s] Level 1:colcon.colcon_core.environment:checking '/home/ubuntuhost/example_ws/src/install/turtlebot_goal_receiver/lib/python3.8/site-packages'
[8.600s] Level 1:colcon.colcon_core.shell:create_environment_hook('turtlebot_goal_receiver', 'pythonpath')
[8.601s] INFO:colcon.colcon_core.shell:Creating environment hook '/home/ubuntuhost/example_ws/src/install/turtlebot_goal_receiver/share/turtlebot_goal_receiver/hook/pythonpath.ps1'
[8.604s] INFO:colcon.colcon_core.shell:Creating environment descriptor '/home/ubuntuhost/example_ws/src/install/turtlebot_goal_receiver/share/turtlebot_goal_receiver/hook/pythonpath.dsv'
[8.608s] INFO:colcon.colcon_core.shell:Creating environment hook '/home/ubuntuhost/example_ws/src/install/turtlebot_goal_receiver/share/turtlebot_goal_receiver/hook/pythonpath.sh'
[8.612s] Level 1:colcon.colcon_core.environment:checking '/home/ubuntuhost/example_ws/src/install/turtlebot_goal_receiver/bin'
[8.613s] Level 1:colcon.colcon_core.environment:create_environment_scripts_only(turtlebot_goal_receiver)
[8.614s] INFO:colcon.colcon_core.shell:Creating package script '/home/ubuntuhost/example_ws/src/install/turtlebot_goal_receiver/share/turtlebot_goal_receiver/package.ps1'
[8.617s] INFO:colcon.colcon_core.shell:Creating package descriptor '/home/ubuntuhost/example_ws/src/install/turtlebot_goal_receiver/share/turtlebot_goal_receiver/package.dsv'
[8.620s] INFO:colcon.colcon_core.shell:Creating package script '/home/ubuntuhost/example_ws/src/install/turtlebot_goal_receiver/share/turtlebot_goal_receiver/package.sh'
[8.623s] INFO:colcon.colcon_core.shell:Creating package script '/home/ubuntuhost/example_ws/src/install/turtlebot_goal_receiver/share/turtlebot_goal_receiver/package.bash'
[8.626s] INFO:colcon.colcon_core.shell:Creating package script '/home/ubuntuhost/example_ws/src/install/turtlebot_goal_receiver/share/turtlebot_goal_receiver/package.zsh'
[8.628s] Level 1:colcon.colcon_core.environment:create_file_with_runtime_dependencies(/home/ubuntuhost/example_ws/src/install/turtlebot_goal_receiver/share/colcon-core/packages/turtlebot_goal_receiver)
[8.689s] Level 1:colcon.colcon_core.environment:checking '/home/ubuntuhost/example_ws/src/install/ros_tcp_endpoint' for CMake module files
[8.692s] Level 1:colcon.colcon_core.environment:checking '/home/ubuntuhost/example_ws/src/install/ros_tcp_endpoint' for CMake config files
[8.694s] DEBUG:colcon.colcon_core.event_handler.log_command:Invoked command in '/home/ubuntuhost/example_ws/src/ROS-TCP-Endpoint' returned '0': PYTHONPATH=/home/ubuntuhost/example_ws/src/build/ros_tcp_endpoint/prefix_override:/home/ubuntuhost/example_ws/src/install/ros_tcp_endpoint/lib/python3.8/site-packages:${PYTHONPATH} /usr/bin/python3 -W ignore:setup.py install is deprecated setup.py egg_info --egg-base ../build/ros_tcp_endpoint build --build-base /home/ubuntuhost/example_ws/src/build/ros_tcp_endpoint/build install --record /home/ubuntuhost/example_ws/src/build/ros_tcp_endpoint/install.log --install-scripts $base/lib/ros_tcp_endpoint --single-version-externally-managed install_data
[8.699s] Level 1:colcon.colcon_core.environment:checking '/home/ubuntuhost/example_ws/src/install/ros_tcp_endpoint/lib'
[8.699s] Level 1:colcon.colcon_core.environment:checking '/home/ubuntuhost/example_ws/src/install/ros_tcp_endpoint/bin'
[8.699s] Level 1:colcon.colcon_core.environment:checking '/home/ubuntuhost/example_ws/src/install/ros_tcp_endpoint/lib/pkgconfig/ros_tcp_endpoint.pc'
[8.700s] Level 1:colcon.colcon_core.environment:checking '/home/ubuntuhost/example_ws/src/install/ros_tcp_endpoint/lib/python3.8/site-packages'
[8.700s] Level 1:colcon.colcon_core.shell:create_environment_hook('ros_tcp_endpoint', 'pythonpath')
[8.702s] INFO:colcon.colcon_core.shell:Creating environment hook '/home/ubuntuhost/example_ws/src/install/ros_tcp_endpoint/share/ros_tcp_endpoint/hook/pythonpath.ps1'
[8.703s] INFO:colcon.colcon_core.shell:Creating environment descriptor '/home/ubuntuhost/example_ws/src/install/ros_tcp_endpoint/share/ros_tcp_endpoint/hook/pythonpath.dsv'
[8.706s] INFO:colcon.colcon_core.shell:Creating environment hook '/home/ubuntuhost/example_ws/src/install/ros_tcp_endpoint/share/ros_tcp_endpoint/hook/pythonpath.sh'
[8.709s] Level 1:colcon.colcon_core.environment:checking '/home/ubuntuhost/example_ws/src/install/ros_tcp_endpoint/bin'
[8.709s] Level 1:colcon.colcon_core.environment:create_environment_scripts_only(ros_tcp_endpoint)
[8.711s] INFO:colcon.colcon_core.shell:Creating package script '/home/ubuntuhost/example_ws/src/install/ros_tcp_endpoint/share/ros_tcp_endpoint/package.ps1'
[8.714s] INFO:colcon.colcon_core.shell:Creating package descriptor '/home/ubuntuhost/example_ws/src/install/ros_tcp_endpoint/share/ros_tcp_endpoint/package.dsv'
[8.715s] INFO:colcon.colcon_core.shell:Creating package script '/home/ubuntuhost/example_ws/src/install/ros_tcp_endpoint/share/ros_tcp_endpoint/package.sh'
[8.718s] INFO:colcon.colcon_core.shell:Creating package script '/home/ubuntuhost/example_ws/src/install/ros_tcp_endpoint/share/ros_tcp_endpoint/package.bash'
[8.720s] INFO:colcon.colcon_core.shell:Creating package script '/home/ubuntuhost/example_ws/src/install/ros_tcp_endpoint/share/ros_tcp_endpoint/package.zsh'
[8.723s] Level 1:colcon.colcon_core.environment:create_file_with_runtime_dependencies(/home/ubuntuhost/example_ws/src/install/ros_tcp_endpoint/share/colcon-core/packages/ros_tcp_endpoint)
[8.726s] DEBUG:colcon.colcon_parallel_executor.executor.parallel:closing loop
[8.727s] DEBUG:colcon.colcon_parallel_executor.executor.parallel:loop closed
[8.728s] DEBUG:colcon.colcon_parallel_executor.executor.parallel:run_until_complete finished with '0'
[8.728s] DEBUG:colcon.colcon_core.event_reactor:joining thread
[8.782s] INFO:colcon.colcon_core.plugin_system:Skipping extension 'colcon_notification.desktop_notification.terminal_notifier': Not used on non-Darwin systems
[8.783s] INFO:colcon.colcon_core.plugin_system:Skipping extension 'colcon_notification.desktop_notification.win32': Not used on non-Windows systems
[8.783s] INFO:colcon.colcon_notification.desktop_notification:Sending desktop notification using 'notify2'
[8.915s] DEBUG:colcon.colcon_core.event_reactor:joined thread
[8.917s] INFO:colcon.colcon_core.shell:Creating prefix script '/home/ubuntuhost/example_ws/src/install/local_setup.ps1'
[8.928s] INFO:colcon.colcon_core.shell:Creating prefix util module '/home/ubuntuhost/example_ws/src/install/_local_setup_util_ps1.py'
[8.937s] INFO:colcon.colcon_core.shell:Creating prefix chain script '/home/ubuntuhost/example_ws/src/install/setup.ps1'
[8.943s] INFO:colcon.colcon_core.shell:Creating prefix script '/home/ubuntuhost/example_ws/src/install/local_setup.sh'
[8.948s] INFO:colcon.colcon_core.shell:Creating prefix util module '/home/ubuntuhost/example_ws/src/install/_local_setup_util_sh.py'
[8.950s] INFO:colcon.colcon_core.shell:Creating prefix chain script '/home/ubuntuhost/example_ws/src/install/setup.sh'
[8.957s] INFO:colcon.colcon_core.shell:Creating prefix script '/home/ubuntuhost/example_ws/src/install/local_setup.bash'
[8.962s] INFO:colcon.colcon_core.shell:Creating prefix chain script '/home/ubuntuhost/example_ws/src/install/setup.bash'
[8.969s] INFO:colcon.colcon_core.shell:Creating prefix script '/home/ubuntuhost/example_ws/src/install/local_setup.zsh'
[8.973s] INFO:colcon.colcon_core.shell:Creating prefix chain script '/home/ubuntuhost/example_ws/src/install/setup.zsh'
