[10.185s] Invoking command in '/home/ubuntuhost/example_ws/src/navigator': PYTHONPATH=/home/ubuntuhost/example_ws/build/navigator/prefix_override:/home/ubuntuhost/example_ws/install/navigator/lib/python3.8/site-packages:${PYTHONPATH} /usr/bin/python3 -W ignore:setup.py install is deprecated setup.py egg_info --egg-base ../../build/navigator build --build-base /home/ubuntuhost/example_ws/build/navigator/build install --record /home/ubuntuhost/example_ws/build/navigator/install.log --install-scripts $base/lib/navigator --single-version-externally-managed install_data
[11.506s] running egg_info
[11.509s] writing ../../build/navigator/navigator.egg-info/PKG-INFO
[11.513s] writing dependency_links to ../../build/navigator/navigator.egg-info/dependency_links.txt
[11.515s] writing entry points to ../../build/navigator/navigator.egg-info/entry_points.txt
[11.517s] writing requirements to ../../build/navigator/navigator.egg-info/requires.txt
[11.518s] writing top-level names to ../../build/navigator/navigator.egg-info/top_level.txt
[11.679s] reading manifest file '../../build/navigator/navigator.egg-info/SOURCES.txt'
[11.685s] writing manifest file '../../build/navigator/navigator.egg-info/SOURCES.txt'
[11.685s] running build
[11.687s] running build_py
[11.687s] copying navigator/waypoint_publisher.py -> /home/ubuntuhost/example_ws/build/navigator/build/lib/navigator
[11.689s] running install
[11.695s] running install_lib
[11.699s] copying /home/ubuntuhost/example_ws/build/navigator/build/lib/navigator/waypoint_publisher.py -> /home/ubuntuhost/example_ws/install/navigator/lib/python3.8/site-packages/navigator
[11.704s] byte-compiling /home/ubuntuhost/example_ws/install/navigator/lib/python3.8/site-packages/navigator/waypoint_publisher.py to waypoint_publisher.cpython-38.pyc
[11.712s] running install_data
[11.713s] running install_egg_info
[11.721s] removing '/home/ubuntuhost/example_ws/install/navigator/lib/python3.8/site-packages/navigator-0.0.0-py3.8.egg-info' (and everything under it)
[11.723s] Copying ../../build/navigator/navigator.egg-info to /home/ubuntuhost/example_ws/install/navigator/lib/python3.8/site-packages/navigator-0.0.0-py3.8.egg-info
[11.732s] running install_scripts
[11.820s] Installing waypoint_follower script to /home/ubuntuhost/example_ws/install/navigator/lib/navigator
[11.822s] Installing waypoint_publisher script to /home/ubuntuhost/example_ws/install/navigator/lib/navigator
[11.826s] writing list of installed files to '/home/ubuntuhost/example_ws/build/navigator/install.log'
[12.015s] Invoked command in '/home/ubuntuhost/example_ws/src/navigator' returned '0': PYTHONPATH=/home/ubuntuhost/example_ws/build/navigator/prefix_override:/home/ubuntuhost/example_ws/install/navigator/lib/python3.8/site-packages:${PYTHONPATH} /usr/bin/python3 -W ignore:setup.py install is deprecated setup.py egg_info --egg-base ../../build/navigator build --build-base /home/ubuntuhost/example_ws/build/navigator/build install --record /home/ubuntuhost/example_ws/build/navigator/install.log --install-scripts $base/lib/navigator --single-version-externally-managed install_data
