[8.250s] Invoking command in '/home/ubuntuhost/example_ws/src/send_goal_pkg': PYTHONPATH=/home/ubuntuhost/example_ws/build/send_goal_pkg/prefix_override:/home/ubuntuhost/example_ws/install/send_goal_pkg/lib/python3.8/site-packages:${PYTHONPATH} /usr/bin/python3 -W ignore:setup.py install is deprecated setup.py egg_info --egg-base ../../build/send_goal_pkg build --build-base /home/ubuntuhost/example_ws/build/send_goal_pkg/build install --record /home/ubuntuhost/example_ws/build/send_goal_pkg/install.log --install-scripts $base/lib/send_goal_pkg --single-version-externally-managed install_data
[9.414s] running egg_info
[9.416s] writing ../../build/send_goal_pkg/send_goal_pkg.egg-info/PKG-INFO
[9.421s] writing dependency_links to ../../build/send_goal_pkg/send_goal_pkg.egg-info/dependency_links.txt
[9.428s] writing entry points to ../../build/send_goal_pkg/send_goal_pkg.egg-info/entry_points.txt
[9.443s] writing requirements to ../../build/send_goal_pkg/send_goal_pkg.egg-info/requires.txt
[9.444s] writing top-level names to ../../build/send_goal_pkg/send_goal_pkg.egg-info/top_level.txt
[9.584s] reading manifest file '../../build/send_goal_pkg/send_goal_pkg.egg-info/SOURCES.txt'
[9.593s] writing manifest file '../../build/send_goal_pkg/send_goal_pkg.egg-info/SOURCES.txt'
[9.597s] running build
[9.598s] running build_py
[9.611s] running install
[9.613s] running install_lib
[9.623s] running install_data
[9.632s] running install_egg_info
[9.638s] removing '/home/ubuntuhost/example_ws/install/send_goal_pkg/lib/python3.8/site-packages/send_goal_pkg-0.0.0-py3.8.egg-info' (and everything under it)
[9.640s] Copying ../../build/send_goal_pkg/send_goal_pkg.egg-info to /home/ubuntuhost/example_ws/install/send_goal_pkg/lib/python3.8/site-packages/send_goal_pkg-0.0.0-py3.8.egg-info
[9.652s] running install_scripts
[9.745s] Installing initial_pose script to /home/ubuntuhost/example_ws/install/send_goal_pkg/lib/send_goal_pkg
[9.746s] Installing publish_goal script to /home/ubuntuhost/example_ws/install/send_goal_pkg/lib/send_goal_pkg
[9.749s] Installing send_goal script to /home/ubuntuhost/example_ws/install/send_goal_pkg/lib/send_goal_pkg
[9.751s] writing list of installed files to '/home/ubuntuhost/example_ws/build/send_goal_pkg/install.log'
[9.885s] Invoked command in '/home/ubuntuhost/example_ws/src/send_goal_pkg' returned '0': PYTHONPATH=/home/ubuntuhost/example_ws/build/send_goal_pkg/prefix_override:/home/ubuntuhost/example_ws/install/send_goal_pkg/lib/python3.8/site-packages:${PYTHONPATH} /usr/bin/python3 -W ignore:setup.py install is deprecated setup.py egg_info --egg-base ../../build/send_goal_pkg build --build-base /home/ubuntuhost/example_ws/build/send_goal_pkg/build install --record /home/ubuntuhost/example_ws/build/send_goal_pkg/install.log --install-scripts $base/lib/send_goal_pkg --single-version-externally-managed install_data
