running egg_info
creating ../../build/navigator/navigator.egg-info
writing ../../build/navigator/navigator.egg-info/PKG-INFO
writing dependency_links to ../../build/navigator/navigator.egg-info/dependency_links.txt
writing entry points to ../../build/navigator/navigator.egg-info/entry_points.txt
writing requirements to ../../build/navigator/navigator.egg-info/requires.txt
writing top-level names to ../../build/navigator/navigator.egg-info/top_level.txt
writing manifest file '../../build/navigator/navigator.egg-info/SOURCES.txt'
reading manifest file '../../build/navigator/navigator.egg-info/SOURCES.txt'
writing manifest file '../../build/navigator/navigator.egg-info/SOURCES.txt'
running build
running build_py
creating /home/ubuntuhost/example_ws/build/navigator/build
creating /home/ubuntuhost/example_ws/build/navigator/build/lib
creating /home/ubuntuhost/example_ws/build/navigator/build/lib/navigator
copying navigator/waypoint_publisher.py -> /home/ubuntuhost/example_ws/build/navigator/build/lib/navigator
copying navigator/waypoint_follower.py -> /home/ubuntuhost/example_ws/build/navigator/build/lib/navigator
copying navigator/__init__.py -> /home/ubuntuhost/example_ws/build/navigator/build/lib/navigator
running install
running install_lib
creating /home/ubuntuhost/example_ws/install/navigator/lib/python3.8/site-packages/navigator
copying /home/ubuntuhost/example_ws/build/navigator/build/lib/navigator/waypoint_publisher.py -> /home/ubuntuhost/example_ws/install/navigator/lib/python3.8/site-packages/navigator
copying /home/ubuntuhost/example_ws/build/navigator/build/lib/navigator/waypoint_follower.py -> /home/ubuntuhost/example_ws/install/navigator/lib/python3.8/site-packages/navigator
copying /home/ubuntuhost/example_ws/build/navigator/build/lib/navigator/__init__.py -> /home/ubuntuhost/example_ws/install/navigator/lib/python3.8/site-packages/navigator
byte-compiling /home/ubuntuhost/example_ws/install/navigator/lib/python3.8/site-packages/navigator/waypoint_publisher.py to waypoint_publisher.cpython-38.pyc
byte-compiling /home/ubuntuhost/example_ws/install/navigator/lib/python3.8/site-packages/navigator/waypoint_follower.py to waypoint_follower.cpython-38.pyc
byte-compiling /home/ubuntuhost/example_ws/install/navigator/lib/python3.8/site-packages/navigator/__init__.py to __init__.cpython-38.pyc
running install_data
creating /home/ubuntuhost/example_ws/install/navigator/share/ament_index
creating /home/ubuntuhost/example_ws/install/navigator/share/ament_index/resource_index
creating /home/ubuntuhost/example_ws/install/navigator/share/ament_index/resource_index/packages
copying resource/navigator -> /home/ubuntuhost/example_ws/install/navigator/share/ament_index/resource_index/packages
copying package.xml -> /home/ubuntuhost/example_ws/install/navigator/share/navigator
running install_egg_info
Copying ../../build/navigator/navigator.egg-info to /home/ubuntuhost/example_ws/install/navigator/lib/python3.8/site-packages/navigator-0.0.0-py3.8.egg-info
running install_scripts
writing list of installed files to '/home/ubuntuhost/example_ws/build/navigator/install.log'
