[8.272s] Invoking command in '/home/ubuntuhost/example_ws/src/navigator': PYTHONPATH=/home/ubuntuhost/example_ws/build/navigator/prefix_override:/home/ubuntuhost/example_ws/install/navigator/lib/python3.8/site-packages:${PYTHONPATH} /usr/bin/python3 -W ignore:setup.py install is deprecated setup.py egg_info --egg-base ../../build/navigator build --build-base /home/ubuntuhost/example_ws/build/navigator/build install --record /home/ubuntuhost/example_ws/build/navigator/install.log --install-scripts $base/lib/navigator --single-version-externally-managed install_data
[9.473s] running egg_info
[9.475s] creating ../../build/navigator/navigator.egg-info
[9.477s] writing ../../build/navigator/navigator.egg-info/PKG-INFO
[9.477s] writing dependency_links to ../../build/navigator/navigator.egg-info/dependency_links.txt
[9.479s] writing entry points to ../../build/navigator/navigator.egg-info/entry_points.txt
[9.479s] writing requirements to ../../build/navigator/navigator.egg-info/requires.txt
[9.480s] writing top-level names to ../../build/navigator/navigator.egg-info/top_level.txt
[9.534s] writing manifest file '../../build/navigator/navigator.egg-info/SOURCES.txt'
[9.690s] reading manifest file '../../build/navigator/navigator.egg-info/SOURCES.txt'
[9.694s] writing manifest file '../../build/navigator/navigator.egg-info/SOURCES.txt'
[9.699s] running build
[9.700s] running build_py
[9.700s] creating /home/ubuntuhost/example_ws/build/navigator/build
[9.701s] creating /home/ubuntuhost/example_ws/build/navigator/build/lib
[9.704s] creating /home/ubuntuhost/example_ws/build/navigator/build/lib/navigator
[9.705s] copying navigator/waypoint_publisher.py -> /home/ubuntuhost/example_ws/build/navigator/build/lib/navigator
[9.706s] copying navigator/waypoint_follower.py -> /home/ubuntuhost/example_ws/build/navigator/build/lib/navigator
[9.708s] copying navigator/__init__.py -> /home/ubuntuhost/example_ws/build/navigator/build/lib/navigator
[9.709s] running install
[9.712s] running install_lib
[9.719s] creating /home/ubuntuhost/example_ws/install/navigator/lib/python3.8/site-packages/navigator
[9.720s] copying /home/ubuntuhost/example_ws/build/navigator/build/lib/navigator/waypoint_publisher.py -> /home/ubuntuhost/example_ws/install/navigator/lib/python3.8/site-packages/navigator
[9.726s] copying /home/ubuntuhost/example_ws/build/navigator/build/lib/navigator/waypoint_follower.py -> /home/ubuntuhost/example_ws/install/navigator/lib/python3.8/site-packages/navigator
[9.727s] copying /home/ubuntuhost/example_ws/build/navigator/build/lib/navigator/__init__.py -> /home/ubuntuhost/example_ws/install/navigator/lib/python3.8/site-packages/navigator
[9.728s] byte-compiling /home/ubuntuhost/example_ws/install/navigator/lib/python3.8/site-packages/navigator/waypoint_publisher.py to waypoint_publisher.cpython-38.pyc
[9.737s] byte-compiling /home/ubuntuhost/example_ws/install/navigator/lib/python3.8/site-packages/navigator/waypoint_follower.py to waypoint_follower.cpython-38.pyc
[9.746s] byte-compiling /home/ubuntuhost/example_ws/install/navigator/lib/python3.8/site-packages/navigator/__init__.py to __init__.cpython-38.pyc
[9.748s] running install_data
[9.751s] creating /home/ubuntuhost/example_ws/install/navigator/share/ament_index
[9.752s] creating /home/ubuntuhost/example_ws/install/navigator/share/ament_index/resource_index
[9.752s] creating /home/ubuntuhost/example_ws/install/navigator/share/ament_index/resource_index/packages
[9.753s] copying resource/navigator -> /home/ubuntuhost/example_ws/install/navigator/share/ament_index/resource_index/packages
[9.754s] copying package.xml -> /home/ubuntuhost/example_ws/install/navigator/share/navigator
[9.755s] running install_egg_info
[9.762s] Copying ../../build/navigator/navigator.egg-info to /home/ubuntuhost/example_ws/install/navigator/lib/python3.8/site-packages/navigator-0.0.0-py3.8.egg-info
[9.779s] running install_scripts
[9.884s] writing list of installed files to '/home/ubuntuhost/example_ws/build/navigator/install.log'
[10.138s] Invoked command in '/home/ubuntuhost/example_ws/src/navigator' returned '0': PYTHONPATH=/home/ubuntuhost/example_ws/build/navigator/prefix_override:/home/ubuntuhost/example_ws/install/navigator/lib/python3.8/site-packages:${PYTHONPATH} /usr/bin/python3 -W ignore:setup.py install is deprecated setup.py egg_info --egg-base ../../build/navigator build --build-base /home/ubuntuhost/example_ws/build/navigator/build install --record /home/ubuntuhost/example_ws/build/navigator/install.log --install-scripts $base/lib/navigator --single-version-externally-managed install_data
