running egg_info
creating ../../build/send_goal_pkg/send_goal_pkg.egg-info
writing ../../build/send_goal_pkg/send_goal_pkg.egg-info/PKG-INFO
writing dependency_links to ../../build/send_goal_pkg/send_goal_pkg.egg-info/dependency_links.txt
writing entry points to ../../build/send_goal_pkg/send_goal_pkg.egg-info/entry_points.txt
writing requirements to ../../build/send_goal_pkg/send_goal_pkg.egg-info/requires.txt
writing top-level names to ../../build/send_goal_pkg/send_goal_pkg.egg-info/top_level.txt
writing manifest file '../../build/send_goal_pkg/send_goal_pkg.egg-info/SOURCES.txt'
reading manifest file '../../build/send_goal_pkg/send_goal_pkg.egg-info/SOURCES.txt'
writing manifest file '../../build/send_goal_pkg/send_goal_pkg.egg-info/SOURCES.txt'
running build
running build_py
creating /home/ubuntuhost/example_ws/build/send_goal_pkg/build
creating /home/ubuntuhost/example_ws/build/send_goal_pkg/build/lib
creating /home/ubuntuhost/example_ws/build/send_goal_pkg/build/lib/send_goal_pkg
copying send_goal_pkg/publish_goal.py -> /home/ubuntuhost/example_ws/build/send_goal_pkg/build/lib/send_goal_pkg
copying send_goal_pkg/send_goal.py -> /home/ubuntuhost/example_ws/build/send_goal_pkg/build/lib/send_goal_pkg
copying send_goal_pkg/__init__.py -> /home/ubuntuhost/example_ws/build/send_goal_pkg/build/lib/send_goal_pkg
running install
running install_lib
creating /home/ubuntuhost/example_ws/install/send_goal_pkg/lib/python3.8/site-packages/send_goal_pkg
copying /home/ubuntuhost/example_ws/build/send_goal_pkg/build/lib/send_goal_pkg/publish_goal.py -> /home/ubuntuhost/example_ws/install/send_goal_pkg/lib/python3.8/site-packages/send_goal_pkg
copying /home/ubuntuhost/example_ws/build/send_goal_pkg/build/lib/send_goal_pkg/send_goal.py -> /home/ubuntuhost/example_ws/install/send_goal_pkg/lib/python3.8/site-packages/send_goal_pkg
copying /home/ubuntuhost/example_ws/build/send_goal_pkg/build/lib/send_goal_pkg/__init__.py -> /home/ubuntuhost/example_ws/install/send_goal_pkg/lib/python3.8/site-packages/send_goal_pkg
byte-compiling /home/ubuntuhost/example_ws/install/send_goal_pkg/lib/python3.8/site-packages/send_goal_pkg/publish_goal.py to publish_goal.cpython-38.pyc
byte-compiling /home/ubuntuhost/example_ws/install/send_goal_pkg/lib/python3.8/site-packages/send_goal_pkg/send_goal.py to send_goal.cpython-38.pyc
byte-compiling /home/ubuntuhost/example_ws/install/send_goal_pkg/lib/python3.8/site-packages/send_goal_pkg/__init__.py to __init__.cpython-38.pyc
running install_data
creating /home/ubuntuhost/example_ws/install/send_goal_pkg/share/ament_index
creating /home/ubuntuhost/example_ws/install/send_goal_pkg/share/ament_index/resource_index
creating /home/ubuntuhost/example_ws/install/send_goal_pkg/share/ament_index/resource_index/packages
copying resource/send_goal_pkg -> /home/ubuntuhost/example_ws/install/send_goal_pkg/share/ament_index/resource_index/packages
copying package.xml -> /home/ubuntuhost/example_ws/install/send_goal_pkg/share/send_goal_pkg
running install_egg_info
Copying ../../build/send_goal_pkg/send_goal_pkg.egg-info to /home/ubuntuhost/example_ws/install/send_goal_pkg/lib/python3.8/site-packages/send_goal_pkg-0.0.0-py3.8.egg-info
running install_scripts
Installing publish_goal script to /home/ubuntuhost/example_ws/install/send_goal_pkg/lib/send_goal_pkg
Installing send_goal script to /home/ubuntuhost/example_ws/install/send_goal_pkg/lib/send_goal_pkg
writing list of installed files to '/home/ubuntuhost/example_ws/build/send_goal_pkg/install.log'
