[8.974s] Invoking command in '/home/ubuntuhost/example_ws/src/send_goal_pkg': PYTHONPATH=/home/ubuntuhost/example_ws/build/send_goal_pkg/prefix_override:/home/ubuntuhost/example_ws/install/send_goal_pkg/lib/python3.8/site-packages:${PYTHONPATH} /usr/bin/python3 -W ignore:setup.py install is deprecated setup.py egg_info --egg-base ../../build/send_goal_pkg build --build-base /home/ubuntuhost/example_ws/build/send_goal_pkg/build install --record /home/ubuntuhost/example_ws/build/send_goal_pkg/install.log --install-scripts $base/lib/send_goal_pkg --single-version-externally-managed install_data
[10.169s] running egg_info
[10.173s] creating ../../build/send_goal_pkg/send_goal_pkg.egg-info
[10.174s] writing ../../build/send_goal_pkg/send_goal_pkg.egg-info/PKG-INFO
[10.175s] writing dependency_links to ../../build/send_goal_pkg/send_goal_pkg.egg-info/dependency_links.txt
[10.178s] writing entry points to ../../build/send_goal_pkg/send_goal_pkg.egg-info/entry_points.txt
[10.178s] writing requirements to ../../build/send_goal_pkg/send_goal_pkg.egg-info/requires.txt
[10.179s] writing top-level names to ../../build/send_goal_pkg/send_goal_pkg.egg-info/top_level.txt
[10.185s] writing manifest file '../../build/send_goal_pkg/send_goal_pkg.egg-info/SOURCES.txt'
[10.337s] reading manifest file '../../build/send_goal_pkg/send_goal_pkg.egg-info/SOURCES.txt'
[10.342s] writing manifest file '../../build/send_goal_pkg/send_goal_pkg.egg-info/SOURCES.txt'
[10.345s] running build
[10.346s] running build_py
[10.347s] creating /home/ubuntuhost/example_ws/build/send_goal_pkg/build
[10.348s] creating /home/ubuntuhost/example_ws/build/send_goal_pkg/build/lib
[10.348s] creating /home/ubuntuhost/example_ws/build/send_goal_pkg/build/lib/send_goal_pkg
[10.355s] copying send_goal_pkg/publish_goal.py -> /home/ubuntuhost/example_ws/build/send_goal_pkg/build/lib/send_goal_pkg
[10.364s] copying send_goal_pkg/send_goal.py -> /home/ubuntuhost/example_ws/build/send_goal_pkg/build/lib/send_goal_pkg
[10.366s] copying send_goal_pkg/__init__.py -> /home/ubuntuhost/example_ws/build/send_goal_pkg/build/lib/send_goal_pkg
[10.370s] running install
[10.372s] running install_lib
[10.375s] creating /home/ubuntuhost/example_ws/install/send_goal_pkg/lib/python3.8/site-packages/send_goal_pkg
[10.376s] copying /home/ubuntuhost/example_ws/build/send_goal_pkg/build/lib/send_goal_pkg/publish_goal.py -> /home/ubuntuhost/example_ws/install/send_goal_pkg/lib/python3.8/site-packages/send_goal_pkg
[10.377s] copying /home/ubuntuhost/example_ws/build/send_goal_pkg/build/lib/send_goal_pkg/send_goal.py -> /home/ubuntuhost/example_ws/install/send_goal_pkg/lib/python3.8/site-packages/send_goal_pkg
[10.378s] copying /home/ubuntuhost/example_ws/build/send_goal_pkg/build/lib/send_goal_pkg/__init__.py -> /home/ubuntuhost/example_ws/install/send_goal_pkg/lib/python3.8/site-packages/send_goal_pkg
[10.379s] byte-compiling /home/ubuntuhost/example_ws/install/send_goal_pkg/lib/python3.8/site-packages/send_goal_pkg/publish_goal.py to publish_goal.cpython-38.pyc
[10.384s] byte-compiling /home/ubuntuhost/example_ws/install/send_goal_pkg/lib/python3.8/site-packages/send_goal_pkg/send_goal.py to send_goal.cpython-38.pyc
[10.385s] byte-compiling /home/ubuntuhost/example_ws/install/send_goal_pkg/lib/python3.8/site-packages/send_goal_pkg/__init__.py to __init__.cpython-38.pyc
[10.387s] running install_data
[10.387s] creating /home/ubuntuhost/example_ws/install/send_goal_pkg/share/ament_index
[10.388s] creating /home/ubuntuhost/example_ws/install/send_goal_pkg/share/ament_index/resource_index
[10.389s] creating /home/ubuntuhost/example_ws/install/send_goal_pkg/share/ament_index/resource_index/packages
[10.390s] copying resource/send_goal_pkg -> /home/ubuntuhost/example_ws/install/send_goal_pkg/share/ament_index/resource_index/packages
[10.391s] copying package.xml -> /home/ubuntuhost/example_ws/install/send_goal_pkg/share/send_goal_pkg
[10.394s] running install_egg_info
[10.397s] Copying ../../build/send_goal_pkg/send_goal_pkg.egg-info to /home/ubuntuhost/example_ws/install/send_goal_pkg/lib/python3.8/site-packages/send_goal_pkg-0.0.0-py3.8.egg-info
[10.401s] running install_scripts
[10.492s] Installing publish_goal script to /home/ubuntuhost/example_ws/install/send_goal_pkg/lib/send_goal_pkg
[10.500s] Installing send_goal script to /home/ubuntuhost/example_ws/install/send_goal_pkg/lib/send_goal_pkg
[10.504s] writing list of installed files to '/home/ubuntuhost/example_ws/build/send_goal_pkg/install.log'
[10.629s] Invoked command in '/home/ubuntuhost/example_ws/src/send_goal_pkg' returned '0': PYTHONPATH=/home/ubuntuhost/example_ws/build/send_goal_pkg/prefix_override:/home/ubuntuhost/example_ws/install/send_goal_pkg/lib/python3.8/site-packages:${PYTHONPATH} /usr/bin/python3 -W ignore:setup.py install is deprecated setup.py egg_info --egg-base ../../build/send_goal_pkg build --build-base /home/ubuntuhost/example_ws/build/send_goal_pkg/build install --record /home/ubuntuhost/example_ws/build/send_goal_pkg/install.log --install-scripts $base/lib/send_goal_pkg --single-version-externally-managed install_data
