[9.375s] Invoking command in '/home/ubuntuhost/example_ws/src/turtlebot_goal_receiver': PYTHONPATH=/home/ubuntuhost/example_ws/build/turtlebot_goal_receiver/prefix_override:/home/ubuntuhost/example_ws/install/turtlebot_goal_receiver/lib/python3.8/site-packages:${PYTHONPATH} /usr/bin/python3 -W ignore:setup.py install is deprecated setup.py egg_info --egg-base ../../build/turtlebot_goal_receiver build --build-base /home/ubuntuhost/example_ws/build/turtlebot_goal_receiver/build install --record /home/ubuntuhost/example_ws/build/turtlebot_goal_receiver/install.log --install-scripts $base/lib/turtlebot_goal_receiver --single-version-externally-managed install_data
[10.557s] running egg_info
[10.561s] writing ../../build/turtlebot_goal_receiver/turtlebot_goal_receiver.egg-info/PKG-INFO
[10.562s] writing dependency_links to ../../build/turtlebot_goal_receiver/turtlebot_goal_receiver.egg-info/dependency_links.txt
[10.565s] writing entry points to ../../build/turtlebot_goal_receiver/turtlebot_goal_receiver.egg-info/entry_points.txt
[10.566s] writing requirements to ../../build/turtlebot_goal_receiver/turtlebot_goal_receiver.egg-info/requires.txt
[10.567s] writing top-level names to ../../build/turtlebot_goal_receiver/turtlebot_goal_receiver.egg-info/top_level.txt
[10.728s] reading manifest file '../../build/turtlebot_goal_receiver/turtlebot_goal_receiver.egg-info/SOURCES.txt'
[10.734s] writing manifest file '../../build/turtlebot_goal_receiver/turtlebot_goal_receiver.egg-info/SOURCES.txt'
[10.735s] running build
[10.738s] running build_py
[10.740s] running install
[10.744s] running install_lib
[10.753s] running install_data
[10.754s] running install_egg_info
[10.764s] removing '/home/ubuntuhost/example_ws/install/turtlebot_goal_receiver/lib/python3.8/site-packages/turtlebot_goal_receiver-0.0.0-py3.8.egg-info' (and everything under it)
[10.766s] Copying ../../build/turtlebot_goal_receiver/turtlebot_goal_receiver.egg-info to /home/ubuntuhost/example_ws/install/turtlebot_goal_receiver/lib/python3.8/site-packages/turtlebot_goal_receiver-0.0.0-py3.8.egg-info
[10.775s] running install_scripts
[10.875s] Installing goal_receiver script to /home/ubuntuhost/example_ws/install/turtlebot_goal_receiver/lib/turtlebot_goal_receiver
[10.879s] writing list of installed files to '/home/ubuntuhost/example_ws/build/turtlebot_goal_receiver/install.log'
[11.084s] Invoked command in '/home/ubuntuhost/example_ws/src/turtlebot_goal_receiver' returned '0': PYTHONPATH=/home/ubuntuhost/example_ws/build/turtlebot_goal_receiver/prefix_override:/home/ubuntuhost/example_ws/install/turtlebot_goal_receiver/lib/python3.8/site-packages:${PYTHONPATH} /usr/bin/python3 -W ignore:setup.py install is deprecated setup.py egg_info --egg-base ../../build/turtlebot_goal_receiver build --build-base /home/ubuntuhost/example_ws/build/turtlebot_goal_receiver/build install --record /home/ubuntuhost/example_ws/build/turtlebot_goal_receiver/install.log --install-scripts $base/lib/turtlebot_goal_receiver --single-version-externally-managed install_data
