/home/ubuntuhost/example_ws/install/send_goal_pkg/lib/python3.8/site-packages/send_goal_pkg/publish_goal.py
/home/ubuntuhost/example_ws/install/send_goal_pkg/lib/python3.8/site-packages/send_goal_pkg/send_goal.py
/home/ubuntuhost/example_ws/install/send_goal_pkg/lib/python3.8/site-packages/send_goal_pkg/initial_pose.py
/home/ubuntuhost/example_ws/install/send_goal_pkg/lib/python3.8/site-packages/send_goal_pkg/__init__.py
/home/ubuntuhost/example_ws/install/send_goal_pkg/lib/python3.8/site-packages/send_goal_pkg/__pycache__/publish_goal.cpython-38.pyc
/home/ubuntuhost/example_ws/install/send_goal_pkg/lib/python3.8/site-packages/send_goal_pkg/__pycache__/send_goal.cpython-38.pyc
/home/ubuntuhost/example_ws/install/send_goal_pkg/lib/python3.8/site-packages/send_goal_pkg/__pycache__/initial_pose.cpython-38.pyc
/home/ubuntuhost/example_ws/install/send_goal_pkg/lib/python3.8/site-packages/send_goal_pkg/__pycache__/__init__.cpython-38.pyc
/home/ubuntuhost/example_ws/install/send_goal_pkg/share/ament_index/resource_index/packages/send_goal_pkg
/home/ubuntuhost/example_ws/install/send_goal_pkg/share/send_goal_pkg/package.xml
/home/ubuntuhost/example_ws/install/send_goal_pkg/share/send_goal_pkg/launch/send_goal_launch.py
/home/ubuntuhost/example_ws/install/send_goal_pkg/lib/python3.8/site-packages/send_goal_pkg-0.0.0-py3.8.egg-info/requires.txt
/home/ubuntuhost/example_ws/install/send_goal_pkg/lib/python3.8/site-packages/send_goal_pkg-0.0.0-py3.8.egg-info/dependency_links.txt
/home/ubuntuhost/example_ws/install/send_goal_pkg/lib/python3.8/site-packages/send_goal_pkg-0.0.0-py3.8.egg-info/entry_points.txt
/home/ubuntuhost/example_ws/install/send_goal_pkg/lib/python3.8/site-packages/send_goal_pkg-0.0.0-py3.8.egg-info/zip-safe
/home/ubuntuhost/example_ws/install/send_goal_pkg/lib/python3.8/site-packages/send_goal_pkg-0.0.0-py3.8.egg-info/top_level.txt
/home/ubuntuhost/example_ws/install/send_goal_pkg/lib/python3.8/site-packages/send_goal_pkg-0.0.0-py3.8.egg-info/PKG-INFO
/home/ubuntuhost/example_ws/install/send_goal_pkg/lib/python3.8/site-packages/send_goal_pkg-0.0.0-py3.8.egg-info/SOURCES.txt
/home/ubuntuhost/example_ws/install/send_goal_pkg/lib/send_goal_pkg/initial_pose
/home/ubuntuhost/example_ws/install/send_goal_pkg/lib/send_goal_pkg/publish_goal
/home/ubuntuhost/example_ws/install/send_goal_pkg/lib/send_goal_pkg/send_goal
