[0.886s] Invoking command in '/home/ubuntuhost/example_ws/src/unity_slam_example': PYTHONPATH=/home/ubuntuhost/example_ws/build/unity_slam_example/prefix_override:/home/ubuntuhost/example_ws/install/unity_slam_example/lib/python3.8/site-packages: /usr/bin/python3 -W ignore:setup.py install is deprecated setup.py egg_info --egg-base ../../build/unity_slam_example build --build-base /home/ubuntuhost/example_ws/build/unity_slam_example/build install --record /home/ubuntuhost/example_ws/build/unity_slam_example/install.log --install-scripts $base/lib/unity_slam_example --single-version-externally-managed install_data
[1.061s] running egg_info
[1.062s] creating ../../build/unity_slam_example/unity_slam_example.egg-info
[1.062s] writing ../../build/unity_slam_example/unity_slam_example.egg-info/PKG-INFO
[1.062s] writing dependency_links to ../../build/unity_slam_example/unity_slam_example.egg-info/dependency_links.txt
[1.063s] writing requirements to ../../build/unity_slam_example/unity_slam_example.egg-info/requires.txt
[1.063s] writing top-level names to ../../build/unity_slam_example/unity_slam_example.egg-info/top_level.txt
[1.069s] writing manifest file '../../build/unity_slam_example/unity_slam_example.egg-info/SOURCES.txt'
[1.069s] reading manifest file '../../build/unity_slam_example/unity_slam_example.egg-info/SOURCES.txt'
[1.070s] writing manifest file '../../build/unity_slam_example/unity_slam_example.egg-info/SOURCES.txt'
[1.070s] running build
[1.070s] running install
[1.071s] running install_data
[1.071s] creating /home/ubuntuhost/example_ws/install/unity_slam_example/share/ament_index
[1.072s] creating /home/ubuntuhost/example_ws/install/unity_slam_example/share/ament_index/resource_index
[1.072s] creating /home/ubuntuhost/example_ws/install/unity_slam_example/share/ament_index/resource_index/packages
[1.072s] copying resource/unity_slam_example -> /home/ubuntuhost/example_ws/install/unity_slam_example/share/ament_index/resource_index/packages
[1.072s] copying package.xml -> /home/ubuntuhost/example_ws/install/unity_slam_example/share/unity_slam_example
[1.072s] copying rviz/nav2_unity.rviz -> /home/ubuntuhost/example_ws/install/unity_slam_example/share/unity_slam_example
[1.073s] copying launch/unity_slam_example.py -> /home/ubuntuhost/example_ws/install/unity_slam_example/share/unity_slam_example
[1.073s] copying launch/unity_viz_example.py -> /home/ubuntuhost/example_ws/install/unity_slam_example/share/unity_slam_example
[1.073s] running install_egg_info
[1.074s] Copying ../../build/unity_slam_example/unity_slam_example.egg-info to /home/ubuntuhost/example_ws/install/unity_slam_example/lib/python3.8/site-packages/unity_slam_example-0.0.1-py3.8.egg-info
[1.075s] running install_scripts
[1.091s] writing list of installed files to '/home/ubuntuhost/example_ws/build/unity_slam_example/install.log'
[1.112s] Invoked command in '/home/ubuntuhost/example_ws/src/unity_slam_example' returned '0': PYTHONPATH=/home/ubuntuhost/example_ws/build/unity_slam_example/prefix_override:/home/ubuntuhost/example_ws/install/unity_slam_example/lib/python3.8/site-packages: /usr/bin/python3 -W ignore:setup.py install is deprecated setup.py egg_info --egg-base ../../build/unity_slam_example build --build-base /home/ubuntuhost/example_ws/build/unity_slam_example/build install --record /home/ubuntuhost/example_ws/build/unity_slam_example/install.log --install-scripts $base/lib/unity_slam_example --single-version-externally-managed install_data
