[8.283s] Invoking command in '/home/ubuntuhost/example_ws/src/turtlebot_goal_receiver': PYTHONPATH=/home/ubuntuhost/example_ws/build/turtlebot_goal_receiver/prefix_override:/home/ubuntuhost/example_ws/install/turtlebot_goal_receiver/lib/python3.8/site-packages:${PYTHONPATH} /usr/bin/python3 -W ignore:setup.py install is deprecated setup.py egg_info --egg-base ../../build/turtlebot_goal_receiver build --build-base /home/ubuntuhost/example_ws/build/turtlebot_goal_receiver/build install --record /home/ubuntuhost/example_ws/build/turtlebot_goal_receiver/install.log --install-scripts $base/lib/turtlebot_goal_receiver --single-version-externally-managed install_data
[9.431s] running egg_info
[9.438s] writing ../../build/turtlebot_goal_receiver/turtlebot_goal_receiver.egg-info/PKG-INFO
[9.440s] writing dependency_links to ../../build/turtlebot_goal_receiver/turtlebot_goal_receiver.egg-info/dependency_links.txt
[9.442s] writing entry points to ../../build/turtlebot_goal_receiver/turtlebot_goal_receiver.egg-info/entry_points.txt
[9.445s] writing requirements to ../../build/turtlebot_goal_receiver/turtlebot_goal_receiver.egg-info/requires.txt
[9.446s] writing top-level names to ../../build/turtlebot_goal_receiver/turtlebot_goal_receiver.egg-info/top_level.txt
[9.617s] reading manifest file '../../build/turtlebot_goal_receiver/turtlebot_goal_receiver.egg-info/SOURCES.txt'
[9.625s] writing manifest file '../../build/turtlebot_goal_receiver/turtlebot_goal_receiver.egg-info/SOURCES.txt'
[9.626s] running build
[9.626s] running build_py
[9.638s] running install
[9.639s] running install_lib
[9.661s] running install_data
[9.662s] running install_egg_info
[9.667s] removing '/home/ubuntuhost/example_ws/install/turtlebot_goal_receiver/lib/python3.8/site-packages/turtlebot_goal_receiver-0.0.0-py3.8.egg-info' (and everything under it)
[9.669s] Copying ../../build/turtlebot_goal_receiver/turtlebot_goal_receiver.egg-info to /home/ubuntuhost/example_ws/install/turtlebot_goal_receiver/lib/python3.8/site-packages/turtlebot_goal_receiver-0.0.0-py3.8.egg-info
[9.678s] running install_scripts
[9.768s] Installing goal_receiver script to /home/ubuntuhost/example_ws/install/turtlebot_goal_receiver/lib/turtlebot_goal_receiver
[9.770s] writing list of installed files to '/home/ubuntuhost/example_ws/build/turtlebot_goal_receiver/install.log'
[9.976s] Invoked command in '/home/ubuntuhost/example_ws/src/turtlebot_goal_receiver' returned '0': PYTHONPATH=/home/ubuntuhost/example_ws/build/turtlebot_goal_receiver/prefix_override:/home/ubuntuhost/example_ws/install/turtlebot_goal_receiver/lib/python3.8/site-packages:${PYTHONPATH} /usr/bin/python3 -W ignore:setup.py install is deprecated setup.py egg_info --egg-base ../../build/turtlebot_goal_receiver build --build-base /home/ubuntuhost/example_ws/build/turtlebot_goal_receiver/build install --record /home/ubuntuhost/example_ws/build/turtlebot_goal_receiver/install.log --install-scripts $base/lib/turtlebot_goal_receiver --single-version-externally-managed install_data
