running egg_info
writing ../../build/send_goal_pkg/send_goal_pkg.egg-info/PKG-INFO
writing dependency_links to ../../build/send_goal_pkg/send_goal_pkg.egg-info/dependency_links.txt
writing entry points to ../../build/send_goal_pkg/send_goal_pkg.egg-info/entry_points.txt
writing requirements to ../../build/send_goal_pkg/send_goal_pkg.egg-info/requires.txt
writing top-level names to ../../build/send_goal_pkg/send_goal_pkg.egg-info/top_level.txt
reading manifest file '../../build/send_goal_pkg/send_goal_pkg.egg-info/SOURCES.txt'
writing manifest file '../../build/send_goal_pkg/send_goal_pkg.egg-info/SOURCES.txt'
running build
running build_py
copying send_goal_pkg/initial_pose.py -> /home/ubuntuhost/example_ws/build/send_goal_pkg/build/lib/send_goal_pkg
running install
running install_lib
copying /home/ubuntuhost/example_ws/build/send_goal_pkg/build/lib/send_goal_pkg/initial_pose.py -> /home/ubuntuhost/example_ws/install/send_goal_pkg/lib/python3.8/site-packages/send_goal_pkg
byte-compiling /home/ubuntuhost/example_ws/install/send_goal_pkg/lib/python3.8/site-packages/send_goal_pkg/initial_pose.py to initial_pose.cpython-38.pyc
running install_data
running install_egg_info
removing '/home/ubuntuhost/example_ws/install/send_goal_pkg/lib/python3.8/site-packages/send_goal_pkg-0.0.0-py3.8.egg-info' (and everything under it)
Copying ../../build/send_goal_pkg/send_goal_pkg.egg-info to /home/ubuntuhost/example_ws/install/send_goal_pkg/lib/python3.8/site-packages/send_goal_pkg-0.0.0-py3.8.egg-info
running install_scripts
Installing initial_pose script to /home/ubuntuhost/example_ws/install/send_goal_pkg/lib/send_goal_pkg
Installing publish_goal script to /home/ubuntuhost/example_ws/install/send_goal_pkg/lib/send_goal_pkg
Installing send_goal script to /home/ubuntuhost/example_ws/install/send_goal_pkg/lib/send_goal_pkg
writing list of installed files to '/home/ubuntuhost/example_ws/build/send_goal_pkg/install.log'
