running egg_info
writing ../../build/navigator/navigator.egg-info/PKG-INFO
writing dependency_links to ../../build/navigator/navigator.egg-info/dependency_links.txt
writing entry points to ../../build/navigator/navigator.egg-info/entry_points.txt
writing requirements to ../../build/navigator/navigator.egg-info/requires.txt
writing top-level names to ../../build/navigator/navigator.egg-info/top_level.txt
reading manifest file '../../build/navigator/navigator.egg-info/SOURCES.txt'
writing manifest file '../../build/navigator/navigator.egg-info/SOURCES.txt'
running build
running build_py
copying navigator/waypoint_publisher.py -> /home/ubuntuhost/example_ws/build/navigator/build/lib/navigator
running install
running install_lib
copying /home/ubuntuhost/example_ws/build/navigator/build/lib/navigator/waypoint_publisher.py -> /home/ubuntuhost/example_ws/install/navigator/lib/python3.8/site-packages/navigator
byte-compiling /home/ubuntuhost/example_ws/install/navigator/lib/python3.8/site-packages/navigator/waypoint_publisher.py to waypoint_publisher.cpython-38.pyc
running install_data
running install_egg_info
removing '/home/ubuntuhost/example_ws/install/navigator/lib/python3.8/site-packages/navigator-0.0.0-py3.8.egg-info' (and everything under it)
Copying ../../build/navigator/navigator.egg-info to /home/ubuntuhost/example_ws/install/navigator/lib/python3.8/site-packages/navigator-0.0.0-py3.8.egg-info
running install_scripts
Installing waypoint_follower script to /home/ubuntuhost/example_ws/install/navigator/lib/navigator
Installing waypoint_publisher script to /home/ubuntuhost/example_ws/install/navigator/lib/navigator
writing list of installed files to '/home/ubuntuhost/example_ws/build/navigator/install.log'
