[5.361s] Invoking command in '/home/ubuntuhost/example_ws/src/ROS-TCP-Endpoint': PYTHONPATH=/home/ubuntuhost/example_ws/src/build/ros_tcp_endpoint/prefix_override:/home/ubuntuhost/example_ws/src/install/ros_tcp_endpoint/lib/python3.8/site-packages:${PYTHONPATH} /usr/bin/python3 -W ignore:setup.py install is deprecated setup.py egg_info --egg-base ../build/ros_tcp_endpoint build --build-base /home/ubuntuhost/example_ws/src/build/ros_tcp_endpoint/build install --record /home/ubuntuhost/example_ws/src/build/ros_tcp_endpoint/install.log --install-scripts $base/lib/ros_tcp_endpoint --single-version-externally-managed install_data
[6.587s] running egg_info
[6.589s] creating ../build/ros_tcp_endpoint/ros_tcp_endpoint.egg-info
[6.590s] writing ../build/ros_tcp_endpoint/ros_tcp_endpoint.egg-info/PKG-INFO
[6.595s] writing dependency_links to ../build/ros_tcp_endpoint/ros_tcp_endpoint.egg-info/dependency_links.txt
[6.596s] writing entry points to ../build/ros_tcp_endpoint/ros_tcp_endpoint.egg-info/entry_points.txt
[6.596s] writing requirements to ../build/ros_tcp_endpoint/ros_tcp_endpoint.egg-info/requires.txt
[6.597s] writing top-level names to ../build/ros_tcp_endpoint/ros_tcp_endpoint.egg-info/top_level.txt
[6.604s] writing manifest file '../build/ros_tcp_endpoint/ros_tcp_endpoint.egg-info/SOURCES.txt'
[6.748s] reading manifest file '../build/ros_tcp_endpoint/ros_tcp_endpoint.egg-info/SOURCES.txt'
[6.753s] writing manifest file '../build/ros_tcp_endpoint/ros_tcp_endpoint.egg-info/SOURCES.txt'
[6.754s] running build
[6.755s] running build_py
[6.756s] creating /home/ubuntuhost/example_ws/src/build/ros_tcp_endpoint/build
[6.757s] creating /home/ubuntuhost/example_ws/src/build/ros_tcp_endpoint/build/lib
[6.757s] creating /home/ubuntuhost/example_ws/src/build/ros_tcp_endpoint/build/lib/ros_tcp_endpoint
[6.758s] copying ros_tcp_endpoint/service.py -> /home/ubuntuhost/example_ws/src/build/ros_tcp_endpoint/build/lib/ros_tcp_endpoint
[6.784s] copying ros_tcp_endpoint/tcp_sender.py -> /home/ubuntuhost/example_ws/src/build/ros_tcp_endpoint/build/lib/ros_tcp_endpoint
[6.799s] copying ros_tcp_endpoint/communication.py -> /home/ubuntuhost/example_ws/src/build/ros_tcp_endpoint/build/lib/ros_tcp_endpoint
[6.800s] copying ros_tcp_endpoint/client.py -> /home/ubuntuhost/example_ws/src/build/ros_tcp_endpoint/build/lib/ros_tcp_endpoint
[6.800s] copying ros_tcp_endpoint/thread_pauser.py -> /home/ubuntuhost/example_ws/src/build/ros_tcp_endpoint/build/lib/ros_tcp_endpoint
[6.801s] copying ros_tcp_endpoint/unity_service.py -> /home/ubuntuhost/example_ws/src/build/ros_tcp_endpoint/build/lib/ros_tcp_endpoint
[6.802s] copying ros_tcp_endpoint/default_server_endpoint.py -> /home/ubuntuhost/example_ws/src/build/ros_tcp_endpoint/build/lib/ros_tcp_endpoint
[6.803s] copying ros_tcp_endpoint/publisher.py -> /home/ubuntuhost/example_ws/src/build/ros_tcp_endpoint/build/lib/ros_tcp_endpoint
[6.804s] copying ros_tcp_endpoint/server.py -> /home/ubuntuhost/example_ws/src/build/ros_tcp_endpoint/build/lib/ros_tcp_endpoint
[6.805s] copying ros_tcp_endpoint/exceptions.py -> /home/ubuntuhost/example_ws/src/build/ros_tcp_endpoint/build/lib/ros_tcp_endpoint
[6.806s] copying ros_tcp_endpoint/subscriber.py -> /home/ubuntuhost/example_ws/src/build/ros_tcp_endpoint/build/lib/ros_tcp_endpoint
[6.807s] copying ros_tcp_endpoint/__init__.py -> /home/ubuntuhost/example_ws/src/build/ros_tcp_endpoint/build/lib/ros_tcp_endpoint
[6.810s] running install
[6.812s] running install_lib
[6.819s] creating /home/ubuntuhost/example_ws/src/install/ros_tcp_endpoint/lib/python3.8/site-packages/ros_tcp_endpoint
[6.821s] copying /home/ubuntuhost/example_ws/src/build/ros_tcp_endpoint/build/lib/ros_tcp_endpoint/service.py -> /home/ubuntuhost/example_ws/src/install/ros_tcp_endpoint/lib/python3.8/site-packages/ros_tcp_endpoint
[6.823s] copying /home/ubuntuhost/example_ws/src/build/ros_tcp_endpoint/build/lib/ros_tcp_endpoint/tcp_sender.py -> /home/ubuntuhost/example_ws/src/install/ros_tcp_endpoint/lib/python3.8/site-packages/ros_tcp_endpoint
[6.825s] copying /home/ubuntuhost/example_ws/src/build/ros_tcp_endpoint/build/lib/ros_tcp_endpoint/communication.py -> /home/ubuntuhost/example_ws/src/install/ros_tcp_endpoint/lib/python3.8/site-packages/ros_tcp_endpoint
[6.825s] copying /home/ubuntuhost/example_ws/src/build/ros_tcp_endpoint/build/lib/ros_tcp_endpoint/client.py -> /home/ubuntuhost/example_ws/src/install/ros_tcp_endpoint/lib/python3.8/site-packages/ros_tcp_endpoint
[6.826s] copying /home/ubuntuhost/example_ws/src/build/ros_tcp_endpoint/build/lib/ros_tcp_endpoint/thread_pauser.py -> /home/ubuntuhost/example_ws/src/install/ros_tcp_endpoint/lib/python3.8/site-packages/ros_tcp_endpoint
[6.828s] copying /home/ubuntuhost/example_ws/src/build/ros_tcp_endpoint/build/lib/ros_tcp_endpoint/unity_service.py -> /home/ubuntuhost/example_ws/src/install/ros_tcp_endpoint/lib/python3.8/site-packages/ros_tcp_endpoint
[6.829s] copying /home/ubuntuhost/example_ws/src/build/ros_tcp_endpoint/build/lib/ros_tcp_endpoint/default_server_endpoint.py -> /home/ubuntuhost/example_ws/src/install/ros_tcp_endpoint/lib/python3.8/site-packages/ros_tcp_endpoint
[6.829s] copying /home/ubuntuhost/example_ws/src/build/ros_tcp_endpoint/build/lib/ros_tcp_endpoint/publisher.py -> /home/ubuntuhost/example_ws/src/install/ros_tcp_endpoint/lib/python3.8/site-packages/ros_tcp_endpoint
[6.831s] copying /home/ubuntuhost/example_ws/src/build/ros_tcp_endpoint/build/lib/ros_tcp_endpoint/server.py -> /home/ubuntuhost/example_ws/src/install/ros_tcp_endpoint/lib/python3.8/site-packages/ros_tcp_endpoint
[6.833s] copying /home/ubuntuhost/example_ws/src/build/ros_tcp_endpoint/build/lib/ros_tcp_endpoint/exceptions.py -> /home/ubuntuhost/example_ws/src/install/ros_tcp_endpoint/lib/python3.8/site-packages/ros_tcp_endpoint
[6.835s] copying /home/ubuntuhost/example_ws/src/build/ros_tcp_endpoint/build/lib/ros_tcp_endpoint/subscriber.py -> /home/ubuntuhost/example_ws/src/install/ros_tcp_endpoint/lib/python3.8/site-packages/ros_tcp_endpoint
[6.836s] copying /home/ubuntuhost/example_ws/src/build/ros_tcp_endpoint/build/lib/ros_tcp_endpoint/__init__.py -> /home/ubuntuhost/example_ws/src/install/ros_tcp_endpoint/lib/python3.8/site-packages/ros_tcp_endpoint
[6.837s] byte-compiling /home/ubuntuhost/example_ws/src/install/ros_tcp_endpoint/lib/python3.8/site-packages/ros_tcp_endpoint/service.py to service.cpython-38.pyc
[6.841s] byte-compiling /home/ubuntuhost/example_ws/src/install/ros_tcp_endpoint/lib/python3.8/site-packages/ros_tcp_endpoint/tcp_sender.py to tcp_sender.cpython-38.pyc
[6.847s] byte-compiling /home/ubuntuhost/example_ws/src/install/ros_tcp_endpoint/lib/python3.8/site-packages/ros_tcp_endpoint/communication.py to communication.cpython-38.pyc
[6.849s] byte-compiling /home/ubuntuhost/example_ws/src/install/ros_tcp_endpoint/lib/python3.8/site-packages/ros_tcp_endpoint/client.py to client.cpython-38.pyc
[6.852s] byte-compiling /home/ubuntuhost/example_ws/src/install/ros_tcp_endpoint/lib/python3.8/site-packages/ros_tcp_endpoint/thread_pauser.py to thread_pauser.cpython-38.pyc
[6.855s] byte-compiling /home/ubuntuhost/example_ws/src/install/ros_tcp_endpoint/lib/python3.8/site-packages/ros_tcp_endpoint/unity_service.py to unity_service.cpython-38.pyc
[6.857s] byte-compiling /home/ubuntuhost/example_ws/src/install/ros_tcp_endpoint/lib/python3.8/site-packages/ros_tcp_endpoint/default_server_endpoint.py to default_server_endpoint.cpython-38.pyc
[6.857s] byte-compiling /home/ubuntuhost/example_ws/src/install/ros_tcp_endpoint/lib/python3.8/site-packages/ros_tcp_endpoint/publisher.py to publisher.cpython-38.pyc
[6.860s] byte-compiling /home/ubuntuhost/example_ws/src/install/ros_tcp_endpoint/lib/python3.8/site-packages/ros_tcp_endpoint/server.py to server.cpython-38.pyc
[6.866s] byte-compiling /home/ubuntuhost/example_ws/src/install/ros_tcp_endpoint/lib/python3.8/site-packages/ros_tcp_endpoint/exceptions.py to exceptions.cpython-38.pyc
[6.871s] byte-compiling /home/ubuntuhost/example_ws/src/install/ros_tcp_endpoint/lib/python3.8/site-packages/ros_tcp_endpoint/subscriber.py to subscriber.cpython-38.pyc
[6.874s] byte-compiling /home/ubuntuhost/example_ws/src/install/ros_tcp_endpoint/lib/python3.8/site-packages/ros_tcp_endpoint/__init__.py to __init__.cpython-38.pyc
[6.875s] running install_data
[6.876s] creating /home/ubuntuhost/example_ws/src/install/ros_tcp_endpoint/share/ament_index
[6.879s] creating /home/ubuntuhost/example_ws/src/install/ros_tcp_endpoint/share/ament_index/resource_index
[6.880s] creating /home/ubuntuhost/example_ws/src/install/ros_tcp_endpoint/share/ament_index/resource_index/packages
[6.880s] copying resource/ros_tcp_endpoint -> /home/ubuntuhost/example_ws/src/install/ros_tcp_endpoint/share/ament_index/resource_index/packages
[6.881s] copying package.xml -> /home/ubuntuhost/example_ws/src/install/ros_tcp_endpoint/share/ros_tcp_endpoint
[6.881s] creating /home/ubuntuhost/example_ws/src/install/ros_tcp_endpoint/share/ros_tcp_endpoint/launch
[6.882s] copying launch/endpoint.py -> /home/ubuntuhost/example_ws/src/install/ros_tcp_endpoint/share/ros_tcp_endpoint/launch
[6.882s] running install_egg_info
[6.897s] Copying ../build/ros_tcp_endpoint/ros_tcp_endpoint.egg-info to /home/ubuntuhost/example_ws/src/install/ros_tcp_endpoint/lib/python3.8/site-packages/ros_tcp_endpoint-0.0.1-py3.8.egg-info
[6.898s] running install_scripts
[6.979s] Installing default_server_endpoint script to /home/ubuntuhost/example_ws/src/install/ros_tcp_endpoint/lib/ros_tcp_endpoint
[6.980s] writing list of installed files to '/home/ubuntuhost/example_ws/src/build/ros_tcp_endpoint/install.log'
[7.067s] Invoked command in '/home/ubuntuhost/example_ws/src/ROS-TCP-Endpoint' returned '0': PYTHONPATH=/home/ubuntuhost/example_ws/src/build/ros_tcp_endpoint/prefix_override:/home/ubuntuhost/example_ws/src/install/ros_tcp_endpoint/lib/python3.8/site-packages:${PYTHONPATH} /usr/bin/python3 -W ignore:setup.py install is deprecated setup.py egg_info --egg-base ../build/ros_tcp_endpoint build --build-base /home/ubuntuhost/example_ws/src/build/ros_tcp_endpoint/build install --record /home/ubuntuhost/example_ws/src/build/ros_tcp_endpoint/install.log --install-scripts $base/lib/ros_tcp_endpoint --single-version-externally-managed install_data
