[6.028s] Invoking command in '/home/ubuntuhost/example_ws/src/send_goal_pkg': PYTHONPATH=/home/ubuntuhost/example_ws/build/send_goal_pkg/prefix_override:/home/ubuntuhost/example_ws/install/send_goal_pkg/lib/python3.8/site-packages:${PYTHONPATH} /usr/bin/python3 -W ignore:setup.py install is deprecated setup.py egg_info --egg-base ../../build/send_goal_pkg build --build-base /home/ubuntuhost/example_ws/build/send_goal_pkg/build install --record /home/ubuntuhost/example_ws/build/send_goal_pkg/install.log --install-scripts $base/lib/send_goal_pkg --single-version-externally-managed install_data
[7.306s] running egg_info
[7.308s] writing ../../build/send_goal_pkg/send_goal_pkg.egg-info/PKG-INFO
[7.309s] writing dependency_links to ../../build/send_goal_pkg/send_goal_pkg.egg-info/dependency_links.txt
[7.312s] writing entry points to ../../build/send_goal_pkg/send_goal_pkg.egg-info/entry_points.txt
[7.313s] writing requirements to ../../build/send_goal_pkg/send_goal_pkg.egg-info/requires.txt
[7.315s] writing top-level names to ../../build/send_goal_pkg/send_goal_pkg.egg-info/top_level.txt
[7.469s] reading manifest file '../../build/send_goal_pkg/send_goal_pkg.egg-info/SOURCES.txt'
[7.474s] writing manifest file '../../build/send_goal_pkg/send_goal_pkg.egg-info/SOURCES.txt'
[7.475s] running build
[7.475s] running build_py
[7.477s] running install
[7.481s] running install_lib
[7.489s] running install_data
[7.490s] creating /home/ubuntuhost/example_ws/install/send_goal_pkg/share/send_goal_pkg/launch
[7.491s] copying launch/send_goal_launch.py -> /home/ubuntuhost/example_ws/install/send_goal_pkg/share/send_goal_pkg/launch
[7.492s] running install_egg_info
[7.500s] removing '/home/ubuntuhost/example_ws/install/send_goal_pkg/lib/python3.8/site-packages/send_goal_pkg-0.0.0-py3.8.egg-info' (and everything under it)
[7.502s] Copying ../../build/send_goal_pkg/send_goal_pkg.egg-info to /home/ubuntuhost/example_ws/install/send_goal_pkg/lib/python3.8/site-packages/send_goal_pkg-0.0.0-py3.8.egg-info
[7.510s] running install_scripts
[7.590s] Installing publish_goal script to /home/ubuntuhost/example_ws/install/send_goal_pkg/lib/send_goal_pkg
[7.593s] Installing send_goal script to /home/ubuntuhost/example_ws/install/send_goal_pkg/lib/send_goal_pkg
[7.597s] writing list of installed files to '/home/ubuntuhost/example_ws/build/send_goal_pkg/install.log'
[7.720s] Invoked command in '/home/ubuntuhost/example_ws/src/send_goal_pkg' returned '0': PYTHONPATH=/home/ubuntuhost/example_ws/build/send_goal_pkg/prefix_override:/home/ubuntuhost/example_ws/install/send_goal_pkg/lib/python3.8/site-packages:${PYTHONPATH} /usr/bin/python3 -W ignore:setup.py install is deprecated setup.py egg_info --egg-base ../../build/send_goal_pkg build --build-base /home/ubuntuhost/example_ws/build/send_goal_pkg/build install --record /home/ubuntuhost/example_ws/build/send_goal_pkg/install.log --install-scripts $base/lib/send_goal_pkg --single-version-externally-managed install_data
