running egg_info
creating ../../build/turtlebot_goal_receiver/turtlebot_goal_receiver.egg-info
writing ../../build/turtlebot_goal_receiver/turtlebot_goal_receiver.egg-info/PKG-INFO
writing dependency_links to ../../build/turtlebot_goal_receiver/turtlebot_goal_receiver.egg-info/dependency_links.txt
writing entry points to ../../build/turtlebot_goal_receiver/turtlebot_goal_receiver.egg-info/entry_points.txt
writing requirements to ../../build/turtlebot_goal_receiver/turtlebot_goal_receiver.egg-info/requires.txt
writing top-level names to ../../build/turtlebot_goal_receiver/turtlebot_goal_receiver.egg-info/top_level.txt
writing manifest file '../../build/turtlebot_goal_receiver/turtlebot_goal_receiver.egg-info/SOURCES.txt'
reading manifest file '../../build/turtlebot_goal_receiver/turtlebot_goal_receiver.egg-info/SOURCES.txt'
writing manifest file '../../build/turtlebot_goal_receiver/turtlebot_goal_receiver.egg-info/SOURCES.txt'
running build
running build_py
creating /home/ubuntuhost/example_ws/build/turtlebot_goal_receiver/build
creating /home/ubuntuhost/example_ws/build/turtlebot_goal_receiver/build/lib
creating /home/ubuntuhost/example_ws/build/turtlebot_goal_receiver/build/lib/turtlebot_goal_receiver
copying turtlebot_goal_receiver/goal_receiver.py -> /home/ubuntuhost/example_ws/build/turtlebot_goal_receiver/build/lib/turtlebot_goal_receiver
copying turtlebot_goal_receiver/__init__.py -> /home/ubuntuhost/example_ws/build/turtlebot_goal_receiver/build/lib/turtlebot_goal_receiver
running install
running install_lib
creating /home/ubuntuhost/example_ws/install/turtlebot_goal_receiver/lib/python3.8/site-packages/turtlebot_goal_receiver
copying /home/ubuntuhost/example_ws/build/turtlebot_goal_receiver/build/lib/turtlebot_goal_receiver/goal_receiver.py -> /home/ubuntuhost/example_ws/install/turtlebot_goal_receiver/lib/python3.8/site-packages/turtlebot_goal_receiver
copying /home/ubuntuhost/example_ws/build/turtlebot_goal_receiver/build/lib/turtlebot_goal_receiver/__init__.py -> /home/ubuntuhost/example_ws/install/turtlebot_goal_receiver/lib/python3.8/site-packages/turtlebot_goal_receiver
byte-compiling /home/ubuntuhost/example_ws/install/turtlebot_goal_receiver/lib/python3.8/site-packages/turtlebot_goal_receiver/goal_receiver.py to goal_receiver.cpython-38.pyc
byte-compiling /home/ubuntuhost/example_ws/install/turtlebot_goal_receiver/lib/python3.8/site-packages/turtlebot_goal_receiver/__init__.py to __init__.cpython-38.pyc
running install_data
creating /home/ubuntuhost/example_ws/install/turtlebot_goal_receiver/share/ament_index
creating /home/ubuntuhost/example_ws/install/turtlebot_goal_receiver/share/ament_index/resource_index
creating /home/ubuntuhost/example_ws/install/turtlebot_goal_receiver/share/ament_index/resource_index/packages
copying resource/turtlebot_goal_receiver -> /home/ubuntuhost/example_ws/install/turtlebot_goal_receiver/share/ament_index/resource_index/packages
copying package.xml -> /home/ubuntuhost/example_ws/install/turtlebot_goal_receiver/share/turtlebot_goal_receiver
running install_egg_info
Copying ../../build/turtlebot_goal_receiver/turtlebot_goal_receiver.egg-info to /home/ubuntuhost/example_ws/install/turtlebot_goal_receiver/lib/python3.8/site-packages/turtlebot_goal_receiver-0.0.0-py3.8.egg-info
running install_scripts
Installing goal_receiver script to /home/ubuntuhost/example_ws/install/turtlebot_goal_receiver/lib/turtlebot_goal_receiver
writing list of installed files to '/home/ubuntuhost/example_ws/build/turtlebot_goal_receiver/install.log'
