[9.429s] Invoking command in '/home/ubuntuhost/example_ws/src/navigator': PYTHONPATH=/home/ubuntuhost/example_ws/build/navigator/prefix_override:/home/ubuntuhost/example_ws/install/navigator/lib/python3.8/site-packages:${PYTHONPATH} /usr/bin/python3 -W ignore:setup.py install is deprecated setup.py egg_info --egg-base ../../build/navigator build --build-base /home/ubuntuhost/example_ws/build/navigator/build install --record /home/ubuntuhost/example_ws/build/navigator/install.log --install-scripts $base/lib/navigator --single-version-externally-managed install_data
[10.633s] running egg_info
[10.637s] writing ../../build/navigator/navigator.egg-info/PKG-INFO
[10.639s] writing dependency_links to ../../build/navigator/navigator.egg-info/dependency_links.txt
[10.641s] writing entry points to ../../build/navigator/navigator.egg-info/entry_points.txt
[10.642s] writing requirements to ../../build/navigator/navigator.egg-info/requires.txt
[10.644s] writing top-level names to ../../build/navigator/navigator.egg-info/top_level.txt
[10.803s] reading manifest file '../../build/navigator/navigator.egg-info/SOURCES.txt'
[10.807s] writing manifest file '../../build/navigator/navigator.egg-info/SOURCES.txt'
[10.809s] running build
[10.809s] running build_py
[10.811s] running install
[10.815s] running install_lib
[10.825s] running install_data
[10.825s] running install_egg_info
[10.835s] removing '/home/ubuntuhost/example_ws/install/navigator/lib/python3.8/site-packages/navigator-0.0.0-py3.8.egg-info' (and everything under it)
[10.836s] Copying ../../build/navigator/navigator.egg-info to /home/ubuntuhost/example_ws/install/navigator/lib/python3.8/site-packages/navigator-0.0.0-py3.8.egg-info
[10.843s] running install_scripts
[10.928s] Installing waypoint_follower script to /home/ubuntuhost/example_ws/install/navigator/lib/navigator
[10.930s] Installing waypoint_publisher script to /home/ubuntuhost/example_ws/install/navigator/lib/navigator
[10.931s] writing list of installed files to '/home/ubuntuhost/example_ws/build/navigator/install.log'
[11.122s] Invoked command in '/home/ubuntuhost/example_ws/src/navigator' returned '0': PYTHONPATH=/home/ubuntuhost/example_ws/build/navigator/prefix_override:/home/ubuntuhost/example_ws/install/navigator/lib/python3.8/site-packages:${PYTHONPATH} /usr/bin/python3 -W ignore:setup.py install is deprecated setup.py egg_info --egg-base ../../build/navigator build --build-base /home/ubuntuhost/example_ws/build/navigator/build install --record /home/ubuntuhost/example_ws/build/navigator/install.log --install-scripts $base/lib/navigator --single-version-externally-managed install_data
