[0.526s] DEBUG:colcon:Command line arguments: ['/usr/bin/colcon', 'build']
[0.527s] DEBUG:colcon:Parsed command line arguments: Namespace(allow_overriding=[], ament_cmake_args=None, base_paths=['.'], build_base='build', catkin_cmake_args=None, catkin_skip_building_tests=False, cmake_args=None, cmake_clean_cache=False, cmake_clean_first=False, cmake_force_configure=False, cmake_target=None, cmake_target_skip_unavailable=False, continue_on_error=False, event_handlers=None, executor='parallel', ignore_user_meta=False, install_base='install', log_base=None, log_level=None, main=<bound method BuildVerb.main of <colcon_core.verb.build.BuildVerb object at 0x7f5fe41a6130>>, merge_install=False, metas=['./colcon.meta'], mixin=None, mixin_files=None, mixin_verb=('build',), packages_above=None, packages_above_and_dependencies=None, packages_above_depth=None, packages_end=None, packages_ignore=None, packages_ignore_regex=None, packages_select=None, packages_select_build_failed=False, packages_select_by_dep=None, packages_select_regex=None, packages_select_test_failures=False, packages_skip=None, packages_skip_build_finished=False, packages_skip_by_dep=None, packages_skip_regex=None, packages_skip_test_passed=False, packages_skip_up_to=None, packages_start=None, packages_up_to=None, packages_up_to_regex=None, parallel_workers=12, paths=None, symlink_install=False, test_result_base=None, verb_extension=<colcon_core.verb.build.BuildVerb object at 0x7f5fe41a6130>, verb_name='build', verb_parser=<colcon_mixin.mixin.mixin_argument.MixinArgumentDecorator object at 0x7f5fe41a6760>)
[0.908s] Level 1:colcon.colcon_core.package_discovery:discover_packages(colcon_meta) check parameters
[0.909s] Level 1:colcon.colcon_core.package_discovery:discover_packages(recursive) check parameters
[0.909s] Level 1:colcon.colcon_core.package_discovery:discover_packages(ignore) check parameters
[0.909s] Level 1:colcon.colcon_core.package_discovery:discover_packages(path) check parameters
[0.909s] Level 1:colcon.colcon_core.package_discovery:discover_packages(colcon_meta) discover
[0.909s] Level 1:colcon.colcon_core.package_discovery:discover_packages(recursive) discover
[0.909s] INFO:colcon.colcon_core.package_discovery:Crawling recursively for packages in '/home/ubuntuhost/example_ws'
[0.909s] Level 1:colcon.colcon_core.package_identification:_identify(.) by extensions ['ignore', 'ignore_ament_install']
[0.910s] Level 1:colcon.colcon_core.package_identification:_identify(.) by extension 'ignore'
[0.910s] Level 1:colcon.colcon_core.package_identification:_identify(.) by extension 'ignore_ament_install'
[0.910s] Level 1:colcon.colcon_core.package_identification:_identify(.) by extensions ['colcon_pkg']
[0.910s] Level 1:colcon.colcon_core.package_identification:_identify(.) by extension 'colcon_pkg'
[0.910s] Level 1:colcon.colcon_core.package_identification:_identify(.) by extensions ['colcon_meta']
[0.910s] Level 1:colcon.colcon_core.package_identification:_identify(.) by extension 'colcon_meta'
[0.910s] Level 1:colcon.colcon_core.package_identification:_identify(.) by extensions ['ros']
[0.910s] Level 1:colcon.colcon_core.package_identification:_identify(.) by extension 'ros'
[0.935s] Level 1:colcon.colcon_core.package_identification:_identify(.) by extensions ['cmake', 'python']
[0.935s] Level 1:colcon.colcon_core.package_identification:_identify(.) by extension 'cmake'
[0.935s] Level 1:colcon.colcon_core.package_identification:_identify(.) by extension 'python'
[0.936s] Level 1:colcon.colcon_core.package_identification:_identify(.) by extensions ['python_setup_py']
[0.936s] Level 1:colcon.colcon_core.package_identification:_identify(.) by extension 'python_setup_py'
[0.936s] Level 1:colcon.colcon_core.package_identification:_identify(build) by extensions ['ignore', 'ignore_ament_install']
[0.936s] Level 1:colcon.colcon_core.package_identification:_identify(build) by extension 'ignore'
[0.936s] Level 1:colcon.colcon_core.package_identification:_identify(build) ignored
[0.937s] Level 1:colcon.colcon_core.package_identification:_identify(install) by extensions ['ignore', 'ignore_ament_install']
[0.937s] Level 1:colcon.colcon_core.package_identification:_identify(install) by extension 'ignore'
[0.937s] Level 1:colcon.colcon_core.package_identification:_identify(install) ignored
[0.937s] Level 1:colcon.colcon_core.package_identification:_identify(log) by extensions ['ignore', 'ignore_ament_install']
[0.937s] Level 1:colcon.colcon_core.package_identification:_identify(log) by extension 'ignore'
[0.937s] Level 1:colcon.colcon_core.package_identification:_identify(log) ignored
[0.938s] Level 1:colcon.colcon_core.package_identification:_identify(src) by extensions ['ignore', 'ignore_ament_install']
[0.938s] Level 1:colcon.colcon_core.package_identification:_identify(src) by extension 'ignore'
[0.938s] Level 1:colcon.colcon_core.package_identification:_identify(src) by extension 'ignore_ament_install'
[0.938s] Level 1:colcon.colcon_core.package_identification:_identify(src) by extensions ['colcon_pkg']
[0.938s] Level 1:colcon.colcon_core.package_identification:_identify(src) by extension 'colcon_pkg'
[0.938s] Level 1:colcon.colcon_core.package_identification:_identify(src) by extensions ['colcon_meta']
[0.938s] Level 1:colcon.colcon_core.package_identification:_identify(src) by extension 'colcon_meta'
[0.938s] Level 1:colcon.colcon_core.package_identification:_identify(src) by extensions ['ros']
[0.939s] Level 1:colcon.colcon_core.package_identification:_identify(src) by extension 'ros'
[0.939s] Level 1:colcon.colcon_core.package_identification:_identify(src) by extensions ['cmake', 'python']
[0.939s] Level 1:colcon.colcon_core.package_identification:_identify(src) by extension 'cmake'
[0.939s] Level 1:colcon.colcon_core.package_identification:_identify(src) by extension 'python'
[0.939s] Level 1:colcon.colcon_core.package_identification:_identify(src) by extensions ['python_setup_py']
[0.939s] Level 1:colcon.colcon_core.package_identification:_identify(src) by extension 'python_setup_py'
[0.939s] Level 1:colcon.colcon_core.package_identification:_identify(src/ROS-TCP-Endpoint) by extensions ['ignore', 'ignore_ament_install']
[0.940s] Level 1:colcon.colcon_core.package_identification:_identify(src/ROS-TCP-Endpoint) by extension 'ignore'
[0.940s] Level 1:colcon.colcon_core.package_identification:_identify(src/ROS-TCP-Endpoint) by extension 'ignore_ament_install'
[0.940s] Level 1:colcon.colcon_core.package_identification:_identify(src/ROS-TCP-Endpoint) by extensions ['colcon_pkg']
[0.940s] Level 1:colcon.colcon_core.package_identification:_identify(src/ROS-TCP-Endpoint) by extension 'colcon_pkg'
[0.940s] Level 1:colcon.colcon_core.package_identification:_identify(src/ROS-TCP-Endpoint) by extensions ['colcon_meta']
[0.940s] Level 1:colcon.colcon_core.package_identification:_identify(src/ROS-TCP-Endpoint) by extension 'colcon_meta'
[0.940s] Level 1:colcon.colcon_core.package_identification:_identify(src/ROS-TCP-Endpoint) by extensions ['ros']
[0.940s] Level 1:colcon.colcon_core.package_identification:_identify(src/ROS-TCP-Endpoint) by extension 'ros'
[0.945s] DEBUG:colcon.colcon_core.package_identification:Package 'src/ROS-TCP-Endpoint' with type 'ros.ament_python' and name 'ros_tcp_endpoint'
[0.946s] Level 1:colcon.colcon_core.package_identification:_identify(src/build) by extensions ['ignore', 'ignore_ament_install']
[0.946s] Level 1:colcon.colcon_core.package_identification:_identify(src/build) by extension 'ignore'
[0.946s] Level 1:colcon.colcon_core.package_identification:_identify(src/build) ignored
[0.946s] Level 1:colcon.colcon_core.package_identification:_identify(src/install) by extensions ['ignore', 'ignore_ament_install']
[0.946s] Level 1:colcon.colcon_core.package_identification:_identify(src/install) by extension 'ignore'
[0.947s] Level 1:colcon.colcon_core.package_identification:_identify(src/install) ignored
[0.947s] Level 1:colcon.colcon_core.package_identification:_identify(src/log) by extensions ['ignore', 'ignore_ament_install']
[0.947s] Level 1:colcon.colcon_core.package_identification:_identify(src/log) by extension 'ignore'
[0.947s] Level 1:colcon.colcon_core.package_identification:_identify(src/log) ignored
[0.947s] Level 1:colcon.colcon_core.package_identification:_identify(src/turtlebot_goal_receiver) by extensions ['ignore', 'ignore_ament_install']
[0.948s] Level 1:colcon.colcon_core.package_identification:_identify(src/turtlebot_goal_receiver) by extension 'ignore'
[0.948s] Level 1:colcon.colcon_core.package_identification:_identify(src/turtlebot_goal_receiver) by extension 'ignore_ament_install'
[0.948s] Level 1:colcon.colcon_core.package_identification:_identify(src/turtlebot_goal_receiver) by extensions ['colcon_pkg']
[0.948s] Level 1:colcon.colcon_core.package_identification:_identify(src/turtlebot_goal_receiver) by extension 'colcon_pkg'
[0.948s] Level 1:colcon.colcon_core.package_identification:_identify(src/turtlebot_goal_receiver) by extensions ['colcon_meta']
[0.948s] Level 1:colcon.colcon_core.package_identification:_identify(src/turtlebot_goal_receiver) by extension 'colcon_meta'
[0.948s] Level 1:colcon.colcon_core.package_identification:_identify(src/turtlebot_goal_receiver) by extensions ['ros']
[0.948s] Level 1:colcon.colcon_core.package_identification:_identify(src/turtlebot_goal_receiver) by extension 'ros'
[0.949s] DEBUG:colcon.colcon_core.package_identification:Package 'src/turtlebot_goal_receiver' with type 'ros.ament_python' and name 'turtlebot_goal_receiver'
[0.949s] Level 1:colcon.colcon_core.package_identification:_identify(src/unity_slam_example) by extensions ['ignore', 'ignore_ament_install']
[0.950s] Level 1:colcon.colcon_core.package_identification:_identify(src/unity_slam_example) by extension 'ignore'
[0.950s] Level 1:colcon.colcon_core.package_identification:_identify(src/unity_slam_example) by extension 'ignore_ament_install'
[0.950s] Level 1:colcon.colcon_core.package_identification:_identify(src/unity_slam_example) by extensions ['colcon_pkg']
[0.950s] Level 1:colcon.colcon_core.package_identification:_identify(src/unity_slam_example) by extension 'colcon_pkg'
[0.950s] Level 1:colcon.colcon_core.package_identification:_identify(src/unity_slam_example) by extensions ['colcon_meta']
[0.950s] Level 1:colcon.colcon_core.package_identification:_identify(src/unity_slam_example) by extension 'colcon_meta'
[0.950s] Level 1:colcon.colcon_core.package_identification:_identify(src/unity_slam_example) by extensions ['ros']
[0.950s] Level 1:colcon.colcon_core.package_identification:_identify(src/unity_slam_example) by extension 'ros'
[0.951s] DEBUG:colcon.colcon_core.package_identification:Package 'src/unity_slam_example' with type 'ros.ament_python' and name 'unity_slam_example'
[0.952s] Level 1:colcon.colcon_core.package_discovery:discover_packages(recursive) using defaults
[0.952s] Level 1:colcon.colcon_core.package_discovery:discover_packages(ignore) discover
[0.952s] Level 1:colcon.colcon_core.package_discovery:discover_packages(ignore) using defaults
[0.952s] Level 1:colcon.colcon_core.package_discovery:discover_packages(path) discover
[0.952s] Level 1:colcon.colcon_core.package_discovery:discover_packages(path) using defaults
[0.987s] Level 1:colcon.colcon_core.package_discovery:discover_packages(prefix_path) check parameters
[0.987s] Level 1:colcon.colcon_core.package_discovery:discover_packages(prefix_path) discover
[0.992s] DEBUG:colcon.colcon_installed_package_information.package_discovery:Found 3 installed packages in /home/ubuntuhost/example_ws/src/install
[0.993s] DEBUG:colcon.colcon_installed_package_information.package_discovery:Found 2 installed packages in /home/ubuntuhost/example_ws/install
[0.999s] DEBUG:colcon.colcon_installed_package_information.package_discovery:Found 334 installed packages in /opt/ros/foxy
[1.016s] Level 1:colcon.colcon_core.package_discovery:discover_packages(prefix_path) using defaults
[1.197s] Level 5:colcon.colcon_core.verb:set package 'ros_tcp_endpoint' build argument 'cmake_args' from command line to 'None'
[1.197s] Level 5:colcon.colcon_core.verb:set package 'ros_tcp_endpoint' build argument 'cmake_target' from command line to 'None'
[1.197s] Level 5:colcon.colcon_core.verb:set package 'ros_tcp_endpoint' build argument 'cmake_target_skip_unavailable' from command line to 'False'
[1.197s] Level 5:colcon.colcon_core.verb:set package 'ros_tcp_endpoint' build argument 'cmake_clean_cache' from command line to 'False'
[1.197s] Level 5:colcon.colcon_core.verb:set package 'ros_tcp_endpoint' build argument 'cmake_clean_first' from command line to 'False'
[1.197s] Level 5:colcon.colcon_core.verb:set package 'ros_tcp_endpoint' build argument 'cmake_force_configure' from command line to 'False'
[1.197s] Level 5:colcon.colcon_core.verb:set package 'ros_tcp_endpoint' build argument 'ament_cmake_args' from command line to 'None'
[1.198s] Level 5:colcon.colcon_core.verb:set package 'ros_tcp_endpoint' build argument 'catkin_cmake_args' from command line to 'None'
[1.198s] Level 5:colcon.colcon_core.verb:set package 'ros_tcp_endpoint' build argument 'catkin_skip_building_tests' from command line to 'False'
[1.198s] DEBUG:colcon.colcon_core.verb:Building package 'ros_tcp_endpoint' with the following arguments: {'ament_cmake_args': None, 'build_base': '/home/ubuntuhost/example_ws/build/ros_tcp_endpoint', 'catkin_cmake_args': None, 'catkin_skip_building_tests': False, 'cmake_args': None, 'cmake_clean_cache': False, 'cmake_clean_first': False, 'cmake_force_configure': False, 'cmake_target': None, 'cmake_target_skip_unavailable': False, 'install_base': '/home/ubuntuhost/example_ws/install/ros_tcp_endpoint', 'merge_install': False, 'path': '/home/ubuntuhost/example_ws/src/ROS-TCP-Endpoint', 'symlink_install': False, 'test_result_base': None}
[1.199s] Level 5:colcon.colcon_core.verb:set package 'turtlebot_goal_receiver' build argument 'cmake_args' from command line to 'None'
[1.199s] Level 5:colcon.colcon_core.verb:set package 'turtlebot_goal_receiver' build argument 'cmake_target' from command line to 'None'
[1.199s] Level 5:colcon.colcon_core.verb:set package 'turtlebot_goal_receiver' build argument 'cmake_target_skip_unavailable' from command line to 'False'
[1.199s] Level 5:colcon.colcon_core.verb:set package 'turtlebot_goal_receiver' build argument 'cmake_clean_cache' from command line to 'False'
[1.199s] Level 5:colcon.colcon_core.verb:set package 'turtlebot_goal_receiver' build argument 'cmake_clean_first' from command line to 'False'
[1.199s] Level 5:colcon.colcon_core.verb:set package 'turtlebot_goal_receiver' build argument 'cmake_force_configure' from command line to 'False'
[1.200s] Level 5:colcon.colcon_core.verb:set package 'turtlebot_goal_receiver' build argument 'ament_cmake_args' from command line to 'None'
[1.200s] Level 5:colcon.colcon_core.verb:set package 'turtlebot_goal_receiver' build argument 'catkin_cmake_args' from command line to 'None'
[1.200s] Level 5:colcon.colcon_core.verb:set package 'turtlebot_goal_receiver' build argument 'catkin_skip_building_tests' from command line to 'False'
[1.200s] DEBUG:colcon.colcon_core.verb:Building package 'turtlebot_goal_receiver' with the following arguments: {'ament_cmake_args': None, 'build_base': '/home/ubuntuhost/example_ws/build/turtlebot_goal_receiver', 'catkin_cmake_args': None, 'catkin_skip_building_tests': False, 'cmake_args': None, 'cmake_clean_cache': False, 'cmake_clean_first': False, 'cmake_force_configure': False, 'cmake_target': None, 'cmake_target_skip_unavailable': False, 'install_base': '/home/ubuntuhost/example_ws/install/turtlebot_goal_receiver', 'merge_install': False, 'path': '/home/ubuntuhost/example_ws/src/turtlebot_goal_receiver', 'symlink_install': False, 'test_result_base': None}
[1.201s] Level 5:colcon.colcon_core.verb:set package 'unity_slam_example' build argument 'cmake_args' from command line to 'None'
[1.201s] Level 5:colcon.colcon_core.verb:set package 'unity_slam_example' build argument 'cmake_target' from command line to 'None'
[1.201s] Level 5:colcon.colcon_core.verb:set package 'unity_slam_example' build argument 'cmake_target_skip_unavailable' from command line to 'False'
[1.201s] Level 5:colcon.colcon_core.verb:set package 'unity_slam_example' build argument 'cmake_clean_cache' from command line to 'False'
[1.201s] Level 5:colcon.colcon_core.verb:set package 'unity_slam_example' build argument 'cmake_clean_first' from command line to 'False'
[1.202s] Level 5:colcon.colcon_core.verb:set package 'unity_slam_example' build argument 'cmake_force_configure' from command line to 'False'
[1.202s] Level 5:colcon.colcon_core.verb:set package 'unity_slam_example' build argument 'ament_cmake_args' from command line to 'None'
[1.202s] Level 5:colcon.colcon_core.verb:set package 'unity_slam_example' build argument 'catkin_cmake_args' from command line to 'None'
[1.202s] Level 5:colcon.colcon_core.verb:set package 'unity_slam_example' build argument 'catkin_skip_building_tests' from command line to 'False'
[1.202s] DEBUG:colcon.colcon_core.verb:Building package 'unity_slam_example' with the following arguments: {'ament_cmake_args': None, 'build_base': '/home/ubuntuhost/example_ws/build/unity_slam_example', 'catkin_cmake_args': None, 'catkin_skip_building_tests': False, 'cmake_args': None, 'cmake_clean_cache': False, 'cmake_clean_first': False, 'cmake_force_configure': False, 'cmake_target': None, 'cmake_target_skip_unavailable': False, 'install_base': '/home/ubuntuhost/example_ws/install/unity_slam_example', 'merge_install': False, 'path': '/home/ubuntuhost/example_ws/src/unity_slam_example', 'symlink_install': False, 'test_result_base': None}
[1.202s] INFO:colcon.colcon_core.executor:Executing jobs using 'parallel' executor
[1.204s] DEBUG:colcon.colcon_parallel_executor.executor.parallel:run_until_complete
[1.205s] INFO:colcon.colcon_ros.task.ament_python.build:Building ROS package in '/home/ubuntuhost/example_ws/src/ROS-TCP-Endpoint' with build type 'ament_python'
[1.206s] Level 1:colcon.colcon_core.shell:create_environment_hook('ros_tcp_endpoint', 'ament_prefix_path')
[1.213s] INFO:colcon.colcon_core.plugin_system:Skipping extension 'colcon_core.shell.bat': Not used on non-Windows systems
[1.214s] INFO:colcon.colcon_core.shell:Creating environment hook '/home/ubuntuhost/example_ws/install/ros_tcp_endpoint/share/ros_tcp_endpoint/hook/ament_prefix_path.ps1'
[1.215s] INFO:colcon.colcon_core.shell:Creating environment descriptor '/home/ubuntuhost/example_ws/install/ros_tcp_endpoint/share/ros_tcp_endpoint/hook/ament_prefix_path.dsv'
[1.216s] INFO:colcon.colcon_core.shell:Creating environment hook '/home/ubuntuhost/example_ws/install/ros_tcp_endpoint/share/ros_tcp_endpoint/hook/ament_prefix_path.sh'
[1.218s] INFO:colcon.colcon_core.shell:Skip shell extension 'powershell' for command environment: Not usable outside of PowerShell
[1.218s] DEBUG:colcon.colcon_core.shell:Skip shell extension 'dsv' for command environment
[1.238s] INFO:colcon.colcon_ros.task.ament_python.build:Building ROS package in '/home/ubuntuhost/example_ws/src/turtlebot_goal_receiver' with build type 'ament_python'
[1.240s] Level 1:colcon.colcon_core.shell:create_environment_hook('turtlebot_goal_receiver', 'ament_prefix_path')
[1.243s] INFO:colcon.colcon_core.shell:Creating environment hook '/home/ubuntuhost/example_ws/install/turtlebot_goal_receiver/share/turtlebot_goal_receiver/hook/ament_prefix_path.ps1'
[1.246s] INFO:colcon.colcon_core.shell:Creating environment descriptor '/home/ubuntuhost/example_ws/install/turtlebot_goal_receiver/share/turtlebot_goal_receiver/hook/ament_prefix_path.dsv'
[1.247s] INFO:colcon.colcon_core.shell:Creating environment hook '/home/ubuntuhost/example_ws/install/turtlebot_goal_receiver/share/turtlebot_goal_receiver/hook/ament_prefix_path.sh'
[1.248s] INFO:colcon.colcon_core.shell:Skip shell extension 'powershell' for command environment: Not usable outside of PowerShell
[1.248s] DEBUG:colcon.colcon_core.shell:Skip shell extension 'dsv' for command environment
[1.268s] INFO:colcon.colcon_ros.task.ament_python.build:Building ROS package in '/home/ubuntuhost/example_ws/src/unity_slam_example' with build type 'ament_python'
[1.269s] Level 1:colcon.colcon_core.shell:create_environment_hook('unity_slam_example', 'ament_prefix_path')
[1.271s] INFO:colcon.colcon_core.shell:Creating environment hook '/home/ubuntuhost/example_ws/install/unity_slam_example/share/unity_slam_example/hook/ament_prefix_path.ps1'
[1.275s] INFO:colcon.colcon_core.shell:Creating environment descriptor '/home/ubuntuhost/example_ws/install/unity_slam_example/share/unity_slam_example/hook/ament_prefix_path.dsv'
[1.276s] INFO:colcon.colcon_core.shell:Creating environment hook '/home/ubuntuhost/example_ws/install/unity_slam_example/share/unity_slam_example/hook/ament_prefix_path.sh'
[1.278s] INFO:colcon.colcon_core.shell:Skip shell extension 'powershell' for command environment: Not usable outside of PowerShell
[1.278s] DEBUG:colcon.colcon_core.shell:Skip shell extension 'dsv' for command environment
[1.878s] INFO:colcon.colcon_core.task.python.build:Building Python package in '/home/ubuntuhost/example_ws/src/ROS-TCP-Endpoint'
[1.879s] INFO:colcon.colcon_core.shell:Skip shell extension 'powershell' for command environment: Not usable outside of PowerShell
[1.880s] DEBUG:colcon.colcon_core.shell:Skip shell extension 'dsv' for command environment
[2.463s] INFO:colcon.colcon_core.task.python.build:Building Python package in '/home/ubuntuhost/example_ws/src/turtlebot_goal_receiver'
[2.465s] INFO:colcon.colcon_core.shell:Skip shell extension 'powershell' for command environment: Not usable outside of PowerShell
[2.465s] DEBUG:colcon.colcon_core.shell:Skip shell extension 'dsv' for command environment
[3.072s] INFO:colcon.colcon_core.task.python.build:Building Python package in '/home/ubuntuhost/example_ws/src/unity_slam_example'
[3.077s] INFO:colcon.colcon_core.shell:Skip shell extension 'powershell' for command environment: Not usable outside of PowerShell
[3.077s] DEBUG:colcon.colcon_core.shell:Skip shell extension 'dsv' for command environment
[5.492s] DEBUG:colcon.colcon_core.event_handler.log_command:Invoking command in '/home/ubuntuhost/example_ws/src/ROS-TCP-Endpoint': PYTHONPATH=/home/ubuntuhost/example_ws/build/ros_tcp_endpoint/prefix_override:/home/ubuntuhost/example_ws/install/ros_tcp_endpoint/lib/python3.8/site-packages:${PYTHONPATH} /usr/bin/python3 -W ignore:setup.py install is deprecated setup.py egg_info --egg-base ../../build/ros_tcp_endpoint build --build-base /home/ubuntuhost/example_ws/build/ros_tcp_endpoint/build install --record /home/ubuntuhost/example_ws/build/ros_tcp_endpoint/install.log --install-scripts $base/lib/ros_tcp_endpoint --single-version-externally-managed install_data
[5.550s] DEBUG:colcon.colcon_core.event_handler.log_command:Invoking command in '/home/ubuntuhost/example_ws/src/turtlebot_goal_receiver': PYTHONPATH=/home/ubuntuhost/example_ws/build/turtlebot_goal_receiver/prefix_override:/home/ubuntuhost/example_ws/install/turtlebot_goal_receiver/lib/python3.8/site-packages:${PYTHONPATH} /usr/bin/python3 -W ignore:setup.py install is deprecated setup.py egg_info --egg-base ../../build/turtlebot_goal_receiver build --build-base /home/ubuntuhost/example_ws/build/turtlebot_goal_receiver/build install --record /home/ubuntuhost/example_ws/build/turtlebot_goal_receiver/install.log --install-scripts $base/lib/turtlebot_goal_receiver --single-version-externally-managed install_data
[5.593s] DEBUG:colcon.colcon_core.event_handler.log_command:Invoking command in '/home/ubuntuhost/example_ws/src/unity_slam_example': PYTHONPATH=/home/ubuntuhost/example_ws/build/unity_slam_example/prefix_override:/home/ubuntuhost/example_ws/install/unity_slam_example/lib/python3.8/site-packages:${PYTHONPATH} /usr/bin/python3 -W ignore:setup.py install is deprecated setup.py egg_info --egg-base ../../build/unity_slam_example build --build-base /home/ubuntuhost/example_ws/build/unity_slam_example/build install --record /home/ubuntuhost/example_ws/build/unity_slam_example/install.log --install-scripts $base/lib/unity_slam_example --single-version-externally-managed install_data
[7.184s] DEBUG:colcon.colcon_core.event_handler.log_command:Invoked command in '/home/ubuntuhost/example_ws/src/unity_slam_example' returned '0': PYTHONPATH=/home/ubuntuhost/example_ws/build/unity_slam_example/prefix_override:/home/ubuntuhost/example_ws/install/unity_slam_example/lib/python3.8/site-packages:${PYTHONPATH} /usr/bin/python3 -W ignore:setup.py install is deprecated setup.py egg_info --egg-base ../../build/unity_slam_example build --build-base /home/ubuntuhost/example_ws/build/unity_slam_example/build install --record /home/ubuntuhost/example_ws/build/unity_slam_example/install.log --install-scripts $base/lib/unity_slam_example --single-version-externally-managed install_data
[7.198s] Level 1:colcon.colcon_core.environment:checking '/home/ubuntuhost/example_ws/install/unity_slam_example' for CMake module files
[7.201s] Level 1:colcon.colcon_core.environment:checking '/home/ubuntuhost/example_ws/install/unity_slam_example' for CMake config files
[7.211s] Level 1:colcon.colcon_core.environment:checking '/home/ubuntuhost/example_ws/install/unity_slam_example/lib'
[7.212s] Level 1:colcon.colcon_core.environment:checking '/home/ubuntuhost/example_ws/install/unity_slam_example/bin'
[7.213s] Level 1:colcon.colcon_core.environment:checking '/home/ubuntuhost/example_ws/install/unity_slam_example/lib/pkgconfig/unity_slam_example.pc'
[7.215s] Level 1:colcon.colcon_core.environment:checking '/home/ubuntuhost/example_ws/install/unity_slam_example/lib/python3.8/site-packages'
[7.216s] Level 1:colcon.colcon_core.shell:create_environment_hook('unity_slam_example', 'pythonpath')
[7.217s] INFO:colcon.colcon_core.shell:Creating environment hook '/home/ubuntuhost/example_ws/install/unity_slam_example/share/unity_slam_example/hook/pythonpath.ps1'
[7.222s] INFO:colcon.colcon_core.shell:Creating environment descriptor '/home/ubuntuhost/example_ws/install/unity_slam_example/share/unity_slam_example/hook/pythonpath.dsv'
[7.228s] INFO:colcon.colcon_core.shell:Creating environment hook '/home/ubuntuhost/example_ws/install/unity_slam_example/share/unity_slam_example/hook/pythonpath.sh'
[7.232s] Level 1:colcon.colcon_core.environment:checking '/home/ubuntuhost/example_ws/install/unity_slam_example/bin'
[7.232s] Level 1:colcon.colcon_core.environment:create_environment_scripts_only(unity_slam_example)
[7.234s] INFO:colcon.colcon_core.shell:Creating package script '/home/ubuntuhost/example_ws/install/unity_slam_example/share/unity_slam_example/package.ps1'
[7.241s] INFO:colcon.colcon_core.shell:Creating package descriptor '/home/ubuntuhost/example_ws/install/unity_slam_example/share/unity_slam_example/package.dsv'
[7.245s] INFO:colcon.colcon_core.shell:Creating package script '/home/ubuntuhost/example_ws/install/unity_slam_example/share/unity_slam_example/package.sh'
[7.252s] INFO:colcon.colcon_core.shell:Creating package script '/home/ubuntuhost/example_ws/install/unity_slam_example/share/unity_slam_example/package.bash'
[7.257s] INFO:colcon.colcon_core.shell:Creating package script '/home/ubuntuhost/example_ws/install/unity_slam_example/share/unity_slam_example/package.zsh'
[7.264s] Level 1:colcon.colcon_core.environment:create_file_with_runtime_dependencies(/home/ubuntuhost/example_ws/install/unity_slam_example/share/colcon-core/packages/unity_slam_example)
[7.328s] Level 1:colcon.colcon_core.environment:checking '/home/ubuntuhost/example_ws/install/turtlebot_goal_receiver' for CMake module files
[7.332s] DEBUG:colcon.colcon_core.event_handler.log_command:Invoked command in '/home/ubuntuhost/example_ws/src/turtlebot_goal_receiver' returned '0': PYTHONPATH=/home/ubuntuhost/example_ws/build/turtlebot_goal_receiver/prefix_override:/home/ubuntuhost/example_ws/install/turtlebot_goal_receiver/lib/python3.8/site-packages:${PYTHONPATH} /usr/bin/python3 -W ignore:setup.py install is deprecated setup.py egg_info --egg-base ../../build/turtlebot_goal_receiver build --build-base /home/ubuntuhost/example_ws/build/turtlebot_goal_receiver/build install --record /home/ubuntuhost/example_ws/build/turtlebot_goal_receiver/install.log --install-scripts $base/lib/turtlebot_goal_receiver --single-version-externally-managed install_data
[7.334s] Level 1:colcon.colcon_core.environment:checking '/home/ubuntuhost/example_ws/install/turtlebot_goal_receiver' for CMake config files
[7.339s] Level 1:colcon.colcon_core.environment:checking '/home/ubuntuhost/example_ws/install/turtlebot_goal_receiver/lib'
[7.339s] Level 1:colcon.colcon_core.environment:checking '/home/ubuntuhost/example_ws/install/turtlebot_goal_receiver/bin'
[7.340s] Level 1:colcon.colcon_core.environment:checking '/home/ubuntuhost/example_ws/install/turtlebot_goal_receiver/lib/pkgconfig/turtlebot_goal_receiver.pc'
[7.341s] Level 1:colcon.colcon_core.environment:checking '/home/ubuntuhost/example_ws/install/turtlebot_goal_receiver/lib/python3.8/site-packages'
[7.341s] Level 1:colcon.colcon_core.shell:create_environment_hook('turtlebot_goal_receiver', 'pythonpath')
[7.343s] INFO:colcon.colcon_core.shell:Creating environment hook '/home/ubuntuhost/example_ws/install/turtlebot_goal_receiver/share/turtlebot_goal_receiver/hook/pythonpath.ps1'
[7.345s] INFO:colcon.colcon_core.shell:Creating environment descriptor '/home/ubuntuhost/example_ws/install/turtlebot_goal_receiver/share/turtlebot_goal_receiver/hook/pythonpath.dsv'
[7.346s] INFO:colcon.colcon_core.shell:Creating environment hook '/home/ubuntuhost/example_ws/install/turtlebot_goal_receiver/share/turtlebot_goal_receiver/hook/pythonpath.sh'
[7.349s] Level 1:colcon.colcon_core.environment:checking '/home/ubuntuhost/example_ws/install/turtlebot_goal_receiver/bin'
[7.349s] Level 1:colcon.colcon_core.environment:create_environment_scripts_only(turtlebot_goal_receiver)
[7.351s] INFO:colcon.colcon_core.shell:Creating package script '/home/ubuntuhost/example_ws/install/turtlebot_goal_receiver/share/turtlebot_goal_receiver/package.ps1'
[7.353s] INFO:colcon.colcon_core.shell:Creating package descriptor '/home/ubuntuhost/example_ws/install/turtlebot_goal_receiver/share/turtlebot_goal_receiver/package.dsv'
[7.355s] INFO:colcon.colcon_core.shell:Creating package script '/home/ubuntuhost/example_ws/install/turtlebot_goal_receiver/share/turtlebot_goal_receiver/package.sh'
[7.358s] INFO:colcon.colcon_core.shell:Creating package script '/home/ubuntuhost/example_ws/install/turtlebot_goal_receiver/share/turtlebot_goal_receiver/package.bash'
[7.360s] INFO:colcon.colcon_core.shell:Creating package script '/home/ubuntuhost/example_ws/install/turtlebot_goal_receiver/share/turtlebot_goal_receiver/package.zsh'
[7.362s] Level 1:colcon.colcon_core.environment:create_file_with_runtime_dependencies(/home/ubuntuhost/example_ws/install/turtlebot_goal_receiver/share/colcon-core/packages/turtlebot_goal_receiver)
[7.370s] Level 1:colcon.colcon_core.environment:checking '/home/ubuntuhost/example_ws/install/ros_tcp_endpoint' for CMake module files
[7.372s] DEBUG:colcon.colcon_core.event_handler.log_command:Invoked command in '/home/ubuntuhost/example_ws/src/ROS-TCP-Endpoint' returned '0': PYTHONPATH=/home/ubuntuhost/example_ws/build/ros_tcp_endpoint/prefix_override:/home/ubuntuhost/example_ws/install/ros_tcp_endpoint/lib/python3.8/site-packages:${PYTHONPATH} /usr/bin/python3 -W ignore:setup.py install is deprecated setup.py egg_info --egg-base ../../build/ros_tcp_endpoint build --build-base /home/ubuntuhost/example_ws/build/ros_tcp_endpoint/build install --record /home/ubuntuhost/example_ws/build/ros_tcp_endpoint/install.log --install-scripts $base/lib/ros_tcp_endpoint --single-version-externally-managed install_data
[7.377s] Level 1:colcon.colcon_core.environment:checking '/home/ubuntuhost/example_ws/install/ros_tcp_endpoint' for CMake config files
[7.401s] Level 1:colcon.colcon_core.environment:checking '/home/ubuntuhost/example_ws/install/ros_tcp_endpoint/lib'
[7.401s] Level 1:colcon.colcon_core.environment:checking '/home/ubuntuhost/example_ws/install/ros_tcp_endpoint/bin'
[7.401s] Level 1:colcon.colcon_core.environment:checking '/home/ubuntuhost/example_ws/install/ros_tcp_endpoint/lib/pkgconfig/ros_tcp_endpoint.pc'
[7.402s] Level 1:colcon.colcon_core.environment:checking '/home/ubuntuhost/example_ws/install/ros_tcp_endpoint/lib/python3.8/site-packages'
[7.402s] Level 1:colcon.colcon_core.shell:create_environment_hook('ros_tcp_endpoint', 'pythonpath')
[7.403s] INFO:colcon.colcon_core.shell:Creating environment hook '/home/ubuntuhost/example_ws/install/ros_tcp_endpoint/share/ros_tcp_endpoint/hook/pythonpath.ps1'
[7.406s] INFO:colcon.colcon_core.shell:Creating environment descriptor '/home/ubuntuhost/example_ws/install/ros_tcp_endpoint/share/ros_tcp_endpoint/hook/pythonpath.dsv'
[7.408s] INFO:colcon.colcon_core.shell:Creating environment hook '/home/ubuntuhost/example_ws/install/ros_tcp_endpoint/share/ros_tcp_endpoint/hook/pythonpath.sh'
[7.413s] Level 1:colcon.colcon_core.environment:checking '/home/ubuntuhost/example_ws/install/ros_tcp_endpoint/bin'
[7.413s] Level 1:colcon.colcon_core.environment:create_environment_scripts_only(ros_tcp_endpoint)
[7.416s] INFO:colcon.colcon_core.shell:Creating package script '/home/ubuntuhost/example_ws/install/ros_tcp_endpoint/share/ros_tcp_endpoint/package.ps1'
[7.419s] INFO:colcon.colcon_core.shell:Creating package descriptor '/home/ubuntuhost/example_ws/install/ros_tcp_endpoint/share/ros_tcp_endpoint/package.dsv'
[7.422s] INFO:colcon.colcon_core.shell:Creating package script '/home/ubuntuhost/example_ws/install/ros_tcp_endpoint/share/ros_tcp_endpoint/package.sh'
[7.425s] INFO:colcon.colcon_core.shell:Creating package script '/home/ubuntuhost/example_ws/install/ros_tcp_endpoint/share/ros_tcp_endpoint/package.bash'
[7.428s] INFO:colcon.colcon_core.shell:Creating package script '/home/ubuntuhost/example_ws/install/ros_tcp_endpoint/share/ros_tcp_endpoint/package.zsh'
[7.431s] Level 1:colcon.colcon_core.environment:create_file_with_runtime_dependencies(/home/ubuntuhost/example_ws/install/ros_tcp_endpoint/share/colcon-core/packages/ros_tcp_endpoint)
[7.433s] DEBUG:colcon.colcon_parallel_executor.executor.parallel:closing loop
[7.434s] DEBUG:colcon.colcon_parallel_executor.executor.parallel:loop closed
[7.434s] DEBUG:colcon.colcon_parallel_executor.executor.parallel:run_until_complete finished with '0'
[7.434s] DEBUG:colcon.colcon_core.event_reactor:joining thread
[7.477s] INFO:colcon.colcon_core.plugin_system:Skipping extension 'colcon_notification.desktop_notification.terminal_notifier': Not used on non-Darwin systems
[7.479s] INFO:colcon.colcon_core.plugin_system:Skipping extension 'colcon_notification.desktop_notification.win32': Not used on non-Windows systems
[7.479s] INFO:colcon.colcon_notification.desktop_notification:Sending desktop notification using 'notify2'
[7.569s] DEBUG:colcon.colcon_core.event_reactor:joined thread
[7.572s] INFO:colcon.colcon_core.shell:Creating prefix script '/home/ubuntuhost/example_ws/install/local_setup.ps1'
[7.580s] INFO:colcon.colcon_core.shell:Creating prefix util module '/home/ubuntuhost/example_ws/install/_local_setup_util_ps1.py'
[7.587s] INFO:colcon.colcon_core.shell:Creating prefix chain script '/home/ubuntuhost/example_ws/install/setup.ps1'
[7.595s] INFO:colcon.colcon_core.shell:Creating prefix script '/home/ubuntuhost/example_ws/install/local_setup.sh'
[7.599s] INFO:colcon.colcon_core.shell:Creating prefix util module '/home/ubuntuhost/example_ws/install/_local_setup_util_sh.py'
[7.603s] INFO:colcon.colcon_core.shell:Creating prefix chain script '/home/ubuntuhost/example_ws/install/setup.sh'
[7.613s] INFO:colcon.colcon_core.shell:Creating prefix script '/home/ubuntuhost/example_ws/install/local_setup.bash'
[7.617s] INFO:colcon.colcon_core.shell:Creating prefix chain script '/home/ubuntuhost/example_ws/install/setup.bash'
[7.625s] INFO:colcon.colcon_core.shell:Creating prefix script '/home/ubuntuhost/example_ws/install/local_setup.zsh'
[7.629s] INFO:colcon.colcon_core.shell:Creating prefix chain script '/home/ubuntuhost/example_ws/install/setup.zsh'
